Archive member included to satisfy reference by file (symbol)

C:/Users/txzing/Desktop/test_for_2cg/golden/vitis/sdk_workspace/system_wrapper/export/system_wrapper/sw/system_wrapper/standalone_domain/bsplib/lib\libxil.a(xqspipsu.o)
                              ./src/qspi_flash/qspi_flash_zynqmp.o (XQspiPsu_CfgInitialize)
C:/Users/txzing/Desktop/test_for_2cg/golden/vitis/sdk_workspace/system_wrapper/export/system_wrapper/sw/system_wrapper/standalone_domain/bsplib/lib\libxil.a(xqspipsu_hw.o)
                              C:/Users/txzing/Desktop/test_for_2cg/golden/vitis/sdk_workspace/system_wrapper/export/system_wrapper/sw/system_wrapper/standalone_domain/bsplib/lib\libxil.a(xqspipsu.o) (XQspiPsu_FillTxFifo)
C:/Users/txzing/Desktop/test_for_2cg/golden/vitis/sdk_workspace/system_wrapper/export/system_wrapper/sw/system_wrapper/standalone_domain/bsplib/lib\libxil.a(xqspipsu_sinit.o)
                              ./src/qspi_flash/qspi_flash_zynqmp.o (XQspiPsu_LookupConfig)
C:/Users/txzing/Desktop/test_for_2cg/golden/vitis/sdk_workspace/system_wrapper/export/system_wrapper/sw/system_wrapper/standalone_domain/bsplib/lib\libxil.a(xqspipsu_control.o)
                              C:/Users/txzing/Desktop/test_for_2cg/golden/vitis/sdk_workspace/system_wrapper/export/system_wrapper/sw/system_wrapper/standalone_domain/bsplib/lib\libxil.a(xqspipsu.o) (XQspiPsu_GenFifoEntryData)
C:/Users/txzing/Desktop/test_for_2cg/golden/vitis/sdk_workspace/system_wrapper/export/system_wrapper/sw/system_wrapper/standalone_domain/bsplib/lib\libxil.a(xqspipsu_g.o)
                              C:/Users/txzing/Desktop/test_for_2cg/golden/vitis/sdk_workspace/system_wrapper/export/system_wrapper/sw/system_wrapper/standalone_domain/bsplib/lib\libxil.a(xqspipsu_sinit.o) (XQspiPsu_ConfigTable)
C:/Users/txzing/Desktop/test_for_2cg/golden/vitis/sdk_workspace/system_wrapper/export/system_wrapper/sw/system_wrapper/standalone_domain/bsplib/lib\libxil.a(xqspipsu_options.o)
                              ./src/qspi_flash/qspi_flash_zynqmp.o (XQspiPsu_SetOptions)
C:/Users/txzing/Desktop/test_for_2cg/golden/vitis/sdk_workspace/system_wrapper/export/system_wrapper/sw/system_wrapper/standalone_domain/bsplib/lib\libxil.a(xscugic_hw.o)
                              ./src/platform_zynqmp.o (XScuGic_DeviceInterruptHandler)
C:/Users/txzing/Desktop/test_for_2cg/golden/vitis/sdk_workspace/system_wrapper/export/system_wrapper/sw/system_wrapper/standalone_domain/bsplib/lib\libxil.a(xscugic_g.o)
                              C:/Users/txzing/Desktop/test_for_2cg/golden/vitis/sdk_workspace/system_wrapper/export/system_wrapper/sw/system_wrapper/standalone_domain/bsplib/lib\libxil.a(xscugic_hw.o) (XScuGic_ConfigTable)
C:/Users/txzing/Desktop/test_for_2cg/golden/vitis/sdk_workspace/system_wrapper/export/system_wrapper/sw/system_wrapper/standalone_domain/bsplib/lib\libxil.a(xscugic.o)
                              ./src/platform_zynqmp.o (XScuGic_Connect)
C:/Users/txzing/Desktop/test_for_2cg/golden/vitis/sdk_workspace/system_wrapper/export/system_wrapper/sw/system_wrapper/standalone_domain/bsplib/lib\libxil.a(xscugic_sinit.o)
                              ./src/platform_zynqmp.o (XScuGic_LookupConfig)
C:/Users/txzing/Desktop/test_for_2cg/golden/vitis/sdk_workspace/system_wrapper/export/system_wrapper/sw/system_wrapper/standalone_domain/bsplib/lib\libxil.a(xil_exception.o)
                              ./src/platform_zynqmp.o (Xil_ExceptionInit)
C:/Users/txzing/Desktop/test_for_2cg/golden/vitis/sdk_workspace/system_wrapper/export/system_wrapper/sw/system_wrapper/standalone_domain/bsplib/lib\libxil.a(xil_assert.o)
                              C:/Users/txzing/Desktop/test_for_2cg/golden/vitis/sdk_workspace/system_wrapper/export/system_wrapper/sw/system_wrapper/standalone_domain/bsplib/lib\libxil.a(xqspipsu.o) (Xil_Assert)
C:/Users/txzing/Desktop/test_for_2cg/golden/vitis/sdk_workspace/system_wrapper/export/system_wrapper/sw/system_wrapper/standalone_domain/bsplib/lib\libxil.a(print.o)
                              ./src/lwip_servers/lwip_common.o (print)
C:/Users/txzing/Desktop/test_for_2cg/golden/vitis/sdk_workspace/system_wrapper/export/system_wrapper/sw/system_wrapper/standalone_domain/bsplib/lib\libxil.a(xil_cache.o)
                              ./src/platform_zynqmp.o (Xil_DCacheDisable)
C:/Users/txzing/Desktop/test_for_2cg/golden/vitis/sdk_workspace/system_wrapper/export/system_wrapper/sw/system_wrapper/standalone_domain/bsplib/lib\libxil.a(xil_sleepcommon.o)
                              ./src/hot_reset/hot_reset.o (usleep)
C:/Users/txzing/Desktop/test_for_2cg/golden/vitis/sdk_workspace/system_wrapper/export/system_wrapper/sw/system_wrapper/standalone_domain/bsplib/lib\libxil.a(outbyte.o)
                              C:/Users/txzing/Desktop/test_for_2cg/golden/vitis/sdk_workspace/system_wrapper/export/system_wrapper/sw/system_wrapper/standalone_domain/bsplib/lib\libxil.a(print.o) (outbyte)
[...]
Memory Configuration

Name             Origin             Length             Attributes
psu_ddr_0_MEM_0  0x0000000000000000 0x000000007ff00000
psu_ocm_ram_0_MEM_0 0x00000000fffc0000 0x0000000000040000
psu_qspi_linear_0_MEM_0 0x00000000c0000000 0x0000000020000000
*default*        0x0000000000000000 0xffffffffffffffff

Linker script and memory map

LOAD D:/Vivado/Vitis/2020.1/gnu/aarch64/nt/aarch64-none/bin//../aarch64-xilinx-elf/usr/lib64/aarch64-xilinx-elf/9.2.0/crti.o
LOAD D:/Vivado/Vitis/2020.1/gnu/aarch64/nt/aarch64-none/bin//../aarch64-xilinx-elf/usr/lib64/aarch64-xilinx-elf/9.2.0/crtbegin.o
LOAD D:/Vivado/Vitis/2020.1/gnu/aarch64/nt/aarch64-none/bin//../aarch64-xilinx-elf/usr/lib64/crt0.o
                0x000000000000a000                _STACK_SIZE = DEFINED (_STACK_SIZE)?_STACK_SIZE:0xa000
                0x000000000000a000                _HEAP_SIZE = DEFINED (_HEAP_SIZE)?_HEAP_SIZE:0xa000
                0x0000000000000400                _EL0_STACK_SIZE = DEFINED (_EL0_STACK_SIZE)?_EL0_STACK_SIZE:0x400
                0x0000000000000800                _EL1_STACK_SIZE = DEFINED (_EL1_STACK_SIZE)?_EL1_STACK_SIZE:0x800
                0x0000000000000400                _EL2_STACK_SIZE = DEFINED (_EL2_STACK_SIZE)?_EL2_STACK_SIZE:0x400

.text           0x0000000000000000    0x2c804
 *(.vectors)
 .vectors       0x0000000000000000      0x938 C:/Users/txzing/Desktop/test_for_2cg/golden/vitis/sdk_workspace/system_wrapper/export/system_wrapper/sw/system_wrapper/standalone_domain/bsplib/lib\libxil.a(asm_vectors.o)
                0x0000000000000000                _vector_table
                0x0000000000000918                FPUStatus
 *(.boot)
 .boot          0x0000000000000938      0x258 C:/Users/txzing/Desktop/test_for_2cg/golden/vitis/sdk_workspace/system_wrapper/export/system_wrapper/sw/system_wrapper/standalone_domain/bsplib/lib\libxil.a(boot.o)
                0x0000000000000938                _prestart
                0x0000000000000938                _boot
 *(.text)
 .text          0x0000000000000b90        0x0 D:/Vivado/Vitis/2020.1/gnu/aarch64/nt/aarch64-none/bin//../aarch64-xilinx-elf/usr/lib64/aarch64-xilinx-elf/9.2.0/crti.o
 .text          0x0000000000000b90       0xf4 D:/Vivado/Vitis/2020.1/gnu/aarch64/nt/aarch64-none/bin//../aarch64-xilinx-elf/usr/lib64/aarch64-xilinx-elf/9.2.0/crtbegin.o
 *fill*         0x0000000000000c84        0x4 
 .text          0x0000000000000c88       0x70 D:/Vivado/Vitis/2020.1/gnu/aarch64/nt/aarch64-none/bin//../aarch64-xilinx-elf/usr/lib64/crt0.o
                0x0000000000000c88                _start
                0x0000000000000c88                _mainCRTStartup
                0x0000000000000cd4                _cpu_init_hook
 .text          0x0000000000000cf8      0x578 ./src/version/version.o
                0x00000000000011e8                GetSoftWareVersion
 .text          0x0000000000001270        0x0 ./src/qspi_flash/qspi_flash_mb.o
 .text          0x0000000000001270        0x0 ./src/qspi_flash/qspi_flash_zynq.o
 .text          0x0000000000001270     0x2d04 ./src/qspi_flash/qspi_flash_zynqmp.o
                0x0000000000001270                show_flash_info
                0x0000000000001378                qspi_init
                0x0000000000001620                qspi_update
                0x0000000000001ca4                FlashReadID
                0x0000000000002324                FlashWrite
                0x0000000000002710                FlashErase
                0x0000000000002ddc                FlashRead
                0x0000000000003248                BulkErase
                0x00000000000034f8                DieErase
                0x0000000000003810                GetRealAddr
                0x0000000000003930                FlashEnterExit4BAddMode
                0x0000000000003db4                print_percent
 .text          0x0000000000003f74     0x1d34 ./src/md5_b/md5_b.o
                0x0000000000003f74                MD5Init
                0x0000000000003fd8                MD5Update
                0x0000000000004174                MD5Final
                0x0000000000004228                MD5Encode
                0x0000000000004340                MD5Decode
                0x0000000000004420                MD5Transform
                0x0000000000005ab0                md5_test
                0x0000000000005bbc                md5_sum
 .text          0x0000000000005ca8      0x558 ./src/lwip_servers/lwip_common.o
                0x0000000000005ca8                print_ip
                0x0000000000005d14                print_ip_settings
                0x0000000000005d64                assign_default_ip
                0x0000000000005e28                print_headers
                0x0000000000005e9c                start_applications
                0x0000000000005ee8                transfer_data
                0x0000000000005f84                lwip_common_init
                0x0000000000006058                send_msg
                0x0000000000006080                process_print
 .text          0x0000000000006200     0x1348 ./src/lwip_servers/tcp_cmd.o
                0x0000000000006244                print_tcp_cmd_header
                0x000000000000746c                start_tcp_cmd_application
                0x0000000000007540                transfer_tcp_cmd_data
 .text          0x0000000000007548      0xc18 ./src/lwip_servers/tcp_update.o
                0x0000000000007548                print_tcp_update_header
                0x0000000000007574                tcp_update_svr_send_msg
                0x000000000000768c                tcp_update_process_print
                0x0000000000007f88                start_tcp_update_application
                0x000000000000805c                transfer_tcp_update_data
 .text          0x0000000000008160     0x11a8 ./src/lwip_servers/udp_cmd.o
                0x00000000000081a4                print_udp_cmd_header
                0x0000000000008244                udp_cmd_recv_callback
                0x0000000000009264                start_udp_cmd_application
                0x0000000000009300                transfer_udp_cmd_data
 .text          0x0000000000009308      0x8ac ./src/lwip_servers/udp_update.o
                0x0000000000009308                print_udp_update_header
                0x0000000000009334                udp_update_svr_send_msg
                0x0000000000009428                udp_update_process_print
                0x000000000000961c                udp_update_recv_callback
                0x00000000000099ec                start_udp_update_application
                0x0000000000009a88                transfer_udp_update_data
 .text          0x0000000000009bb4      0x218 ./src/hot_reset/hot_reset.o
                0x0000000000009c28                PsSoftwareReset
                0x0000000000009c5c                getResetReason
                0x0000000000009d64                pl_resetn
                0x0000000000009da0                ModifyMultiBoot
 .text          0x0000000000009dcc       0xe8 ./src/main.o
                0x0000000000009de4                main
 .text          0x0000000000009eb4      0x494 ./src/platform_zynqmp.o
                0x0000000000009ef8                enable_caches
                0x0000000000009f14                disable_caches
                0x0000000000009f30                platform_clear_interrupt
                0x0000000000009f74                timer_callback
                0x000000000000a038                platform_setup_timer
                0x000000000000a108                platform_setup_interrupts
                0x000000000000a1ec                platform_enable_interrupts
                0x000000000000a2a8                init_platform
                0x000000000000a2c4                cleanup_platform
                0x000000000000a2dc                get_time_ms
                0x000000000000a314                get_time_s
 .text          0x000000000000a348     0x1464 C:/Users/txzing/Desktop/test_for_2cg/golden/vitis/sdk_workspace/system_wrapper/export/system_wrapper/sw/system_wrapper/standalone_domain/bsplib/lib\libxil.a(xqspipsu.o)
                0x000000000000a378                XQspiPsu_Idle
                0x000000000000a418                XQspiPsu_Abort
                0x000000000000a508                XQspiPsu_Reset
                0x000000000000a560                XQspiPsu_CfgInitialize
                0x000000000000a698                XQspiPsu_PollDataHandler
                0x000000000000a838                XQspiPsu_PolledTransfer
                0x000000000000ac78                XQspiPsu_InterruptTransfer
                0x000000000000ae90                XQspiPsu_InterruptHandler
                0x000000000000b2c0                XQspiPsu_SetStatusHandler
                0x000000000000b360                XQspiPsu_WriteProtectToggle
                0x000000000000b418                XQspiPsu_StartDmaTransfer
                0x000000000000b680                XQspiPsu_CheckDmaDone
 *fill*         0x000000000000b7ac        0x4 
 .text          0x000000000000b7b0      0xd24 C:/Users/txzing/Desktop/test_for_2cg/golden/vitis/sdk_workspace/system_wrapper/export/system_wrapper/sw/system_wrapper/standalone_domain/bsplib/lib\libxil.a(xqspipsu_hw.o)
                0x000000000000b7b0                XQspiPsu_FillTxFifo
                0x000000000000b920                XQspiPsu_TXSetup
                0x000000000000b9c0                XQspiPsu_SetupRxDma
                0x000000000000bab0                XQspiPsu_Setup64BRxDma
                0x000000000000bb90                XQspiPsu_SetIOMode
                0x000000000000bc88                XQspiPsu_RXSetup
                0x000000000000bd60                XQspiPsu_TXRXSetup
                0x000000000000bef8                XQspiPsu_GenFifoEntryDataLen
                0x000000000000c040                XQspiPsu_CreatePollDataConfig
                0x000000000000c100                XQspiPsu_SelectSpiMode
                0x000000000000c170                XQspiPsu_SetDefaultConfig
                0x000000000000c220                XQspiPsu_ReadRxFifo
                0x000000000000c358                XQspiPsu_IORead
                0x000000000000c418                XQspipsu_Set_TapDelay
 *fill*         0x000000000000c4d4        0x4 
 .text          0x000000000000c4d8       0x18 C:/Users/txzing/Desktop/test_for_2cg/golden/vitis/sdk_workspace/system_wrapper/export/system_wrapper/sw/system_wrapper/standalone_domain/bsplib/lib\libxil.a(xqspipsu_sinit.o)
                0x000000000000c4d8                XQspiPsu_LookupConfig
 .text          0x000000000000c4f0      0x434 C:/Users/txzing/Desktop/test_for_2cg/golden/vitis/sdk_workspace/system_wrapper/export/system_wrapper/sw/system_wrapper/standalone_domain/bsplib/lib\libxil.a(xqspipsu_control.o)
                0x000000000000c4f0                XQspiPsu_GenFifoEntryData
                0x000000000000c648                XQspiPsu_PollDataConfig
                0x000000000000c7f0                XQspipsu_Calculate_Tapdelay
 .text          0x000000000000c924        0x0 C:/Users/txzing/Desktop/test_for_2cg/golden/vitis/sdk_workspace/system_wrapper/export/system_wrapper/sw/system_wrapper/standalone_domain/bsplib/lib\libxil.a(xqspipsu_g.o)
 *fill*         0x000000000000c924        0x4 
 .text          0x000000000000c928      0x69c C:/Users/txzing/Desktop/test_for_2cg/golden/vitis/sdk_workspace/system_wrapper/export/system_wrapper/sw/system_wrapper/standalone_domain/bsplib/lib\libxil.a(xqspipsu_options.o)
                0x000000000000c928                XQspiPsu_SetOptions
                0x000000000000caa0                XQspiPsu_ClearOptions
                0x000000000000cba0                XQspiPsu_GetOptions
                0x000000000000cc78                XQspiPsu_SetClkPrescaler
                0x000000000000cd48                XQspiPsu_SelectFlash
                0x000000000000ce40                XQspiPsu_SetReadMode
                0x000000000000cf10                XQspiPsu_SetWP
 *fill*         0x000000000000cfc4        0x4 
 .text          0x000000000000cfc8      0x4d4 C:/Users/txzing/Desktop/test_for_2cg/golden/vitis/sdk_workspace/system_wrapper/export/system_wrapper/sw/system_wrapper/standalone_domain/bsplib/lib\libxil.a(xscugic_hw.o)
                0x000000000000cfc8                XScuGic_DeviceInitialize
                0x000000000000d090                XScuGic_DeviceInterruptHandler
                0x000000000000d100                XScuGic_RegisterHandler
                0x000000000000d138                XScuGic_SetPriTrigTypeByDistAddr
                0x000000000000d228                XScuGic_GetPriTrigTypeByDistAddr
                0x000000000000d2e8                XScuGic_InterruptMapFromCpuByDistAddr
                0x000000000000d358                XScuGic_InterruptUnmapFromCpuByDistAddr
                0x000000000000d3c8                XScuGic_UnmapAllInterruptsFromCpuByDistAddr
                0x000000000000d400                XScuGic_EnableIntr
                0x000000000000d450                XScuGic_DisableIntr
 .text          0x000000000000d49c        0x0 C:/Users/txzing/Desktop/test_for_2cg/golden/vitis/sdk_workspace/system_wrapper/export/system_wrapper/sw/system_wrapper/standalone_domain/bsplib/lib\libxil.a(xscugic_g.o)
 *fill*         0x000000000000d49c        0x4 
 .text          0x000000000000d4a0      0xa94 C:/Users/txzing/Desktop/test_for_2cg/golden/vitis/sdk_workspace/system_wrapper/export/system_wrapper/sw/system_wrapper/standalone_domain/bsplib/lib\libxil.a(xscugic.o)
                0x000000000000d4e8                XScuGic_Connect
                0x000000000000d5a0                XScuGic_Disconnect
                0x000000000000d660                XScuGic_SoftwareIntr
                0x000000000000d728                XScuGic_SetPriorityTriggerType
                0x000000000000d850                XScuGic_GetPriorityTriggerType
                0x000000000000d948                XScuGic_InterruptMaptoCpu
                0x000000000000d9c0                XScuGic_Enable
                0x000000000000da90                XScuGic_InterruptUnmapFromCpu
                0x000000000000db08                XScuGic_Disable
                0x000000000000dbd8                XScuGic_UnmapAllInterruptsFromCpu
                0x000000000000dc60                XScuGic_Stop
                0x000000000000dd48                XScuGic_CfgInitialize
                0x000000000000dee0                XScuGic_SetCpuID
                0x000000000000df28                XScuGic_GetCpuID
 *fill*         0x000000000000df34        0x4 
 .text          0x000000000000df38       0x18 C:/Users/txzing/Desktop/test_for_2cg/golden/vitis/sdk_workspace/system_wrapper/export/system_wrapper/sw/system_wrapper/standalone_domain/bsplib/lib\libxil.a(xscugic_sinit.o)
                0x000000000000df38                XScuGic_LookupConfig
 .text          0x000000000000df50       0x8c C:/Users/txzing/Desktop/test_for_2cg/golden/vitis/sdk_workspace/system_wrapper/export/system_wrapper/sw/system_wrapper/standalone_domain/bsplib/lib\libxil.a(xil_exception.o)
                0x000000000000df58                Xil_SyncAbortHandler
                0x000000000000df60                Xil_SErrorAbortHandler
                0x000000000000df68                Xil_ExceptionInit
                0x000000000000df70                Xil_ExceptionRegisterHandler
                0x000000000000df90                Xil_GetExceptionRegisterHandler
                0x000000000000dfb8                Xil_ExceptionRemoveHandler
 *fill*         0x000000000000dfdc        0x4 
 .text          0x000000000000dfe0       0x54 C:/Users/txzing/Desktop/test_for_2cg/golden/vitis/sdk_workspace/system_wrapper/export/system_wrapper/sw/system_wrapper/standalone_domain/bsplib/lib\libxil.a(xil_assert.o)
                0x000000000000dfe0                Xil_Assert
                0x000000000000e020                Xil_AssertSetCallback
                0x000000000000e030                XNullHandler
 *fill*         0x000000000000e034        0x4 
 .text          0x000000000000e038       0x30 C:/Users/txzing/Desktop/test_for_2cg/golden/vitis/sdk_workspace/system_wrapper/export/system_wrapper/sw/system_wrapper/standalone_domain/bsplib/lib\libxil.a(print.o)
                0x000000000000e038                print
 .text          0x000000000000e068      0x534 C:/Users/txzing/Desktop/test_for_2cg/golden/vitis/sdk_workspace/system_wrapper/export/system_wrapper/sw/system_wrapper/standalone_domain/bsplib/lib\libxil.a(xil_cache.o)
                0x000000000000e068                Xil_DCacheDisable
                0x000000000000e188                Xil_DCacheInvalidate
                0x000000000000e290                Xil_DCacheEnable
                0x000000000000e2b8                Xil_DCacheInvalidateLine
                0x000000000000e2f0                Xil_DCacheInvalidateRange
                0x000000000000e330                Xil_DCacheFlush
                0x000000000000e438                Xil_DCacheFlushLine
                0x000000000000e470                Xil_ICacheEnable
                0x000000000000e4a8                Xil_ICacheDisable
                0x000000000000e4e0                Xil_ICacheInvalidate
                0x000000000000e508                Xil_ICacheInvalidateLine
                0x000000000000e530                Xil_ICacheInvalidateRange
                0x000000000000e580                Xil_ConfigureL1Prefetch
 *fill*         0x000000000000e59c        0x4 
 .text          0x000000000000e5a0        0xc C:/Users/txzing/Desktop/test_for_2cg/golden/vitis/sdk_workspace/system_wrapper/export/system_wrapper/sw/system_wrapper/standalone_domain/bsplib/lib\libxil.a(xil_sleepcommon.o)
                0x000000000000e5a0                sleep
                0x000000000000e5a8                usleep
 *fill*         0x000000000000e5ac        0x4 
 .text          0x000000000000e5b0        0xc C:/Users/txzing/Desktop/test_for_2cg/golden/vitis/sdk_workspace/system_wrapper/export/system_wrapper/sw/system_wrapper/standalone_domain/bsplib/lib\libxil.a(outbyte.o)
                0x000000000000e5b0                outbyte
 *fill*         0x000000000000e5bc        0x4 
 .text          0x000000000000e5c0       0x6c C:/Users/txzing/Desktop/test_for_2cg/golden/vitis/sdk_workspace/system_wrapper/export/system_wrapper/sw/system_wrapper/standalone_domain/bsplib/lib\libxil.a(xtime_l.o)
                0x000000000000e5c0                XTime_StartTimer
                0x000000000000e5f0                XTime_SetTime
                0x000000000000e5f8                XTime_GetTime
 *fill*         0x000000000000e62c        0x4 
 .text          0x000000000000e630       0x60 C:/Users/txzing/Desktop/test_for_2cg/golden/vitis/sdk_workspace/system_wrapper/export/system_wrapper/sw/system_wrapper/standalone_domain/bsplib/lib\libxil.a(xil_mem.o)
                0x000000000000e630                Xil_MemCpy
 .text          0x000000000000e690      0x800 C:/Users/txzing/Desktop/test_for_2cg/golden/vitis/sdk_workspace/system_wrapper/export/system_wrapper/sw/system_wrapper/standalone_domain/bsplib/lib\libxil.a(xil_printf.o)
                0x000000000000e968                xil_printf
 .text          0x000000000000ee90        0x0 C:/Users/txzing/Desktop/test_for_2cg/golden/vitis/sdk_workspace/system_wrapper/export/system_wrapper/sw/system_wrapper/standalone_domain/bsplib/lib\libxil.a(asm_vectors.o)
 .text          0x000000000000ee90      0x5cc C:/Users/txzing/Desktop/test_for_2cg/golden/vitis/sdk_workspace/system_wrapper/export/system_wrapper/sw/system_wrapper/standalone_domain/bsplib/lib\libxil.a(xttcps.o)
                0x000000000000eec0                XTtcPs_CfgInitialize
                0x000000000000eff0                XTtcPs_SetMatchValue
                0x000000000000f098                XTtcPs_GetMatchValue
                0x000000000000f148                XTtcPs_SetPrescaler
                0x000000000000f1f8                XTtcPs_GetPrescaler
                0x000000000000f290                XTtcPs_CalcIntervalFromFreq
                0x000000000000f378                XTtcPs_InterruptHandler
                0x000000000000f3d0                XTtcPs_SetStatusHandler
 *fill*         0x000000000000f45c        0x4 
 .text          0x000000000000f460       0x48 C:/Users/txzing/Desktop/test_for_2cg/golden/vitis/sdk_workspace/system_wrapper/export/system_wrapper/sw/system_wrapper/standalone_domain/bsplib/lib\libxil.a(xttcps_sinit.o)
                0x000000000000f460                XTtcPs_LookupConfig
 .text          0x000000000000f4a8        0x0 C:/Users/txzing/Desktop/test_for_2cg/golden/vitis/sdk_workspace/system_wrapper/export/system_wrapper/sw/system_wrapper/standalone_domain/bsplib/lib\libxil.a(xttcps_g.o)
 .text          0x000000000000f4a8      0x1d8 C:/Users/txzing/Desktop/test_for_2cg/golden/vitis/sdk_workspace/system_wrapper/export/system_wrapper/sw/system_wrapper/standalone_domain/bsplib/lib\libxil.a(xttcps_options.o)
                0x000000000000f4a8                XTtcPs_SetOptions
                0x000000000000f5b8                XTtcPs_GetOptions
 .text          0x000000000000f680       0xb0 C:/Users/txzing/Desktop/test_for_2cg/golden/vitis/sdk_workspace/system_wrapper/export/system_wrapper/sw/system_wrapper/standalone_domain/bsplib/lib\libxil.a(xuartps_hw.o)
                0x000000000000f680                XUartPs_SendByte
                0x000000000000f6a0                XUartPs_RecvByte
                0x000000000000f6c0                XUartPs_ResetHw
 .text          0x000000000000f730       0x8c C:/Users/txzing/Desktop/test_for_2cg/golden/vitis/sdk_workspace/system_wrapper/export/system_wrapper/sw/system_wrapper/standalone_domain/bsplib/lib\libxil.a(sleep.o)
                0x000000000000f730                usleep_A53
                0x000000000000f778                sleep_A53
 *fill*         0x000000000000f7bc        0x4 
 .text          0x000000000000f7c0       0x5c C:/Users/txzing/Desktop/test_for_2cg/golden/vitis/sdk_workspace/system_wrapper/export/system_wrapper/sw/system_wrapper/standalone_domain/bsplib/lib\libxil.a(vectors.o)
                0x000000000000f7c0                FIQInterrupt
                0x000000000000f7d8                IRQInterrupt
                0x000000000000f7f0                SynchronousInterrupt
                0x000000000000f808                SErrorInterrupt
 .text          0x000000000000f81c        0x0 C:/Users/txzing/Desktop/test_for_2cg/golden/vitis/sdk_workspace/system_wrapper/export/system_wrapper/sw/system_wrapper/standalone_domain/bsplib/lib\libxil.a(boot.o)
 *fill*         0x000000000000f81c        0x4 
 .text          0x000000000000f820       0x98 C:/Users/txzing/Desktop/test_for_2cg/golden/vitis/sdk_workspace/system_wrapper/export/system_wrapper/sw/system_wrapper/standalone_domain/bsplib/lib\libxil.a(xil-crt0.o)
                0x000000000000f840                _startup
 .text          0x000000000000f8b8        0x0 C:/Users/txzing/Desktop/test_for_2cg/golden/vitis/sdk_workspace/system_wrapper/export/system_wrapper/sw/system_wrapper/standalone_domain/bsplib/lib\libxil.a(translation_table.o)
 .text          0x000000000000f8b8       0x14 D:/Vivado/Vitis/2020.1/gnu/aarch64/nt/aarch64-none/bin//../aarch64-xilinx-elf/usr/lib64\libc.a(lib_a-atexit.o)
                0x000000000000f8b8                atexit
 .text          0x000000000000f8cc       0x38 D:/Vivado/Vitis/2020.1/gnu/aarch64/nt/aarch64-none/bin//../aarch64-xilinx-elf/usr/lib64\libc.a(lib_a-atoi.o)
                0x000000000000f8cc                atoi
                0x000000000000f8e8                _atoi_r
 .text          0x000000000000f904        0x0 D:/Vivado/Vitis/2020.1/gnu/aarch64/nt/aarch64-none/bin//../aarch64-xilinx-elf/usr/lib64\libc.a(lib_a-ctype_.o)
 .text          0x000000000000f904       0x34 D:/Vivado/Vitis/2020.1/gnu/aarch64/nt/aarch64-none/bin//../aarch64-xilinx-elf/usr/lib64\libc.a(lib_a-exit.o)
                0x000000000000f904                exit
 .text          0x000000000000f938       0x44 D:/Vivado/Vitis/2020.1/gnu/aarch64/nt/aarch64-none/bin//../aarch64-xilinx-elf/usr/lib64\libc.a(lib_a-fini.o)
                0x000000000000f938                __libc_fini_array
 .text          0x000000000000f97c        0x0 D:/Vivado/Vitis/2020.1/gnu/aarch64/nt/aarch64-none/bin//../aarch64-xilinx-elf/usr/lib64\libc.a(lib_a-impure.o)
 .text          0x000000000000f97c       0x8c D:/Vivado/Vitis/2020.1/gnu/aarch64/nt/aarch64-none/bin//../aarch64-xilinx-elf/usr/lib64\libc.a(lib_a-init.o)
                0x000000000000f97c                __libc_init_array
 .text          0x000000000000fa08       0x20 D:/Vivado/Vitis/2020.1/gnu/aarch64/nt/aarch64-none/bin//../aarch64-xilinx-elf/usr/lib64\libc.a(lib_a-malloc.o)
                0x000000000000fa08                malloc
                0x000000000000fa18                free
 .text          0x000000000000fa28      0x66c D:/Vivado/Vitis/2020.1/gnu/aarch64/nt/aarch64-none/bin//../aarch64-xilinx-elf/usr/lib64\libc.a(lib_a-mallocr.o)
                0x000000000000fa28                _malloc_r
 .text          0x0000000000010094       0x34 D:/Vivado/Vitis/2020.1/gnu/aarch64/nt/aarch64-none/bin//../aarch64-xilinx-elf/usr/lib64\libc.a(lib_a-memcmp-stub.o)
                0x0000000000010094                memcmp
 .text          0x00000000000100c8       0x20 D:/Vivado/Vitis/2020.1/gnu/aarch64/nt/aarch64-none/bin//../aarch64-xilinx-elf/usr/lib64\libc.a(lib_a-memcpy-stub.o)
                0x00000000000100c8                memcpy
 .text          0x00000000000100e8       0x1c D:/Vivado/Vitis/2020.1/gnu/aarch64/nt/aarch64-none/bin//../aarch64-xilinx-elf/usr/lib64\libc.a(lib_a-memset-stub.o)
                0x00000000000100e8                memset
 .text          0x0000000000010104        0x8 D:/Vivado/Vitis/2020.1/gnu/aarch64/nt/aarch64-none/bin//../aarch64-xilinx-elf/usr/lib64\libc.a(lib_a-mlock.o)
                0x0000000000010104                __malloc_lock
                0x0000000000010108                __malloc_unlock
 .text          0x000000000001010c      0x108 D:/Vivado/Vitis/2020.1/gnu/aarch64/nt/aarch64-none/bin//../aarch64-xilinx-elf/usr/lib64\libc.a(lib_a-printf.o)
                0x000000000001010c                _printf_r
                0x0000000000010188                printf
 .text          0x0000000000010214       0xb4 D:/Vivado/Vitis/2020.1/gnu/aarch64/nt/aarch64-none/bin//../aarch64-xilinx-elf/usr/lib64\libc.a(lib_a-puts.o)
                0x0000000000010214                _puts_r
                0x00000000000102b8                puts
 .text          0x00000000000102c8       0x40 D:/Vivado/Vitis/2020.1/gnu/aarch64/nt/aarch64-none/bin//../aarch64-xilinx-elf/usr/lib64\libc.a(lib_a-sbrkr.o)
                0x00000000000102c8                _sbrk_r
 .text          0x0000000000010308      0x144 D:/Vivado/Vitis/2020.1/gnu/aarch64/nt/aarch64-none/bin//../aarch64-xilinx-elf/usr/lib64\libc.a(lib_a-sprintf.o)
                0x0000000000010308                _sprintf_r
                0x00000000000103a4                sprintf
 .text          0x000000000001044c       0x24 D:/Vivado/Vitis/2020.1/gnu/aarch64/nt/aarch64-none/bin//../aarch64-xilinx-elf/usr/lib64\libc.a(lib_a-strcmp-stub.o)
                0x000000000001044c                strcmp
 .text          0x0000000000010470       0x1c D:/Vivado/Vitis/2020.1/gnu/aarch64/nt/aarch64-none/bin//../aarch64-xilinx-elf/usr/lib64\libc.a(lib_a-strlen-stub.o)
                0x0000000000010470                strlen
 .text          0x000000000001048c      0x19c D:/Vivado/Vitis/2020.1/gnu/aarch64/nt/aarch64-none/bin//../aarch64-xilinx-elf/usr/lib64\libc.a(lib_a-strtol.o)
                0x00000000000105f4                _strtol_r
                0x00000000000105f8                strtol_l
                0x0000000000010610                strtol
 .text          0x0000000000010628     0x2274 D:/Vivado/Vitis/2020.1/gnu/aarch64/nt/aarch64-none/bin//../aarch64-xilinx-elf/usr/lib64\libc.a(lib_a-svfprintf.o)
                0x0000000000010628                _svfprintf_r
 .text          0x000000000001289c     0x23cc D:/Vivado/Vitis/2020.1/gnu/aarch64/nt/aarch64-none/bin//../aarch64-xilinx-elf/usr/lib64\libc.a(lib_a-vfprintf.o)
                0x000000000001289c                _vfprintf_r
                0x0000000000014b68                vfprintf
 .text          0x0000000000014c68      0x124 D:/Vivado/Vitis/2020.1/gnu/aarch64/nt/aarch64-none/bin//../aarch64-xilinx-elf/usr/lib64\libc.a(lib_a-wsetup.o)
                0x0000000000014c68                __swsetup_r
 .text          0x0000000000014d8c       0x80 D:/Vivado/Vitis/2020.1/gnu/aarch64/nt/aarch64-none/bin//../aarch64-xilinx-elf/usr/lib64\libc.a(lib_a-__atexit.o)
                0x0000000000014d8c                __register_exitproc
 .text          0x0000000000014e0c       0xfc D:/Vivado/Vitis/2020.1/gnu/aarch64/nt/aarch64-none/bin//../aarch64-xilinx-elf/usr/lib64\libc.a(lib_a-__call_atexit.o)
                0x0000000000014e0c                __call_exitprocs
 .text          0x0000000000014f08      0x258 D:/Vivado/Vitis/2020.1/gnu/aarch64/nt/aarch64-none/bin//../aarch64-xilinx-elf/usr/lib64\libc.a(lib_a-fflush.o)
                0x0000000000014f08                __sflush_r
                0x00000000000150e8                _fflush_r
                0x0000000000015138                fflush
 .text          0x0000000000015160      0x284 D:/Vivado/Vitis/2020.1/gnu/aarch64/nt/aarch64-none/bin//../aarch64-xilinx-elf/usr/lib64\libc.a(lib_a-findfp.o)
                0x00000000000151e0                _cleanup_r
                0x00000000000151f4                __sfmoreglue
                0x0000000000015254                _cleanup
                0x0000000000015260                __sinit
                0x00000000000152dc                __sfp
                0x00000000000153ac                __sfp_lock_acquire
                0x00000000000153b0                __sfp_lock_release
                0x00000000000153b4                __sinit_lock_acquire
                0x00000000000153b8                __sinit_lock_release
                0x00000000000153bc                __fp_lock_all
                0x00000000000153d0                __fp_unlock_all
 .text          0x00000000000153e4      0x34c D:/Vivado/Vitis/2020.1/gnu/aarch64/nt/aarch64-none/bin//../aarch64-xilinx-elf/usr/lib64\libc.a(lib_a-freer.o)
                0x00000000000153e4                _malloc_trim_r
                0x00000000000154e4                _free_r
 .text          0x0000000000015730      0x428 D:/Vivado/Vitis/2020.1/gnu/aarch64/nt/aarch64-none/bin//../aarch64-xilinx-elf/usr/lib64\libc.a(lib_a-fvwrite.o)
                0x0000000000015730                __sfvwrite_r
 .text          0x0000000000015b58      0x100 D:/Vivado/Vitis/2020.1/gnu/aarch64/nt/aarch64-none/bin//../aarch64-xilinx-elf/usr/lib64\libc.a(lib_a-fwalk.o)
                0x0000000000015b58                _fwalk
                0x0000000000015bd4                _fwalk_reent
 .text          0x0000000000015c58     0x1cf4 D:/Vivado/Vitis/2020.1/gnu/aarch64/nt/aarch64-none/bin//../aarch64-xilinx-elf/usr/lib64\libc.a(lib_a-ldtoa.o)
                0x0000000000016d48                _ldtoa_r
                0x00000000000178fc                _ldcheck
 .text          0x000000000001794c       0x20 D:/Vivado/Vitis/2020.1/gnu/aarch64/nt/aarch64-none/bin//../aarch64-xilinx-elf/usr/lib64\libc.a(lib_a-localeconv.o)
                0x000000000001794c                __localeconv_l
                0x0000000000017954                _localeconv_r
                0x0000000000017960                localeconv
 .text          0x000000000001796c       0x8c D:/Vivado/Vitis/2020.1/gnu/aarch64/nt/aarch64-none/bin//../aarch64-xilinx-elf/usr/lib64\libc.a(lib_a-locale.o)
                0x000000000001796c                _setlocale_r
                0x00000000000179d8                __locale_mb_cur_max
                0x00000000000179e4                setlocale
 .text          0x00000000000179f8      0x160 D:/Vivado/Vitis/2020.1/gnu/aarch64/nt/aarch64-none/bin//../aarch64-xilinx-elf/usr/lib64\libc.a(lib_a-makebuf.o)
                0x00000000000179f8                __swhatbuf_r
                0x0000000000017a7c                __smakebuf_r
 .text          0x0000000000017b58       0x80 D:/Vivado/Vitis/2020.1/gnu/aarch64/nt/aarch64-none/bin//../aarch64-xilinx-elf/usr/lib64\libc.a(lib_a-mbtowc_r.o)
                0x0000000000017b58                _mbtowc_r
                0x0000000000017b68                __ascii_mbtowc
 .text          0x0000000000017bd8       0x2c D:/Vivado/Vitis/2020.1/gnu/aarch64/nt/aarch64-none/bin//../aarch64-xilinx-elf/usr/lib64\libc.a(lib_a-memchr-stub.o)
                0x0000000000017bd8                memchr
 .text          0x0000000000017c04       0x5c D:/Vivado/Vitis/2020.1/gnu/aarch64/nt/aarch64-none/bin//../aarch64-xilinx-elf/usr/lib64\libc.a(lib_a-memmove-stub.o)
                0x0000000000017c04                memmove
 .text          0x0000000000017c60      0xd04 D:/Vivado/Vitis/2020.1/gnu/aarch64/nt/aarch64-none/bin//../aarch64-xilinx-elf/usr/lib64\libc.a(lib_a-mprec.o)
                0x0000000000017c60                _Balloc
                0x0000000000017cf8                _Bfree
                0x0000000000017d18                __multadd
                0x0000000000017dec                __s2b
                0x0000000000017ee8                __hi0bits
                0x0000000000017f48                __lo0bits
                0x0000000000017ff0                __i2b
                0x000000000001801c                __multiply
                0x00000000000181b0                __pow5mult
                0x000000000001828c                __lshift
                0x00000000000183bc                __mcmp
                0x0000000000018408                __mdiff
                0x000000000001857c                __ulp
                0x00000000000185e0                __b2d
                0x00000000000186e4                __d2b
                0x00000000000187ec                __ratio
                0x000000000001886c                _mprec_log10
                0x00000000000188a0                __copybits
                0x0000000000018904                __any_on
 .text          0x0000000000018964      0x550 D:/Vivado/Vitis/2020.1/gnu/aarch64/nt/aarch64-none/bin//../aarch64-xilinx-elf/usr/lib64\libc.a(lib_a-reallocr.o)
                0x0000000000018964                _realloc_r
 .text          0x0000000000018eb4      0x128 D:/Vivado/Vitis/2020.1/gnu/aarch64/nt/aarch64-none/bin//../aarch64-xilinx-elf/usr/lib64\libc.a(lib_a-reent.o)
                0x0000000000018eb4                cleanup_glue
                0x0000000000018ee8                _reclaim_reent
 .text          0x0000000000018fdc       0x80 D:/Vivado/Vitis/2020.1/gnu/aarch64/nt/aarch64-none/bin//../aarch64-xilinx-elf/usr/lib64\libc.a(lib_a-s_frexp.o)
                0x0000000000018fdc                frexp
 .text          0x000000000001905c      0x108 D:/Vivado/Vitis/2020.1/gnu/aarch64/nt/aarch64-none/bin//../aarch64-xilinx-elf/usr/lib64\libc.a(lib_a-stdio.o)
                0x000000000001905c                __sread
                0x00000000000190a4                __seofread
                0x00000000000190ac                __swrite
                0x0000000000019114                __sseek
                0x000000000001915c                __sclose
 .text          0x0000000000019164       0x18 D:/Vivado/Vitis/2020.1/gnu/aarch64/nt/aarch64-none/bin//../aarch64-xilinx-elf/usr/lib64\libc.a(lib_a-strcpy-stub.o)
                0x0000000000019164                strcpy
 .text          0x000000000001917c       0x38 D:/Vivado/Vitis/2020.1/gnu/aarch64/nt/aarch64-none/bin//../aarch64-xilinx-elf/usr/lib64\libc.a(lib_a-strncpy.o)
                0x000000000001917c                strncpy
 .text          0x00000000000191b4     0x11dc D:/Vivado/Vitis/2020.1/gnu/aarch64/nt/aarch64-none/bin//../aarch64-xilinx-elf/usr/lib64\libc.a(lib_a-svfiprintf.o)
                0x00000000000191b4                __ssprint_r
                0x0000000000019368                _svfiprintf_r
 .text          0x000000000001a390     0x126c D:/Vivado/Vitis/2020.1/gnu/aarch64/nt/aarch64-none/bin//../aarch64-xilinx-elf/usr/lib64\libc.a(lib_a-vfiprintf.o)
                0x000000000001a390                __sprint_r
                0x000000000001a44c                _vfiprintf_r
                0x000000000001b4fc                vfiprintf
 .text          0x000000000001b5fc       0x40 D:/Vivado/Vitis/2020.1/gnu/aarch64/nt/aarch64-none/bin//../aarch64-xilinx-elf/usr/lib64\libc.a(lib_a-wctomb_r.o)
                0x000000000001b5fc                _wctomb_r
                0x000000000001b60c                __ascii_wctomb
 .text          0x000000000001b63c       0x50 D:/Vivado/Vitis/2020.1/gnu/aarch64/nt/aarch64-none/bin//../aarch64-xilinx-elf/usr/lib64\libc.a(lib_a-writer.o)
                0x000000000001b63c                _write_r
 .text          0x000000000001b68c       0x8c D:/Vivado/Vitis/2020.1/gnu/aarch64/nt/aarch64-none/bin//../aarch64-xilinx-elf/usr/lib64\libc.a(lib_a-callocr.o)
                0x000000000001b68c                _calloc_r
 .text          0x000000000001b718       0x40 D:/Vivado/Vitis/2020.1/gnu/aarch64/nt/aarch64-none/bin//../aarch64-xilinx-elf/usr/lib64\libc.a(lib_a-closer.o)
                0x000000000001b718                _close_r
 .text          0x000000000001b758       0xe0 D:/Vivado/Vitis/2020.1/gnu/aarch64/nt/aarch64-none/bin//../aarch64-xilinx-elf/usr/lib64\libc.a(lib_a-fclose.o)
                0x000000000001b758                _fclose_r
                0x000000000001b828                fclose
 .text          0x000000000001b838      0x164 D:/Vivado/Vitis/2020.1/gnu/aarch64/nt/aarch64-none/bin//../aarch64-xilinx-elf/usr/lib64\libc.a(lib_a-fputwc.o)
                0x000000000001b838                __fputwc
                0x000000000001b92c                _fputwc_r
                0x000000000001b94c                fputwc
 .text          0x000000000001b99c       0x44 D:/Vivado/Vitis/2020.1/gnu/aarch64/nt/aarch64-none/bin//../aarch64-xilinx-elf/usr/lib64\libc.a(lib_a-fstatr.o)
                0x000000000001b99c                _fstat_r
 .text          0x000000000001b9e0       0x40 D:/Vivado/Vitis/2020.1/gnu/aarch64/nt/aarch64-none/bin//../aarch64-xilinx-elf/usr/lib64\libc.a(lib_a-isattyr.o)
                0x000000000001b9e0                _isatty_r
 .text          0x000000000001ba20       0x48 D:/Vivado/Vitis/2020.1/gnu/aarch64/nt/aarch64-none/bin//../aarch64-xilinx-elf/usr/lib64\libc.a(lib_a-lseekr.o)
                0x000000000001ba20                _lseek_r
 .text          0x000000000001ba68       0x50 D:/Vivado/Vitis/2020.1/gnu/aarch64/nt/aarch64-none/bin//../aarch64-xilinx-elf/usr/lib64\libc.a(lib_a-readr.o)
                0x000000000001ba68                _read_r
 .text          0x000000000001bab8      0x124 D:/Vivado/Vitis/2020.1/gnu/aarch64/nt/aarch64-none/bin//../aarch64-xilinx-elf/usr/lib64\libc.a(lib_a-wbuf.o)
                0x000000000001bab8                __swbuf_r
                0x000000000001bbc8                __swbuf
 .text          0x000000000001bbdc       0x70 D:/Vivado/Vitis/2020.1/gnu/aarch64/nt/aarch64-none/bin//../aarch64-xilinx-elf/usr/lib64\libc.a(lib_a-wcrtomb.o)
                0x000000000001bbdc                _wcrtomb_r
                0x000000000001bc34                wcrtomb
 *fill*         0x000000000001bc4c        0x4 
 .text          0x000000000001bc50       0x48 C:/Users/txzing/Desktop/test_for_2cg/golden/vitis/sdk_workspace/system_wrapper/export/system_wrapper/sw/system_wrapper/standalone_domain/bsplib/lib\libxil.a(_sbrk.o)
                0x000000000001bc50                _sbrk
 .text          0x000000000001bc98       0x4c C:/Users/txzing/Desktop/test_for_2cg/golden/vitis/sdk_workspace/system_wrapper/export/system_wrapper/sw/system_wrapper/standalone_domain/bsplib/lib\libxil.a(lseek.o)
                0x000000000001bc98                lseek
                0x000000000001bcc0                _lseek
 *fill*         0x000000000001bce4        0x4 
 .text          0x000000000001bce8        0x4 C:/Users/txzing/Desktop/test_for_2cg/golden/vitis/sdk_workspace/system_wrapper/export/system_wrapper/sw/system_wrapper/standalone_domain/bsplib/lib\libxil.a(_exit.o)
                0x000000000001bce8                _exit
 *fill*         0x000000000001bcec        0x4 
 .text          0x000000000001bcf0       0x84 C:/Users/txzing/Desktop/test_for_2cg/golden/vitis/sdk_workspace/system_wrapper/export/system_wrapper/sw/system_wrapper/standalone_domain/bsplib/lib\libxil.a(write.o)
                0x000000000001bcf0                write
                0x000000000001bd70                _write
 *fill*         0x000000000001bd74        0x4 
 .text          0x000000000001bd78       0x6c C:/Users/txzing/Desktop/test_for_2cg/golden/vitis/sdk_workspace/system_wrapper/export/system_wrapper/sw/system_wrapper/standalone_domain/bsplib/lib\libxil.a(read.o)
                0x000000000001bd78                read
                0x000000000001bde0                _read
 *fill*         0x000000000001bde4        0x4 
 .text          0x000000000001bde8       0x10 C:/Users/txzing/Desktop/test_for_2cg/golden/vitis/sdk_workspace/system_wrapper/export/system_wrapper/sw/system_wrapper/standalone_domain/bsplib/lib\libxil.a(fstat.o)
                0x000000000001bde8                _fstat
 .text          0x000000000001bdf8        0xc C:/Users/txzing/Desktop/test_for_2cg/golden/vitis/sdk_workspace/system_wrapper/export/system_wrapper/sw/system_wrapper/standalone_domain/bsplib/lib\libxil.a(errno.o)
                0x000000000001bdf8                __errno
 *fill*         0x000000000001be04        0x4 
 .text          0x000000000001be08       0x10 C:/Users/txzing/Desktop/test_for_2cg/golden/vitis/sdk_workspace/system_wrapper/export/system_wrapper/sw/system_wrapper/standalone_domain/bsplib/lib\libxil.a(isatty.o)
                0x000000000001be08                isatty
                0x000000000001be10                _isatty
 .text          0x000000000001be18        0x8 C:/Users/txzing/Desktop/test_for_2cg/golden/vitis/sdk_workspace/system_wrapper/export/system_wrapper/sw/system_wrapper/standalone_domain/bsplib/lib\libxil.a(inbyte.o)
                0x000000000001be18                inbyte
 .text          0x000000000001be20        0x8 C:/Users/txzing/Desktop/test_for_2cg/golden/vitis/sdk_workspace/system_wrapper/export/system_wrapper/sw/system_wrapper/standalone_domain/bsplib/lib\libxil.a(close.o)
                0x000000000001be20                _close
 *fill*         0x000000000001be28        0x8 
 .text          0x000000000001be30      0x104 D:/Vivado/Vitis/2020.1/gnu/aarch64/nt/aarch64-none/bin//../aarch64-xilinx-elf/usr/lib64/aarch64-xilinx-elf/9.2.0\libgcc.a(eqtf2.o)
                0x000000000001be30                __netf2
                0x000000000001be30                __eqtf2
 *fill*         0x000000000001bf34        0xc 
 .text          0x000000000001bf40      0x148 D:/Vivado/Vitis/2020.1/gnu/aarch64/nt/aarch64-none/bin//../aarch64-xilinx-elf/usr/lib64/aarch64-xilinx-elf/9.2.0\libgcc.a(getf2.o)
                0x000000000001bf40                __gttf2
                0x000000000001bf40                __getf2
 *fill*         0x000000000001c088        0x8 
 .text          0x000000000001c090      0x140 D:/Vivado/Vitis/2020.1/gnu/aarch64/nt/aarch64-none/bin//../aarch64-xilinx-elf/usr/lib64/aarch64-xilinx-elf/9.2.0\libgcc.a(letf2.o)
                0x000000000001c090                __lttf2
                0x000000000001c090                __letf2
 .text          0x000000000001c1d0      0x7e4 D:/Vivado/Vitis/2020.1/gnu/aarch64/nt/aarch64-none/bin//../aarch64-xilinx-elf/usr/lib64/aarch64-xilinx-elf/9.2.0\libgcc.a(multf3.o)
                0x000000000001c1d0                __multf3
 *fill*         0x000000000001c9b4        0xc 
 .text          0x000000000001c9c0      0xadc D:/Vivado/Vitis/2020.1/gnu/aarch64/nt/aarch64-none/bin//../aarch64-xilinx-elf/usr/lib64/aarch64-xilinx-elf/9.2.0\libgcc.a(subtf3.o)
                0x000000000001c9c0                __subtf3
 *fill*         0x000000000001d49c        0x4 
 .text          0x000000000001d4a0       0xf0 D:/Vivado/Vitis/2020.1/gnu/aarch64/nt/aarch64-none/bin//../aarch64-xilinx-elf/usr/lib64/aarch64-xilinx-elf/9.2.0\libgcc.a(fixtfsi.o)
                0x000000000001d4a0                __fixtfsi
 .text          0x000000000001d590       0x7c D:/Vivado/Vitis/2020.1/gnu/aarch64/nt/aarch64-none/bin//../aarch64-xilinx-elf/usr/lib64/aarch64-xilinx-elf/9.2.0\libgcc.a(floatsitf.o)
                0x000000000001d590                __floatsitf
 *fill*         0x000000000001d60c        0x4 
 .text          0x000000000001d610      0x150 D:/Vivado/Vitis/2020.1/gnu/aarch64/nt/aarch64-none/bin//../aarch64-xilinx-elf/usr/lib64/aarch64-xilinx-elf/9.2.0\libgcc.a(extenddftf2.o)
                0x000000000001d610                __extenddftf2
 .text          0x000000000001d760      0x30c D:/Vivado/Vitis/2020.1/gnu/aarch64/nt/aarch64-none/bin//../aarch64-xilinx-elf/usr/lib64/aarch64-xilinx-elf/9.2.0\libgcc.a(trunctfdf2.o)
                0x000000000001d760                __trunctfdf2
 *fill*         0x000000000001da6c        0x4 
 .text          0x000000000001da70       0x70 D:/Vivado/Vitis/2020.1/gnu/aarch64/nt/aarch64-none/bin//../aarch64-xilinx-elf/usr/lib64/aarch64-xilinx-elf/9.2.0\libgcc.a(sfp-exceptions.o)
                0x000000000001da70                __sfp_handle_exceptions
 .text          0x000000000001dae0       0x24 C:/Users/txzing/Desktop/test_for_2cg/golden/vitis/sdk_workspace/system_wrapper/export/system_wrapper/sw/system_wrapper/standalone_domain/bsplib/lib\liblwip4.a(init.o)
                0x000000000001dae0                lwip_init
 *fill*         0x000000000001db04        0x4 
 .text          0x000000000001db08      0x560 C:/Users/txzing/Desktop/test_for_2cg/golden/vitis/sdk_workspace/system_wrapper/export/system_wrapper/sw/system_wrapper/standalone_domain/bsplib/lib\liblwip4.a(mem.o)
                0x000000000001db08                mem_init
                0x000000000001db58                mem_free
                0x000000000001dcc8                mem_trim
                0x000000000001de78                mem_malloc
                0x000000000001e010                mem_calloc
 .text          0x000000000001e068      0x278 C:/Users/txzing/Desktop/test_for_2cg/golden/vitis/sdk_workspace/system_wrapper/export/system_wrapper/sw/system_wrapper/standalone_domain/bsplib/lib\liblwip4.a(memp.o)
                0x000000000001e0f8                memp_init_pool
                0x000000000001e150                memp_init
                0x000000000001e1f0                memp_malloc_pool
                0x000000000001e200                memp_malloc
                0x000000000001e228                memp_free_pool
                0x000000000001e280                memp_free
 .text          0x000000000001e2e0      0x650 C:/Users/txzing/Desktop/test_for_2cg/golden/vitis/sdk_workspace/system_wrapper/export/system_wrapper/sw/system_wrapper/standalone_domain/bsplib/lib\liblwip4.a(netif.o)
                0x000000000001e3a8                netif_init
                0x000000000001e3b0                netif_input
                0x000000000001e3c8                netif_set_ipaddr
                0x000000000001e3f8                netif_set_netmask
                0x000000000001e428                netif_set_gw
                0x000000000001e458                netif_set_addr
                0x000000000001e510                netif_add
                0x000000000001e638                netif_add_noaddr
                0x000000000001e658                netif_set_default
                0x000000000001e668                netif_set_up
                0x000000000001e688                netif_set_down
                0x000000000001e6a8                netif_remove
                0x000000000001e780                netif_set_link_up
                0x000000000001e7a0                netif_set_link_down
                0x000000000001e7b8                netif_index_to_name
                0x000000000001e838                netif_get_by_index
                0x000000000001e878                netif_find
                0x000000000001e900                netif_name_to_index
 .text          0x000000000001e930     0x10cc C:/Users/txzing/Desktop/test_for_2cg/golden/vitis/sdk_workspace/system_wrapper/export/system_wrapper/sw/system_wrapper/standalone_domain/bsplib/lib\liblwip4.a(pbuf.o)
                0x000000000001ecd0                pbuf_free_ooseq
                0x000000000001ed18                pbuf_alloc_reference
                0x000000000001ed70                pbuf_alloc
                0x000000000001ef20                pbuf_alloced_custom
                0x000000000001ef78                pbuf_realloc
                0x000000000001f030                pbuf_add_header
                0x000000000001f060                pbuf_add_header_force
                0x000000000001f090                pbuf_remove_header
                0x000000000001f0f0                pbuf_header
                0x000000000001f0f8                pbuf_header_force
                0x000000000001f100                pbuf_free_header
                0x000000000001f178                pbuf_free
                0x000000000001f188                pbuf_clen
                0x000000000001f1b0                pbuf_ref
                0x000000000001f1e8                pbuf_cat
                0x000000000001f200                pbuf_chain
                0x000000000001f250                pbuf_dechain
                0x000000000001f2b8                pbuf_copy
                0x000000000001f460                pbuf_copy_partial
                0x000000000001f480                pbuf_get_contiguous
                0x000000000001f528                pbuf_skip
                0x000000000001f568                pbuf_take
                0x000000000001f608                pbuf_take_at
                0x000000000001f700                pbuf_clone
                0x000000000001f740                pbuf_coalesce
                0x000000000001f7a0                pbuf_get_at
                0x000000000001f7e0                pbuf_try_get_at
                0x000000000001f820                pbuf_put_at
                0x000000000001f860                pbuf_memcmp
                0x000000000001f888                pbuf_memfind
                0x000000000001f960                pbuf_strstr
 *fill*         0x000000000001f9fc        0x4 
 .text          0x000000000001fa00        0x4 C:/Users/txzing/Desktop/test_for_2cg/golden/vitis/sdk_workspace/system_wrapper/export/system_wrapper/sw/system_wrapper/standalone_domain/bsplib/lib\liblwip4.a(stats.o)
                0x000000000001fa00                stats_init
 *fill*         0x000000000001fa04        0x4 
 .text          0x000000000001fa08      0x22c C:/Users/txzing/Desktop/test_for_2cg/golden/vitis/sdk_workspace/system_wrapper/export/system_wrapper/sw/system_wrapper/standalone_domain/bsplib/lib\liblwip4.a(ethernet.o)
                0x000000000001fa08                ethernet_input
                0x000000000001fb78                ethernet_output
 *fill*         0x000000000001fc34        0x4 
 .text          0x000000000001fc38      0xd58 C:/Users/txzing/Desktop/test_for_2cg/golden/vitis/sdk_workspace/system_wrapper/export/system_wrapper/sw/system_wrapper/standalone_domain/bsplib/lib\liblwip4.a(etharp.o)
                0x0000000000020078                etharp_tmr
                0x0000000000020168                etharp_cleanup_netif
                0x00000000000201e0                etharp_find_addr
                0x0000000000020268                etharp_get_entry
                0x00000000000202c8                etharp_input
                0x00000000000204e8                etharp_query
                0x00000000000207b0                etharp_output
                0x0000000000020968                etharp_request
 .text          0x0000000000020990      0x3f8 C:/Users/txzing/Desktop/test_for_2cg/golden/vitis/sdk_workspace/system_wrapper/export/system_wrapper/sw/system_wrapper/standalone_domain/bsplib/lib\liblwip4.a(ip4_addr.o)
                0x0000000000020990                ip4_addr_isbroadcast_u32
                0x00000000000209e8                ip4_addr_netmask_valid
                0x0000000000020a40                ip4addr_aton
                0x0000000000020c38                ipaddr_addr
                0x0000000000020c60                ip4addr_ntoa_r
                0x0000000000020d78                ip4addr_ntoa
 .text          0x0000000000020d88      0x6ac C:/Users/txzing/Desktop/test_for_2cg/golden/vitis/sdk_workspace/system_wrapper/export/system_wrapper/sw/system_wrapper/standalone_domain/bsplib/lib\liblwip4.a(ip4.o)
                0x0000000000020dd8                ip4_route
                0x0000000000020e80                ip4_input
                0x00000000000211f8                ip4_output_if_src
                0x0000000000021388                ip4_output_if
                0x00000000000213b0                ip4_output
 *fill*         0x0000000000021434        0x4 
 .text          0x0000000000021438      0xa3c C:/Users/txzing/Desktop/test_for_2cg/golden/vitis/sdk_workspace/system_wrapper/export/system_wrapper/sw/system_wrapper/standalone_domain/bsplib/lib\liblwip4.a(ip4_frag.o)
                0x0000000000021650                ip_reass_tmr
                0x00000000000216b0                ip4_reass
                0x0000000000021c08                ip4_frag
 *fill*         0x0000000000021e74        0x4 
 .text          0x0000000000021e78     0x1b18 C:/Users/txzing/Desktop/test_for_2cg/golden/vitis/sdk_workspace/system_wrapper/export/system_wrapper/sw/system_wrapper/standalone_domain/bsplib/lib\liblwip4.a(tcp.o)
                0x0000000000021fc0                tcp_init
                0x0000000000021fe0                tcp_free
                0x0000000000021ff0                tcp_bind
                0x00000000000220e8                tcp_bind_netif
                0x0000000000022108                tcp_listen_with_backlog_and_err
                0x0000000000022240                tcp_listen_with_backlog
                0x0000000000022248                tcp_update_rcv_ann_wnd
                0x00000000000222a8                tcp_recved
                0x0000000000022368                tcp_connect
                0x0000000000022540                tcp_txnow
                0x0000000000022588                tcp_seg_free
                0x00000000000225c0                tcp_segs_free
                0x00000000000225f8                tcp_setprio
                0x0000000000022608                tcp_seg_copy
                0x0000000000022650                tcp_arg
                0x0000000000022660                tcp_recv
                0x0000000000022670                tcp_sent
                0x0000000000022680                tcp_err
                0x0000000000022690                tcp_accept
                0x00000000000226b0                tcp_poll
                0x00000000000226c8                tcp_pcb_purge
                0x0000000000022778                tcp_slowtmr
                0x0000000000022cd0                tcp_pcb_remove
                0x0000000000022d78                tcp_abandon
                0x0000000000022f18                tcp_abort
                0x0000000000022ff0                tcp_alloc
                0x0000000000023270                tcp_new
                0x0000000000023278                tcp_new_ip_type
                0x0000000000023498                tcp_close
                0x00000000000234c8                tcp_recv_null
                0x0000000000023530                tcp_process_refused_data
                0x0000000000023630                tcp_fasttmr
                0x0000000000023710                tcp_tmr
                0x0000000000023748                tcp_shutdown
                0x0000000000023808                tcp_next_iss
                0x0000000000023828                tcp_eff_send_mss_netif
                0x0000000000023860                tcp_netif_ip_addr_changed
                0x00000000000238e8                tcp_debug_state_str
                0x0000000000023900                tcp_tcp_get_tcp_addrinfo
                0x0000000000023958                tcp_free_ooseq
 .text          0x0000000000023990     0x1c48 C:/Users/txzing/Desktop/test_for_2cg/golden/vitis/sdk_workspace/system_wrapper/export/system_wrapper/sw/system_wrapper/standalone_domain/bsplib/lib\liblwip4.a(tcp_in.o)
                0x0000000000024850                tcp_input
                0x00000000000255c0                tcp_trigger_input_pcb_close
 .text          0x00000000000255d8     0x17d0 C:/Users/txzing/Desktop/test_for_2cg/golden/vitis/sdk_workspace/system_wrapper/export/system_wrapper/sw/system_wrapper/standalone_domain/bsplib/lib\liblwip4.a(tcp_out.o)
                0x0000000000025970                tcp_write
                0x0000000000026000                tcp_split_unsent_seg
                0x0000000000026238                tcp_enqueue_flags
                0x0000000000026330                tcp_send_fin
                0x00000000000263c0                tcp_rexmit_rto_prepare
                0x0000000000026478                tcp_rexmit
                0x0000000000026540                tcp_rexmit_fast
                0x00000000000265d8                tcp_rst
                0x0000000000026668                tcp_send_empty_ack
                0x00000000000266f0                tcp_output
                0x0000000000026bb0                tcp_rexmit_rto_commit
                0x0000000000026bc8                tcp_rexmit_rto
                0x0000000000026c18                tcp_keepalive
                0x0000000000026c78                tcp_zero_window_probe
 .text          0x0000000000026da8      0x934 C:/Users/txzing/Desktop/test_for_2cg/golden/vitis/sdk_workspace/system_wrapper/export/system_wrapper/sw/system_wrapper/standalone_domain/bsplib/lib\liblwip4.a(udp.o)
                0x0000000000026da8                udp_init
                0x0000000000026dc8                udp_input
                0x00000000000270c0                udp_bind
                0x0000000000027200                udp_sendto_if_src
                0x00000000000273d0                udp_sendto_if
                0x0000000000027430                udp_sendto
                0x00000000000274d8                udp_send
                0x00000000000274f8                udp_bind_netif
                0x0000000000027518                udp_connect
                0x00000000000275c8                udp_disconnect
                0x00000000000275e8                udp_recv
                0x00000000000275f8                udp_remove
                0x0000000000027650                udp_new
                0x0000000000027680                udp_new_ip_type
                0x0000000000027688                udp_netif_ip_addr_changed
 *fill*         0x00000000000276dc        0x4 
 .text          0x00000000000276e0       0x18 C:/Users/txzing/Desktop/test_for_2cg/golden/vitis/sdk_workspace/system_wrapper/export/system_wrapper/sw/system_wrapper/standalone_domain/bsplib/lib\liblwip4.a(sys_arch_raw.o)
                0x00000000000276e0                sys_arch_protect
                0x00000000000276f0                sys_arch_unprotect
 .text          0x00000000000276f8      0x2fc C:/Users/txzing/Desktop/test_for_2cg/golden/vitis/sdk_workspace/system_wrapper/export/system_wrapper/sw/system_wrapper/standalone_domain/bsplib/lib\liblwip4.a(xadapter.o)
                0x00000000000276f8                lwip_raw_init
                0x0000000000027710                xtopology_find_index
                0x0000000000027760                xemac_add
                0x0000000000027830                xemacif_input
                0x0000000000027890                eth_link_detect
 .text          0x00000000000279f4        0x0 C:/Users/txzing/Desktop/test_for_2cg/golden/vitis/sdk_workspace/system_wrapper/export/system_wrapper/sw/system_wrapper/standalone_domain/bsplib/lib\liblwip4.a(xtopology_g.o)
 *fill*         0x00000000000279f4        0x4 
 .text          0x00000000000279f8      0xf90 C:/Users/txzing/Desktop/test_for_2cg/golden/vitis/sdk_workspace/system_wrapper/export/system_wrapper/sw/system_wrapper/standalone_domain/bsplib/lib\liblwip4.a(xemacpsif_physpeed.o)
                0x0000000000027bc8                detect_phy
                0x0000000000027cc8                phy_setup_emacps
 .text          0x0000000000028988      0x424 C:/Users/txzing/Desktop/test_for_2cg/golden/vitis/sdk_workspace/system_wrapper/export/system_wrapper/sw/system_wrapper/standalone_domain/bsplib/lib\liblwip4.a(xemacpsif.o)
                0x0000000000028a60                xemacpsif_input
                0x0000000000028b70                HandleEmacPsError
                0x0000000000028c18                HandleTxErrors
                0x0000000000028c80                xemacpsif_init
                0x0000000000028da0                xemacpsif_resetrx_on_no_rxdata
 *fill*         0x0000000000028dac        0x4 
 .text          0x0000000000028db0      0xc78 C:/Users/txzing/Desktop/test_for_2cg/golden/vitis/sdk_workspace/system_wrapper/export/system_wrapper/sw/system_wrapper/standalone_domain/bsplib/lib\liblwip4.a(xemacpsif_dma.o)
                0x0000000000028db0                is_tx_space_available
                0x0000000000028db8                process_sent_bds
                0x0000000000028ec8                emacps_send_handler
                0x0000000000028ee0                emacps_sgsend
                0x0000000000029148                setup_rx_bds
                0x00000000000292c8                clean_dma_txdescs
                0x0000000000029320                init_dma
                0x0000000000029700                resetrx_on_no_rxdata
                0x0000000000029748                emacps_recv_handler
                0x00000000000298d8                free_txrx_pbufs
                0x0000000000029950                free_onlytx_pbufs
                0x00000000000299a0                reset_dma
                0x0000000000029a08                emac_disable_intr
                0x0000000000029a18                emac_enable_intr
 .text          0x0000000000029a28      0x230 C:/Users/txzing/Desktop/test_for_2cg/golden/vitis/sdk_workspace/system_wrapper/export/system_wrapper/sw/system_wrapper/standalone_domain/bsplib/lib\liblwip4.a(def.o)
                0x0000000000029a28                lwip_htons
                0x0000000000029a30                lwip_htonl
                0x0000000000029a38                lwip_strnstr
                0x0000000000029ae8                lwip_stricmp
                0x0000000000029b38                lwip_strnicmp
                0x0000000000029b98                lwip_itoa
 .text          0x0000000000029c58        0x0 C:/Users/txzing/Desktop/test_for_2cg/golden/vitis/sdk_workspace/system_wrapper/export/system_wrapper/sw/system_wrapper/standalone_domain/bsplib/lib\liblwip4.a(ip.o)
 .text          0x0000000000029c58        0x4 C:/Users/txzing/Desktop/test_for_2cg/golden/vitis/sdk_workspace/system_wrapper/export/system_wrapper/sw/system_wrapper/standalone_domain/bsplib/lib\liblwip4.a(timeouts.o)
                0x0000000000029c58                tcp_timer_needed
 *fill*         0x0000000000029c5c        0x4 
 .text          0x0000000000029c60      0x3a8 C:/Users/txzing/Desktop/test_for_2cg/golden/vitis/sdk_workspace/system_wrapper/export/system_wrapper/sw/system_wrapper/standalone_domain/bsplib/lib\liblwip4.a(icmp.o)
                0x0000000000029d40                icmp_input
                0x0000000000029fe8                icmp_dest_unreach
                0x0000000000029ff8                icmp_time_exceeded
 .text          0x000000000002a008      0x10c C:/Users/txzing/Desktop/test_for_2cg/golden/vitis/sdk_workspace/system_wrapper/export/system_wrapper/sw/system_wrapper/standalone_domain/bsplib/lib\liblwip4.a(xpqueue.o)
                0x000000000002a008                pq_create_queue
                0x000000000002a078                pq_enqueue
                0x000000000002a0c8                pq_dequeue
                0x000000000002a108                pq_qlength
 *fill*         0x000000000002a114        0x4 
 .text          0x000000000002a118      0x428 C:/Users/txzing/Desktop/test_for_2cg/golden/vitis/sdk_workspace/system_wrapper/export/system_wrapper/sw/system_wrapper/standalone_domain/bsplib/lib\liblwip4.a(xemacpsif_hw.o)
                0x000000000002a118                emacps_error_handler
                0x000000000002a218                xemacps_lookup_config
                0x000000000002a230                init_emacps
                0x000000000002a428                init_emacps_on_error
                0x000000000002a4b0                setup_isr
                0x000000000002a518                start_emacps
                0x000000000002a520                restart_emacps_transmitter
 .text          0x000000000002a540      0x3b0 C:/Users/txzing/Desktop/test_for_2cg/golden/vitis/sdk_workspace/system_wrapper/export/system_wrapper/sw/system_wrapper/standalone_domain/bsplib/lib\liblwip4.a(inet_chksum.o)
                0x000000000002a540                lwip_standard_chksum
                0x000000000002a660                inet_chksum_pseudo
                0x000000000002a740                ip_chksum_pseudo
                0x000000000002a748                inet_chksum_pseudo_partial
                0x000000000002a850                ip_chksum_pseudo_partial
                0x000000000002a858                inet_chksum
                0x000000000002a878                inet_chksum_pbuf
 .text          0x000000000002a8f0       0x44 D:/Vivado/Vitis/2020.1/gnu/aarch64/nt/aarch64-none/bin//../aarch64-xilinx-elf/usr/lib64\libc.a(lib_a-rand.o)
                0x000000000002a8f0                srand
                0x000000000002a904                rand
 .text          0x000000000002a934       0x3c D:/Vivado/Vitis/2020.1/gnu/aarch64/nt/aarch64-none/bin//../aarch64-xilinx-elf/usr/lib64\libc.a(lib_a-strncmp-stub.o)
                0x000000000002a934                strncmp
 .text          0x000000000002a970        0x0 C:/Users/txzing/Desktop/test_for_2cg/golden/vitis/sdk_workspace/system_wrapper/export/system_wrapper/sw/system_wrapper/standalone_domain/bsplib/lib\libxil.a(xemacps_g.o)
 .text          0x000000000002a970      0x58c C:/Users/txzing/Desktop/test_for_2cg/golden/vitis/sdk_workspace/system_wrapper/export/system_wrapper/sw/system_wrapper/standalone_domain/bsplib/lib\libxil.a(xemacps.o)
                0x000000000002a970                XEmacPs_StubHandler
                0x000000000002a9a0                XEmacPs_Start
                0x000000000002aac8                XEmacPs_Stop
                0x000000000002ab60                XEmacPs_SetQueuePtr
                0x000000000002ac38                XEmacPs_Reset
                0x000000000002ae58                XEmacPs_CfgInitialize
 *fill*         0x000000000002aefc        0x4 
 .text          0x000000000002af00      0x2bc C:/Users/txzing/Desktop/test_for_2cg/golden/vitis/sdk_workspace/system_wrapper/export/system_wrapper/sw/system_wrapper/standalone_domain/bsplib/lib\libxil.a(xemacps_intr.o)
                0x000000000002af00                XEmacPs_SetHandler
                0x000000000002aff8                XEmacPs_IntrHandler
 *fill*         0x000000000002b1bc        0x4 
 .text          0x000000000002b1c0      0xeec C:/Users/txzing/Desktop/test_for_2cg/golden/vitis/sdk_workspace/system_wrapper/export/system_wrapper/sw/system_wrapper/standalone_domain/bsplib/lib\libxil.a(xemacps_control.o)
                0x000000000002b1c0                XEmacPs_SetMacAddress
                0x000000000002b2b8                XEmacPs_GetMacAddress
                0x000000000002b388                XEmacPs_SetHash
                0x000000000002b4d8                XEmacPs_DeleteHash
                0x000000000002b628                XEmacPs_ClearHash
                0x000000000002b6b0                XEmacPs_GetHash
                0x000000000002b750                XEmacPs_SetTypeIdCheck
                0x000000000002b820                XEmacPs_SetOptions
                0x000000000002b9e0                XEmacPs_ClearOptions
                0x000000000002bb98                XEmacPs_GetOptions
                0x000000000002bc20                XEmacPs_SendPausePacket
                0x000000000002bcd8                XEmacPs_GetOperatingSpeed
                0x000000000002bd78                XEmacPs_SetOperatingSpeed
                0x000000000002be48                XEmacPs_SetMdioDivisor
                0x000000000002bee8                XEmacPs_PhyRead
                0x000000000002bf70                XEmacPs_PhyWrite
                0x000000000002bff8                XEmacPs_DMABLengthUpdate
 *fill*         0x000000000002c0ac        0x4 
 .text          0x000000000002c0b0      0x6f0 C:/Users/txzing/Desktop/test_for_2cg/golden/vitis/sdk_workspace/system_wrapper/export/system_wrapper/sw/system_wrapper/standalone_domain/bsplib/lib\libxil.a(xemacps_bdring.o)
                0x000000000002c0b0                XEmacPs_BdRingCreate
                0x000000000002c1b8                XEmacPs_BdRingClone
                0x000000000002c270                XEmacPs_BdRingAlloc
                0x000000000002c2c8                XEmacPs_BdRingUnAlloc
                0x000000000002c398                XEmacPs_BdRingToHw
                0x000000000002c430                XEmacPs_BdRingFromHwTx
                0x000000000002c520                XEmacPs_BdRingFromHwRx
                0x000000000002c5e8                XEmacPs_BdRingFree
                0x000000000002c650                XEmacPs_BdRingCheck
                0x000000000002c790                XEmacPs_BdRingPtrReset
 .text          0x000000000002c7a0       0x64 C:/Users/txzing/Desktop/test_for_2cg/golden/vitis/sdk_workspace/system_wrapper/export/system_wrapper/sw/system_wrapper/standalone_domain/bsplib/lib\libxil.a(xil_mmu.o)
                0x000000000002c7a0                Xil_SetTlbAttributes
 .text          0x000000000002c804        0x0 D:/Vivado/Vitis/2020.1/gnu/aarch64/nt/aarch64-none/bin//../aarch64-xilinx-elf/usr/lib64/aarch64-xilinx-elf/9.2.0/crtend.o
 .text          0x000000000002c804        0x0 D:/Vivado/Vitis/2020.1/gnu/aarch64/nt/aarch64-none/bin//../aarch64-xilinx-elf/usr/lib64/aarch64-xilinx-elf/9.2.0/crtn.o
 *(.text.*)
 *(.gnu.linkonce.t.*)
 *(.plt)
 *(.gnu_warning)
 *(.gcc_execpt_table)
 *(.glue_7)
 *(.glue_7t)
 *(.ARM.extab)
 *(.gnu.linkonce.armextab.*)

.iplt           0x000000000002c804        0x0
 .iplt          0x000000000002c804        0x0 D:/Vivado/Vitis/2020.1/gnu/aarch64/nt/aarch64-none/bin//../aarch64-xilinx-elf/usr/lib64/aarch64-xilinx-elf/9.2.0/crtbegin.o

.init           0x000000000002c840       0x34
 *(.init)
 .init          0x000000000002c840       0x18 D:/Vivado/Vitis/2020.1/gnu/aarch64/nt/aarch64-none/bin//../aarch64-xilinx-elf/usr/lib64/aarch64-xilinx-elf/9.2.0/crti.o
                0x000000000002c840                _init
 .init          0x000000000002c858       0x1c D:/Vivado/Vitis/2020.1/gnu/aarch64/nt/aarch64-none/bin//../aarch64-xilinx-elf/usr/lib64/aarch64-xilinx-elf/9.2.0/crtn.o

.fini           0x000000000002c880       0x34
 *(.fini)
 .fini          0x000000000002c880       0x18 D:/Vivado/Vitis/2020.1/gnu/aarch64/nt/aarch64-none/bin//../aarch64-xilinx-elf/usr/lib64/aarch64-xilinx-elf/9.2.0/crti.o
                0x000000000002c880                _fini
 .fini          0x000000000002c898       0x1c D:/Vivado/Vitis/2020.1/gnu/aarch64/nt/aarch64-none/bin//../aarch64-xilinx-elf/usr/lib64/aarch64-xilinx-elf/9.2.0/crtn.o

.interp
 *(.interp)

.note-ABI-tag
 *(.note-ABI-tag)

.rodata         0x000000000002c8c0     0x2230
                0x000000000002c8c0                . = ALIGN (0x40)
                0x000000000002c8c0                __rodata_start = .
 *(.rodata)
 .rodata        0x000000000002c8c0       0x84 ./src/version/version.o
 *fill*         0x000000000002c944        0x4 
 .rodata        0x000000000002c948      0x36f ./src/qspi_flash/qspi_flash_zynqmp.o
 *fill*         0x000000000002ccb7        0x1 
 .rodata        0x000000000002ccb8       0x78 ./src/md5_b/md5_b.o
 .rodata        0x000000000002cd30      0x203 ./src/lwip_servers/lwip_common.o
 *fill*         0x000000000002cf33        0x5 
 .rodata        0x000000000002cf38      0x121 ./src/lwip_servers/tcp_cmd.o
 *fill*         0x000000000002d059        0x7 
 .rodata        0x000000000002d060      0x2dd ./src/lwip_servers/tcp_update.o
 *fill*         0x000000000002d33d        0x3 
 .rodata        0x000000000002d340       0x76 ./src/lwip_servers/udp_cmd.o
 *fill*         0x000000000002d3b6        0x2 
 .rodata        0x000000000002d3b8      0x205 ./src/lwip_servers/udp_update.o
 *fill*         0x000000000002d5bd        0x3 
 .rodata        0x000000000002d5c0      0x11b ./src/hot_reset/hot_reset.o
 *fill*         0x000000000002d6db        0x5 
 .rodata        0x000000000002d6e0       0xce ./src/main.o
 *fill*         0x000000000002d7ae        0x2 
 .rodata        0x000000000002d7b0       0xd2 ./src/platform_zynqmp.o
 *fill*         0x000000000002d882        0x6 
 .rodata        0x000000000002d888       0x10 C:/Users/txzing/Desktop/test_for_2cg/golden/vitis/sdk_workspace/system_wrapper/export/system_wrapper/sw/system_wrapper/standalone_domain/bsplib/lib\libxil.a(xqspipsu_hw.o)
 .rodata        0x000000000002d898       0x20 C:/Users/txzing/Desktop/test_for_2cg/golden/vitis/sdk_workspace/system_wrapper/export/system_wrapper/sw/system_wrapper/standalone_domain/bsplib/lib\libxil.a(xqspipsu_options.o)
 .rodata        0x000000000002d8b8       0x54 C:/Users/txzing/Desktop/test_for_2cg/golden/vitis/sdk_workspace/system_wrapper/export/system_wrapper/sw/system_wrapper/standalone_domain/bsplib/lib\libxil.a(xttcps_options.o)
 .rodata        0x000000000002d90c      0x101 D:/Vivado/Vitis/2020.1/gnu/aarch64/nt/aarch64-none/bin//../aarch64-xilinx-elf/usr/lib64\libc.a(lib_a-ctype_.o)
                0x000000000002d90c                _ctype_
 *fill*         0x000000000002da0d        0x3 
 .rodata        0x000000000002da10        0x8 D:/Vivado/Vitis/2020.1/gnu/aarch64/nt/aarch64-none/bin//../aarch64-xilinx-elf/usr/lib64\libc.a(lib_a-impure.o)
                0x000000000002da10                _global_impure_ptr
 .rodata        0x000000000002da18       0xd6 D:/Vivado/Vitis/2020.1/gnu/aarch64/nt/aarch64-none/bin//../aarch64-xilinx-elf/usr/lib64\libc.a(lib_a-svfprintf.o)
 *fill*         0x000000000002daee        0x2 
 .rodata        0x000000000002daf0       0xd6 D:/Vivado/Vitis/2020.1/gnu/aarch64/nt/aarch64-none/bin//../aarch64-xilinx-elf/usr/lib64\libc.a(lib_a-vfprintf.o)
 .rodata        0x000000000002dbc6      0x252 D:/Vivado/Vitis/2020.1/gnu/aarch64/nt/aarch64-none/bin//../aarch64-xilinx-elf/usr/lib64\libc.a(lib_a-ldtoa.o)
 .rodata        0x000000000002de18      0x128 D:/Vivado/Vitis/2020.1/gnu/aarch64/nt/aarch64-none/bin//../aarch64-xilinx-elf/usr/lib64\libc.a(lib_a-mprec.o)
                0x000000000002de28                __mprec_tens
                0x000000000002def0                __mprec_tinytens
                0x000000000002df18                __mprec_bigtens
 .rodata        0x000000000002df40       0xd6 D:/Vivado/Vitis/2020.1/gnu/aarch64/nt/aarch64-none/bin//../aarch64-xilinx-elf/usr/lib64\libc.a(lib_a-svfiprintf.o)
 *fill*         0x000000000002e016        0x2 
 .rodata        0x000000000002e018       0xd6 D:/Vivado/Vitis/2020.1/gnu/aarch64/nt/aarch64-none/bin//../aarch64-xilinx-elf/usr/lib64\libc.a(lib_a-vfiprintf.o)
 *fill*         0x000000000002e0ee        0x2 
 .rodata        0x000000000002e0f0      0x168 C:/Users/txzing/Desktop/test_for_2cg/golden/vitis/sdk_workspace/system_wrapper/export/system_wrapper/sw/system_wrapper/standalone_domain/bsplib/lib\liblwip4.a(memp.o)
                0x000000000002e0f0                memp_UDP_PCB
                0x000000000002e110                memp_pools
                0x000000000002e158                memp_PBUF_POOL
                0x000000000002e178                memp_PBUF
                0x000000000002e198                memp_ARP_QUEUE
                0x000000000002e1b8                memp_FRAG_PBUF
                0x000000000002e1d8                memp_REASSDATA
                0x000000000002e1f8                memp_TCP_SEG
                0x000000000002e218                memp_TCP_PCB_LISTEN
                0x000000000002e238                memp_TCP_PCB
 .rodata        0x000000000002e258        0xe C:/Users/txzing/Desktop/test_for_2cg/golden/vitis/sdk_workspace/system_wrapper/export/system_wrapper/sw/system_wrapper/standalone_domain/bsplib/lib\liblwip4.a(ethernet.o)
                0x000000000002e258                ethbroadcast
                0x000000000002e260                ethzero
 *fill*         0x000000000002e266        0x2 
 .rodata        0x000000000002e268        0xc C:/Users/txzing/Desktop/test_for_2cg/golden/vitis/sdk_workspace/system_wrapper/export/system_wrapper/sw/system_wrapper/standalone_domain/bsplib/lib\liblwip4.a(ip4_addr.o)
                0x000000000002e268                ip_addr_broadcast
                0x000000000002e270                ip_addr_any
 *fill*         0x000000000002e274        0x4 
 .rodata        0x000000000002e278       0x90 C:/Users/txzing/Desktop/test_for_2cg/golden/vitis/sdk_workspace/system_wrapper/export/system_wrapper/sw/system_wrapper/standalone_domain/bsplib/lib\liblwip4.a(tcp.o)
                0x000000000002e278                tcp_pcb_lists
 .rodata        0x000000000002e308       0x27 C:/Users/txzing/Desktop/test_for_2cg/golden/vitis/sdk_workspace/system_wrapper/export/system_wrapper/sw/system_wrapper/standalone_domain/bsplib/lib\liblwip4.a(xemacpsif.o)
 *fill*         0x000000000002e32f        0x1 
 .rodata        0x000000000002e330       0x38 C:/Users/txzing/Desktop/test_for_2cg/golden/vitis/sdk_workspace/system_wrapper/export/system_wrapper/sw/system_wrapper/standalone_domain/bsplib/lib\liblwip4.a(timeouts.o)
                0x000000000002e330                lwip_num_cyclic_timers
                0x000000000002e338                lwip_cyclic_timers
 .rodata        0x000000000002e368       0x25 C:/Users/txzing/Desktop/test_for_2cg/golden/vitis/sdk_workspace/system_wrapper/export/system_wrapper/sw/system_wrapper/standalone_domain/bsplib/lib\liblwip4.a(xemacpsif_hw.o)
 *fill*         0x000000000002e38d        0x3 
 .rodata        0x000000000002e390        0x6 C:/Users/txzing/Desktop/test_for_2cg/golden/vitis/sdk_workspace/system_wrapper/export/system_wrapper/sw/system_wrapper/standalone_domain/bsplib/lib\libxil.a(xemacps.o)
 *fill*         0x000000000002e396        0x2 
 .rodata        0x000000000002e398       0x40 C:/Users/txzing/Desktop/test_for_2cg/golden/vitis/sdk_workspace/system_wrapper/export/system_wrapper/sw/system_wrapper/standalone_domain/bsplib/lib\libxil.a(xemacps_control.o)
 *(.rodata.*)
 .rodata.cst8   0x000000000002e3d8       0x20 D:/Vivado/Vitis/2020.1/gnu/aarch64/nt/aarch64-none/bin//../aarch64-xilinx-elf/usr/lib64/aarch64-xilinx-elf/9.2.0/crtbegin.o
 .rodata.str1.8
                0x000000000002e3f8       0x1b C:/Users/txzing/Desktop/test_for_2cg/golden/vitis/sdk_workspace/system_wrapper/export/system_wrapper/sw/system_wrapper/standalone_domain/bsplib/lib\libxil.a(xqspipsu.o)
 *fill*         0x000000000002e413        0x5 
 .rodata.str1.8
                0x000000000002e418        0xe C:/Users/txzing/Desktop/test_for_2cg/golden/vitis/sdk_workspace/system_wrapper/export/system_wrapper/sw/system_wrapper/standalone_domain/bsplib/lib\libxil.a(xqspipsu_hw.o)
 *fill*         0x000000000002e426        0x2 
 .rodata.str1.8
                0x000000000002e428       0x13 C:/Users/txzing/Desktop/test_for_2cg/golden/vitis/sdk_workspace/system_wrapper/export/system_wrapper/sw/system_wrapper/standalone_domain/bsplib/lib\libxil.a(xqspipsu_control.o)
                                         0x23 (size before relaxing)
 *fill*         0x000000000002e43b        0x5 
 .rodata.str1.8
                0x000000000002e440       0x13 C:/Users/txzing/Desktop/test_for_2cg/golden/vitis/sdk_workspace/system_wrapper/export/system_wrapper/sw/system_wrapper/standalone_domain/bsplib/lib\libxil.a(xqspipsu_options.o)
 *fill*         0x000000000002e453        0x5 
 .rodata.str1.8
                0x000000000002e458        0xd C:/Users/txzing/Desktop/test_for_2cg/golden/vitis/sdk_workspace/system_wrapper/export/system_wrapper/sw/system_wrapper/standalone_domain/bsplib/lib\libxil.a(xscugic_hw.o)
 *fill*         0x000000000002e465        0x3 
 .rodata.str1.8
                0x000000000002e468        0xa C:/Users/txzing/Desktop/test_for_2cg/golden/vitis/sdk_workspace/system_wrapper/export/system_wrapper/sw/system_wrapper/standalone_domain/bsplib/lib\libxil.a(xscugic.o)
 *fill*         0x000000000002e472        0x6 
 .rodata.str1.8
                0x000000000002e478       0x11 C:/Users/txzing/Desktop/test_for_2cg/golden/vitis/sdk_workspace/system_wrapper/export/system_wrapper/sw/system_wrapper/standalone_domain/bsplib/lib\libxil.a(xil_printf.o)
 *fill*         0x000000000002e489        0x7 
 .rodata.str1.8
                0x000000000002e490        0x9 C:/Users/txzing/Desktop/test_for_2cg/golden/vitis/sdk_workspace/system_wrapper/export/system_wrapper/sw/system_wrapper/standalone_domain/bsplib/lib\libxil.a(xttcps.o)
 *fill*         0x000000000002e499        0x7 
 .rodata.str1.8
                0x000000000002e4a0       0x11 C:/Users/txzing/Desktop/test_for_2cg/golden/vitis/sdk_workspace/system_wrapper/export/system_wrapper/sw/system_wrapper/standalone_domain/bsplib/lib\libxil.a(xttcps_options.o)
 *fill*         0x000000000002e4b1        0x7 
 .rodata.cst8   0x000000000002e4b8       0x10 D:/Vivado/Vitis/2020.1/gnu/aarch64/nt/aarch64-none/bin//../aarch64-xilinx-elf/usr/lib64\libc.a(lib_a-fini.o)
 .rodata.cst8   0x000000000002e4c8       0x20 D:/Vivado/Vitis/2020.1/gnu/aarch64/nt/aarch64-none/bin//../aarch64-xilinx-elf/usr/lib64\libc.a(lib_a-init.o)
 .rodata.str1.1
                0x000000000002e4e8        0x2 D:/Vivado/Vitis/2020.1/gnu/aarch64/nt/aarch64-none/bin//../aarch64-xilinx-elf/usr/lib64\libc.a(lib_a-puts.o)
 .rodata.str1.1
                0x000000000002e4ea       0x34 D:/Vivado/Vitis/2020.1/gnu/aarch64/nt/aarch64-none/bin//../aarch64-xilinx-elf/usr/lib64\libc.a(lib_a-svfprintf.o)
 *fill*         0x000000000002e51e        0x2 
 .rodata.cst16  0x000000000002e520       0x30 D:/Vivado/Vitis/2020.1/gnu/aarch64/nt/aarch64-none/bin//../aarch64-xilinx-elf/usr/lib64\libc.a(lib_a-svfprintf.o)
 .rodata.str1.1
                0x000000000002e550       0x34 D:/Vivado/Vitis/2020.1/gnu/aarch64/nt/aarch64-none/bin//../aarch64-xilinx-elf/usr/lib64\libc.a(lib_a-vfprintf.o)
 .rodata.cst16  0x000000000002e550       0x30 D:/Vivado/Vitis/2020.1/gnu/aarch64/nt/aarch64-none/bin//../aarch64-xilinx-elf/usr/lib64\libc.a(lib_a-vfprintf.o)
 .rodata.str1.1
                0x000000000002e550       0x25 D:/Vivado/Vitis/2020.1/gnu/aarch64/nt/aarch64-none/bin//../aarch64-xilinx-elf/usr/lib64\libc.a(lib_a-ldtoa.o)
 .rodata.str1.1
                0x000000000002e575        0xa D:/Vivado/Vitis/2020.1/gnu/aarch64/nt/aarch64-none/bin//../aarch64-xilinx-elf/usr/lib64\libc.a(lib_a-locale.o)
                                          0xb (size before relaxing)
 .rodata.str1.1
                0x000000000002e57f       0x22 D:/Vivado/Vitis/2020.1/gnu/aarch64/nt/aarch64-none/bin//../aarch64-xilinx-elf/usr/lib64\libc.a(lib_a-svfiprintf.o)
 .rodata.str1.1
                0x000000000002e57f       0x22 D:/Vivado/Vitis/2020.1/gnu/aarch64/nt/aarch64-none/bin//../aarch64-xilinx-elf/usr/lib64\libc.a(lib_a-vfiprintf.o)
 *fill*         0x000000000002e57f        0x1 
 .rodata.str1.8
                0x000000000002e580       0x92 C:/Users/txzing/Desktop/test_for_2cg/golden/vitis/sdk_workspace/system_wrapper/export/system_wrapper/sw/system_wrapper/standalone_domain/bsplib/lib\liblwip4.a(tcp.o)
 *fill*         0x000000000002e612        0x6 
 .rodata.str1.8
                0x000000000002e618      0x11b C:/Users/txzing/Desktop/test_for_2cg/golden/vitis/sdk_workspace/system_wrapper/export/system_wrapper/sw/system_wrapper/standalone_domain/bsplib/lib\liblwip4.a(xadapter.o)
 *fill*         0x000000000002e733        0x5 
 .rodata.str1.8
                0x000000000002e738      0x1fc C:/Users/txzing/Desktop/test_for_2cg/golden/vitis/sdk_workspace/system_wrapper/export/system_wrapper/sw/system_wrapper/standalone_domain/bsplib/lib\liblwip4.a(xemacpsif_physpeed.o)
 *fill*         0x000000000002e934        0x4 
 .rodata.str1.8
                0x000000000002e938       0x40 C:/Users/txzing/Desktop/test_for_2cg/golden/vitis/sdk_workspace/system_wrapper/export/system_wrapper/sw/system_wrapper/standalone_domain/bsplib/lib\liblwip4.a(xemacpsif.o)
 .rodata.str1.8
                0x000000000002e978       0xc2 C:/Users/txzing/Desktop/test_for_2cg/golden/vitis/sdk_workspace/system_wrapper/export/system_wrapper/sw/system_wrapper/standalone_domain/bsplib/lib\liblwip4.a(xemacpsif_dma.o)
 *fill*         0x000000000002ea3a        0x6 
 .rodata.str1.8
                0x000000000002ea40       0x1c C:/Users/txzing/Desktop/test_for_2cg/golden/vitis/sdk_workspace/system_wrapper/export/system_wrapper/sw/system_wrapper/standalone_domain/bsplib/lib\liblwip4.a(xpqueue.o)
 *fill*         0x000000000002ea5c        0x4 
 .rodata.str1.8
                0x000000000002ea60       0x40 C:/Users/txzing/Desktop/test_for_2cg/golden/vitis/sdk_workspace/system_wrapper/export/system_wrapper/sw/system_wrapper/standalone_domain/bsplib/lib\liblwip4.a(xemacpsif_hw.o)
 .rodata.str1.8
                0x000000000002eaa0        0xa C:/Users/txzing/Desktop/test_for_2cg/golden/vitis/sdk_workspace/system_wrapper/export/system_wrapper/sw/system_wrapper/standalone_domain/bsplib/lib\libxil.a(xemacps.o)
 *fill*         0x000000000002eaaa        0x6 
 .rodata.str1.8
                0x000000000002eab0        0xf C:/Users/txzing/Desktop/test_for_2cg/golden/vitis/sdk_workspace/system_wrapper/export/system_wrapper/sw/system_wrapper/standalone_domain/bsplib/lib\libxil.a(xemacps_intr.o)
 *fill*         0x000000000002eabf        0x1 
 .rodata.str1.8
                0x000000000002eac0       0x12 C:/Users/txzing/Desktop/test_for_2cg/golden/vitis/sdk_workspace/system_wrapper/export/system_wrapper/sw/system_wrapper/standalone_domain/bsplib/lib\libxil.a(xemacps_control.o)
 *fill*         0x000000000002ead2        0x6 
 .rodata.str1.8
                0x000000000002ead8       0x18 C:/Users/txzing/Desktop/test_for_2cg/golden/vitis/sdk_workspace/system_wrapper/export/system_wrapper/sw/system_wrapper/standalone_domain/bsplib/lib\libxil.a(xemacps_bdring.o)
                                         0x11 (size before relaxing)
 *(.gnu.linkonce.r.*)
                0x000000000002eaf0                __rodata_end = .

.rodata1        0x000000000002eaf0       0x10
                0x000000000002eb00                . = ALIGN (0x40)
 *fill*         0x000000000002eaf0       0x10 
                0x000000000002eb00                __rodata1_start = .
 *(.rodata1)
 *(.rodata1.*)
                0x000000000002eb00                __rodata1_end = .

.sdata2         0x000000000002eb00        0x0
                0x000000000002eb00                . = ALIGN (0x40)
                0x000000000002eb00                __sdata2_start = .
 *(.sdata2)
 *(.sdata2.*)
 *(.gnu.linkonce.s2.*)
                0x000000000002eb00                __sdata2_end = .

.sbss2          0x000000000002eb00        0x0
                0x000000000002eb00                . = ALIGN (0x40)
                0x000000000002eb00                __sbss2_start = .
 *(.sbss2)
 *(.sbss2.*)
 *(.gnu.linkonce.sb2.*)
                0x000000000002eb00                __sbss2_end = .

.data           0x000000000002eb00     0x2280
                0x000000000002eb00                . = ALIGN (0x40)
                0x000000000002eb00                __data_start = .
 *(.data)
 .data          0x000000000002eb00        0x0 D:/Vivado/Vitis/2020.1/gnu/aarch64/nt/aarch64-none/bin//../aarch64-xilinx-elf/usr/lib64/aarch64-xilinx-elf/9.2.0/crti.o
 .data          0x000000000002eb00        0x8 D:/Vivado/Vitis/2020.1/gnu/aarch64/nt/aarch64-none/bin//../aarch64-xilinx-elf/usr/lib64/aarch64-xilinx-elf/9.2.0/crtbegin.o
                0x000000000002eb00                __dso_handle
 .data          0x000000000002eb08        0x0 D:/Vivado/Vitis/2020.1/gnu/aarch64/nt/aarch64-none/bin//../aarch64-xilinx-elf/usr/lib64/crt0.o
 .data          0x000000000002eb08        0x0 ./src/version/version.o
 .data          0x000000000002eb08        0x0 ./src/qspi_flash/qspi_flash_mb.o
 .data          0x000000000002eb08        0x0 ./src/qspi_flash/qspi_flash_zynq.o
 .data          0x000000000002eb08      0x380 ./src/qspi_flash/qspi_flash_zynqmp.o
                0x000000000002eb08                Flash_Config_Table
 .data          0x000000000002ee88       0x40 ./src/md5_b/md5_b.o
                0x000000000002ee88                PADDING
 .data          0x000000000002eec8        0x0 ./src/lwip_servers/lwip_common.o
 .data          0x000000000002eec8        0x0 ./src/lwip_servers/tcp_cmd.o
 .data          0x000000000002eec8        0x0 ./src/lwip_servers/tcp_update.o
 .data          0x000000000002eec8        0x0 ./src/lwip_servers/udp_cmd.o
 .data          0x000000000002eec8        0x0 ./src/lwip_servers/udp_update.o
 .data          0x000000000002eec8        0x0 ./src/hot_reset/hot_reset.o
 .data          0x000000000002eec8        0x0 ./src/main.o
 .data          0x000000000002eec8        0x4 ./src/platform_zynqmp.o
 .data          0x000000000002eecc        0x0 C:/Users/txzing/Desktop/test_for_2cg/golden/vitis/sdk_workspace/system_wrapper/export/system_wrapper/sw/system_wrapper/standalone_domain/bsplib/lib\libxil.a(xqspipsu.o)
 .data          0x000000000002eecc        0x0 C:/Users/txzing/Desktop/test_for_2cg/golden/vitis/sdk_workspace/system_wrapper/export/system_wrapper/sw/system_wrapper/standalone_domain/bsplib/lib\libxil.a(xqspipsu_hw.o)
 .data          0x000000000002eecc        0x0 C:/Users/txzing/Desktop/test_for_2cg/golden/vitis/sdk_workspace/system_wrapper/export/system_wrapper/sw/system_wrapper/standalone_domain/bsplib/lib\libxil.a(xqspipsu_sinit.o)
 .data          0x000000000002eecc        0x0 C:/Users/txzing/Desktop/test_for_2cg/golden/vitis/sdk_workspace/system_wrapper/export/system_wrapper/sw/system_wrapper/standalone_domain/bsplib/lib\libxil.a(xqspipsu_control.o)
 *fill*         0x000000000002eecc        0x4 
 .data          0x000000000002eed0       0x10 C:/Users/txzing/Desktop/test_for_2cg/golden/vitis/sdk_workspace/system_wrapper/export/system_wrapper/sw/system_wrapper/standalone_domain/bsplib/lib\libxil.a(xqspipsu_g.o)
                0x000000000002eed0                XQspiPsu_ConfigTable
 .data          0x000000000002eee0        0x0 C:/Users/txzing/Desktop/test_for_2cg/golden/vitis/sdk_workspace/system_wrapper/export/system_wrapper/sw/system_wrapper/standalone_domain/bsplib/lib\libxil.a(xqspipsu_options.o)
 .data          0x000000000002eee0        0x0 C:/Users/txzing/Desktop/test_for_2cg/golden/vitis/sdk_workspace/system_wrapper/export/system_wrapper/sw/system_wrapper/standalone_domain/bsplib/lib\libxil.a(xscugic_hw.o)
 .data          0x000000000002eee0      0xc40 C:/Users/txzing/Desktop/test_for_2cg/golden/vitis/sdk_workspace/system_wrapper/export/system_wrapper/sw/system_wrapper/standalone_domain/bsplib/lib\libxil.a(xscugic_g.o)
                0x000000000002eee0                XScuGic_ConfigTable
 .data          0x000000000002fb20        0x0 C:/Users/txzing/Desktop/test_for_2cg/golden/vitis/sdk_workspace/system_wrapper/export/system_wrapper/sw/system_wrapper/standalone_domain/bsplib/lib\libxil.a(xscugic.o)
 .data          0x000000000002fb20        0x0 C:/Users/txzing/Desktop/test_for_2cg/golden/vitis/sdk_workspace/system_wrapper/export/system_wrapper/sw/system_wrapper/standalone_domain/bsplib/lib\libxil.a(xscugic_sinit.o)
 .data          0x000000000002fb20       0x60 C:/Users/txzing/Desktop/test_for_2cg/golden/vitis/sdk_workspace/system_wrapper/export/system_wrapper/sw/system_wrapper/standalone_domain/bsplib/lib\libxil.a(xil_exception.o)
                0x000000000002fb20                XExc_VectorTable
 .data          0x000000000002fb80        0x4 C:/Users/txzing/Desktop/test_for_2cg/golden/vitis/sdk_workspace/system_wrapper/export/system_wrapper/sw/system_wrapper/standalone_domain/bsplib/lib\libxil.a(xil_assert.o)
                0x000000000002fb80                Xil_AssertWait
 .data          0x000000000002fb84        0x0 C:/Users/txzing/Desktop/test_for_2cg/golden/vitis/sdk_workspace/system_wrapper/export/system_wrapper/sw/system_wrapper/standalone_domain/bsplib/lib\libxil.a(print.o)
 .data          0x000000000002fb84        0x0 C:/Users/txzing/Desktop/test_for_2cg/golden/vitis/sdk_workspace/system_wrapper/export/system_wrapper/sw/system_wrapper/standalone_domain/bsplib/lib\libxil.a(xil_cache.o)
 .data          0x000000000002fb84        0x0 C:/Users/txzing/Desktop/test_for_2cg/golden/vitis/sdk_workspace/system_wrapper/export/system_wrapper/sw/system_wrapper/standalone_domain/bsplib/lib\libxil.a(xil_sleepcommon.o)
 .data          0x000000000002fb84        0x0 C:/Users/txzing/Desktop/test_for_2cg/golden/vitis/sdk_workspace/system_wrapper/export/system_wrapper/sw/system_wrapper/standalone_domain/bsplib/lib\libxil.a(outbyte.o)
 .data          0x000000000002fb84        0x0 C:/Users/txzing/Desktop/test_for_2cg/golden/vitis/sdk_workspace/system_wrapper/export/system_wrapper/sw/system_wrapper/standalone_domain/bsplib/lib\libxil.a(xtime_l.o)
 .data          0x000000000002fb84        0x0 C:/Users/txzing/Desktop/test_for_2cg/golden/vitis/sdk_workspace/system_wrapper/export/system_wrapper/sw/system_wrapper/standalone_domain/bsplib/lib\libxil.a(xil_mem.o)
 .data          0x000000000002fb84        0x0 C:/Users/txzing/Desktop/test_for_2cg/golden/vitis/sdk_workspace/system_wrapper/export/system_wrapper/sw/system_wrapper/standalone_domain/bsplib/lib\libxil.a(xil_printf.o)
 .data          0x000000000002fb84        0x0 C:/Users/txzing/Desktop/test_for_2cg/golden/vitis/sdk_workspace/system_wrapper/export/system_wrapper/sw/system_wrapper/standalone_domain/bsplib/lib\libxil.a(asm_vectors.o)
 .data          0x000000000002fb84        0x0 C:/Users/txzing/Desktop/test_for_2cg/golden/vitis/sdk_workspace/system_wrapper/export/system_wrapper/sw/system_wrapper/standalone_domain/bsplib/lib\libxil.a(xttcps.o)