Archive member included to satisfy reference by file (symbol)

C:/Users/txzing/Desktop/test_for_2cg/golden/vitis/sdk_workspace/system_wrapper/export/system_wrapper/sw/system_wrapper/fsbl_domain/bsplib/lib\libxil.a(xcsudma.o)
                              ./src/xfsbl_csu_dma.o (XCsuDma_CfgInitialize)
C:/Users/txzing/Desktop/test_for_2cg/golden/vitis/sdk_workspace/system_wrapper/export/system_wrapper/sw/system_wrapper/fsbl_domain/bsplib/lib\libxil.a(xcsudma_sinit.o)
                              ./src/xfsbl_csu_dma.o (XCsuDma_LookupConfig)
C:/Users/txzing/Desktop/test_for_2cg/golden/vitis/sdk_workspace/system_wrapper/export/system_wrapper/sw/system_wrapper/fsbl_domain/bsplib/lib\libxil.a(xcsudma_intr.o)
                              ./src/xfsbl_bs.o (XCsuDma_IntrClear)
C:/Users/txzing/Desktop/test_for_2cg/golden/vitis/sdk_workspace/system_wrapper/export/system_wrapper/sw/system_wrapper/fsbl_domain/bsplib/lib\libxil.a(xipipsu.o)
                              ./src/xfsbl_misc_drivers.o (XIpiPsu_CfgInitialize)
C:/Users/txzing/Desktop/test_for_2cg/golden/vitis/sdk_workspace/system_wrapper/export/system_wrapper/sw/system_wrapper/fsbl_domain/bsplib/lib\libxil.a(xipipsu_sinit.o)
                              ./src/xfsbl_misc_drivers.o (XIpiPsu_LookupConfig)
C:/Users/txzing/Desktop/test_for_2cg/golden/vitis/sdk_workspace/system_wrapper/export/system_wrapper/sw/system_wrapper/fsbl_domain/bsplib/lib\libxil.a(xipipsu_g.o)
                              xipipsu.o (symbol from plugin) (XIpiPsu_ConfigTable)
C:/Users/txzing/Desktop/test_for_2cg/golden/vitis/sdk_workspace/system_wrapper/export/system_wrapper/sw/system_wrapper/fsbl_domain/bsplib/lib\libxil.a(xqspipsu.o)
                              ./src/xfsbl_qspi.o (XQspiPsu_CfgInitialize)
C:/Users/txzing/Desktop/test_for_2cg/golden/vitis/sdk_workspace/system_wrapper/export/system_wrapper/sw/system_wrapper/fsbl_domain/bsplib/lib\libxil.a(xqspipsu_hw.o)
                              xqspipsu.o (symbol from plugin) (XQspiPsu_FillTxFifo)
C:/Users/txzing/Desktop/test_for_2cg/golden/vitis/sdk_workspace/system_wrapper/export/system_wrapper/sw/system_wrapper/fsbl_domain/bsplib/lib\libxil.a(xqspipsu_sinit.o)
                              ./src/xfsbl_qspi.o (XQspiPsu_LookupConfig)
C:/Users/txzing/Desktop/test_for_2cg/golden/vitis/sdk_workspace/system_wrapper/export/system_wrapper/sw/system_wrapper/fsbl_domain/bsplib/lib\libxil.a(xqspipsu_control.o)
                              xqspipsu.o (symbol from plugin) (XQspiPsu_GenFifoEntryData)
C:/Users/txzing/Desktop/test_for_2cg/golden/vitis/sdk_workspace/system_wrapper/export/system_wrapper/sw/system_wrapper/fsbl_domain/bsplib/lib\libxil.a(xqspipsu_g.o)
                              xqspipsu_sinit.o (symbol from plugin) (XQspiPsu_ConfigTable)
C:/Users/txzing/Desktop/test_for_2cg/golden/vitis/sdk_workspace/system_wrapper/export/system_wrapper/sw/system_wrapper/fsbl_domain/bsplib/lib\libxil.a(xqspipsu_options.o)
                              ./src/xfsbl_qspi.o (XQspiPsu_SetOptions)
C:/Users/txzing/Desktop/test_for_2cg/golden/vitis/sdk_workspace/system_wrapper/export/system_wrapper/sw/system_wrapper/fsbl_domain/bsplib/lib\libxil.a(xil_exception.o)
                              ./src/xfsbl_misc.o (Xil_ExceptionInit)
C:/Users/txzing/Desktop/test_for_2cg/golden/vitis/sdk_workspace/system_wrapper/export/system_wrapper/sw/system_wrapper/fsbl_domain/bsplib/lib\libxil.a(xil_assert.o)
                              xcsudma.o (symbol from plugin) (Xil_Assert)
C:/Users/txzing/Desktop/test_for_2cg/golden/vitis/sdk_workspace/system_wrapper/export/system_wrapper/sw/system_wrapper/fsbl_domain/bsplib/lib\libxil.a(xil_cache.o)
                              ./src/xfsbl_handoff.o (Xil_DCacheDisable)
C:/Users/txzing/Desktop/test_for_2cg/golden/vitis/sdk_workspace/system_wrapper/export/system_wrapper/sw/system_wrapper/fsbl_domain/bsplib/lib\libxil.a(xil_sleepcommon.o)
                              ./src/psu_init.o (usleep)
C:/Users/txzing/Desktop/test_for_2cg/golden/vitis/sdk_workspace/system_wrapper/export/system_wrapper/sw/system_wrapper/fsbl_domain/bsplib/lib\libxil.a(xil_util.o)
                              ./src/xfsbl_plpartition_valid.o (Xil_WaitForEvent)
C:/Users/txzing/Desktop/test_for_2cg/golden/vitis/sdk_workspace/system_wrapper/export/system_wrapper/sw/system_wrapper/fsbl_domain/bsplib/lib\libxil.a(xplatform_info.o)
                              ./src/xfsbl_bs.o (XGet_Zynq_UltraMp_Platform_info)
C:/Users/txzing/Desktop/test_for_2cg/golden/vitis/sdk_workspace/system_wrapper/export/system_wrapper/sw/system_wrapper/fsbl_domain/bsplib/lib\libxil.a(xil_mem.o)
                              xqspipsu_hw.o (symbol from plugin) (Xil_MemCpy)
C:/Users/txzing/Desktop/test_for_2cg/golden/vitis/sdk_workspace/system_wrapper/export/system_wrapper/sw/system_wrapper/fsbl_domain/bsplib/lib\libxil.a(xil_printf.o)
                              ./src/xfsbl_main.o (xil_printf)
[...]
Memory Configuration

Name             Origin             Length             Attributes
psu_ocm_ram_0_S_AXI_BASEADDR 0x00000000fffc0000 0x0000000000029d00
psu_ocm_ram_1_S_AXI_BASEADDR 0x00000000fffe9e00 0x0000000000000200
psu_ocm_ram_2_S_AXI_BASEADDR 0x00000000ffff0040 0x000000000000fdc0
*default*        0x0000000000000000 0xffffffffffffffff

Linker script and memory map

LOAD D:/Vivado/Vitis/2020.1/gnu/aarch64/nt/aarch64-none/bin//../aarch64-xilinx-elf/usr/lib64/aarch64-xilinx-elf/9.2.0/crti.o
LOAD D:/Vivado/Vitis/2020.1/gnu/aarch64/nt/aarch64-none/bin//../aarch64-xilinx-elf/usr/lib64/aarch64-xilinx-elf/9.2.0/crtbegin.o
LOAD D:/Vivado/Vitis/2020.1/gnu/aarch64/nt/aarch64-none/bin//../aarch64-xilinx-elf/usr/lib64/crt0.o
                0x0000000000002000                _STACK_SIZE = DEFINED (_STACK_SIZE)?_STACK_SIZE:0x2000
                0x0000000000000400                _HEAP_SIZE = DEFINED (_HEAP_SIZE)?_HEAP_SIZE:0x400

.text           0x00000000fffc0000     0xddf4
 *(.vectors)
 .vectors       0x00000000fffc0000      0x938 C:/Users/txzing/Desktop/test_for_2cg/golden/vitis/sdk_workspace/system_wrapper/export/system_wrapper/sw/system_wrapper/fsbl_domain/bsplib/lib\libxil.a(asm_vectors.o)
                0x00000000fffc0000                _vector_table
                0x00000000fffc0918                FPUStatus
 *(.boot)
 .boot          0x00000000fffc0938      0x258 C:/Users/txzing/Desktop/test_for_2cg/golden/vitis/sdk_workspace/system_wrapper/export/system_wrapper/sw/system_wrapper/fsbl_domain/bsplib/lib\libxil.a(boot.o)
                0x00000000fffc0938                _prestart
                0x00000000fffc0938                _boot
 *(.text)
 .text          0x00000000fffc0b90        0x0 D:/Vivado/Vitis/2020.1/gnu/aarch64/nt/aarch64-none/bin//../aarch64-xilinx-elf/usr/lib64/aarch64-xilinx-elf/9.2.0/crti.o
 .text          0x00000000fffc0b90       0xf4 D:/Vivado/Vitis/2020.1/gnu/aarch64/nt/aarch64-none/bin//../aarch64-xilinx-elf/usr/lib64/aarch64-xilinx-elf/9.2.0/crtbegin.o
 *fill*         0x00000000fffc0c84        0x4 
 .text          0x00000000fffc0c88       0x70 D:/Vivado/Vitis/2020.1/gnu/aarch64/nt/aarch64-none/bin//../aarch64-xilinx-elf/usr/lib64/crt0.o
                0x00000000fffc0c88                _start
                0x00000000fffc0c88                _mainCRTStartup
                0x00000000fffc0cd4                _cpu_init_hook
 .text          0x00000000fffc0cf8     0x2d74 ./src/psu_init.o
                0x00000000fffc0dc4                prog_reg
                0x00000000fffc0ddc                psu_pll_init_data
                0x00000000fffc1120                psu_clock_init_data
                0x00000000fffc140c                psu_ddr_init_data
                0x00000000fffc2a84                psu_ddr_qos_init_data
                0x00000000fffc2bb0                psu_mio_init_data
                0x00000000fffc2fd4                psu_peripherals_pre_init_data
                0x00000000fffc3018                psu_peripherals_init_data
                0x00000000fffc3218                psu_post_config_data
                0x00000000fffc3220                psu_peripherals_powerdwn_data
                0x00000000fffc325c                psu_lpd_xppu_data
                0x00000000fffc3264                psu_ddr_xmpu0_data
                0x00000000fffc326c                psu_ddr_xmpu1_data
                0x00000000fffc3274                psu_ddr_xmpu2_data
                0x00000000fffc327c                psu_ddr_xmpu3_data
                0x00000000fffc3284                psu_ddr_xmpu4_data
                0x00000000fffc328c                psu_ddr_xmpu5_data
                0x00000000fffc3294                psu_ocm_xmpu_data
                0x00000000fffc329c                psu_fpd_xmpu_data
                0x00000000fffc32a4                psu_protection_lock_data
                0x00000000fffc32ac                psu_apply_master_tz
                0x00000000fffc33a4                psu_serdes_init_data
                0x00000000fffc33ac                psu_resetout_init_data
                0x00000000fffc33d4                psu_resetin_init_data
                0x00000000fffc33dc                psu_ps_pl_isolation_removal_data
                0x00000000fffc342c                psu_afi_config
                0x00000000fffc347c                psu_ps_pl_reset_config_data
                0x00000000fffc351c                psu_ddr_phybringup_data
                0x00000000fffc3944                psu_lpd_protection
                0x00000000fffc394c                psu_ddr_protection
                0x00000000fffc3954                psu_ocm_protection
                0x00000000fffc395c                psu_fpd_protection
                0x00000000fffc3964                psu_protection_lock
                0x00000000fffc396c                psu_protection
                0x00000000fffc3984                psu_init
                0x00000000fffc39fc                psu_init_ddr_self_refresh
 .text          0x00000000fffc3a6c      0x824 ./src/xfsbl_authentication.o
                0x00000000fffc3bf0                XFsbl_SpkVer
                0x00000000fffc3e6c                XFsbl_Authentication
                0x00000000fffc3ed4                XFsbl_ReadPpkHash
                0x00000000fffc3f38                XFsbl_CompareHashs
                0x00000000fffc3f74                XFsbl_PpkVer
                0x00000000fffc4094                XFsbl_BhAuthentication
 .text          0x00000000fffc4290        0x8 ./src/xfsbl_board.o
                0x00000000fffc4290                XFsbl_BoardInit
 .text          0x00000000fffc4298      0x230 ./src/xfsbl_bs.o
                0x00000000fffc4298                XFsbl_PcapInit
                0x00000000fffc4394                XFsbl_PcapWaitForDone
                0x00000000fffc43ac                XFsbl_WriteToPcap
                0x00000000fffc4424                XFsbl_PLWaitForDone
                0x00000000fffc4484                XFsbl_PLCheckForDone
 .text          0x00000000fffc44c8       0x50 ./src/xfsbl_csu_dma.o
                0x00000000fffc44c8                XFsbl_CsuDmaInit
 .text          0x00000000fffc4518        0x0 ./src/xfsbl_ddr_init.o
 .text          0x00000000fffc4518        0x0 ./src/xfsbl_dfu_util.o
 .text          0x00000000fffc4518       0x5c ./src/xfsbl_exit.o
                0x00000000fffc4518                XFsbl_Exit
 .text          0x00000000fffc4574      0xa00 ./src/xfsbl_handoff.o
                0x00000000fffc4bd0                XFsbl_HandoffExit
                0x00000000fffc4bf8                XFsbl_Handoff
                0x00000000fffc4f6c                XFsbl_CheckEarlyHandoff
 .text          0x00000000fffc4f74       0x4c ./src/xfsbl_hooks.o
                0x00000000fffc4f74                XFsbl_HookBeforeBSDownload
                0x00000000fffc4f7c                XFsbl_HookAfterBSDownload
                0x00000000fffc4f84                XFsbl_HookBeforeHandoff
                0x00000000fffc4f8c                XFsbl_HookBeforeFallback
                0x00000000fffc4f94                XFsbl_HookPsuInit
 .text          0x00000000fffc4fc0      0x754 ./src/xfsbl_image_header.o
                0x00000000fffc514c                XFsbl_GetPartitionOwner
                0x00000000fffc5158                XFsbl_IsRsaSignaturePresent
                0x00000000fffc5164                XFsbl_GetChecksumType
                0x00000000fffc5170                XFsbl_GetDestinationCpu
                0x00000000fffc517c                XFsbl_IsEncrypted
                0x00000000fffc5188                XFsbl_GetDestinationDevice
                0x00000000fffc5194                XFsbl_GetA53ExecState
                0x00000000fffc51a0                XFsbl_GetVectorLocation
                0x00000000fffc51ac                XFsbl_GetBlockSize
                0x00000000fffc51c8                XFsbl_ValidateChecksum
                0x00000000fffc5284                XFsbl_ReadImageHeader
                0x00000000fffc542c                XFsbl_ValidatePartitionHeader
 .text          0x00000000fffc5714      0xd40 ./src/xfsbl_initialization.o
                0x00000000fffc5f84                XFsbl_SaveData
                0x00000000fffc5fb4                XFsbl_RestoreData
                0x00000000fffc6050                XFsbl_BootDeviceInitAndValidate
                0x00000000fffc60a0                XFsbl_TcmEccInit
                0x00000000fffc6244                XFsbl_MarkDdrAsReserved
                0x00000000fffc635c                XFsbl_Initialize
 .text          0x00000000fffc6454      0x4c0 ./src/xfsbl_main.o
                0x00000000fffc6594                XFsbl_PrintFsblBanner
                0x00000000fffc65d8                XFsbl_ErrorLockDown
                0x00000000fffc6670                main
 .text          0x00000000fffc6914      0x65c ./src/xfsbl_misc.o
                0x00000000fffc69b0                XFsbl_PrintArray
                0x00000000fffc6a0c                XFsbl_Strcpy
                0x00000000fffc6a30                XFsbl_Strcat
                0x00000000fffc6a58                XFsbl_MemCpy
                0x00000000fffc6a74                XFsbl_Ceil
                0x00000000fffc6a8c                XFsbl_Round
                0x00000000fffc6ab4                XFsbl_MakeSdFileName
                0x00000000fffc6b6c                XFsbl_GetDrvNumSD
                0x00000000fffc6b74                XFsbl_RegisterHandlers
                0x00000000fffc6bd8                XFsbl_PowerUpIsland
                0x00000000fffc6c38                XFsbl_IsolationRestore
                0x00000000fffc6c8c                XFsbl_SetTlbAttributes
                0x00000000fffc6ce4                XFsbl_GetSiliconIdName
                0x00000000fffc6d3c                XFsbl_GetProcEng
                0x00000000fffc6dc0                XFsbl_CheckSupportedCpu
                0x00000000fffc6e10                XFsbl_AdmaCopy
                0x00000000fffc6ef8                XFsbl_PollTimeout
 .text          0x00000000fffc6f70       0x9c ./src/xfsbl_misc_drivers.o
                0x00000000fffc6f70                XFsbl_PmInit
 .text          0x00000000fffc700c        0x0 ./src/xfsbl_nand.o
 .text          0x00000000fffc700c      0xec4 ./src/xfsbl_partition_load.o
                0x00000000fffc78e0                XFsbl_PowerUpMemory
                0x00000000fffc7e50                XFsbl_PartitionLoad
 .text          0x00000000fffc7ed0      0xc28 ./src/xfsbl_plpartition_valid.o
                0x00000000fffc8938                XFsbl_SecPlPartition
 .text          0x00000000fffc8af8     0x12b8 ./src/xfsbl_qspi.o
                0x00000000fffc92a8                XFsbl_Qspi24Init
                0x00000000fffc9440                XFsbl_Qspi24Copy
                0x00000000fffc9840                XFsbl_Qspi24Release
                0x00000000fffc9848                XFsbl_Qspi32Init
                0x00000000fffc9a44                XFsbl_Qspi32Copy
                0x00000000fffc9da8                XFsbl_Qspi32Release
 .text          0x00000000fffc9db0      0x118 ./src/xfsbl_rsa_sha.o
                0x00000000fffc9db0                XFsbl_ShaDigest
                0x00000000fffc9e14                XFsbl_Sha3PadSelect
                0x00000000fffc9e34                XFsbl_ShaStart
                0x00000000fffc9e78                XFsbl_ShaUpdate
                0x00000000fffc9ea0                XFsbl_ShaFinish
 .text          0x00000000fffc9ec8        0x0 ./src/xfsbl_sd.o
 .text          0x00000000fffc9ec8        0x0 ./src/xfsbl_translation_table.o
 .text          0x00000000fffc9ec8        0x0 ./src/xfsbl_usb.o
 .text          0x00000000fffc9ec8     0x3b98 C:\Users\txzing\AppData\Local\Temp\fsbl.elf.h06gnj.ltrans0.ltrans.o
                0x00000000fffca968                XPm_SetConfiguration
                0x00000000fffcaacc                XPm_InitXilpm
                0x00000000fffcab10                XSecure_Sha3_ReadHash
                0x00000000fffcab80                XSecure_Sha3Start
                0x00000000fffcac10                XSecure_Sha3PadSelection
                0x00000000fffcac74                XSecure_SssAes
                0x00000000fffcacc4                XSecure_SssInitialize
                0x00000000fffcacf0                XSecure_Sha3Initialize
                0x00000000fffcad4c                XSecure_AesInitialize
                0x00000000fffcadd8                XSecure_RsaSignVerification
                0x00000000fffcaf10                XGetPSVersion_Info
                0x00000000fffcaf24                XSecure_RsaInitialize
                0x00000000fffcaf80                SErrorInterrupt
                0x00000000fffcaf9c                SynchronousInterrupt
                0x00000000fffcafb8                IRQInterrupt
                0x00000000fffcafd4                FIQInterrupt
                0x00000000fffcaff0                XUartPs_RecvByte
                0x00000000fffcb008                Xil_EndianSwap32
                0x00000000fffcb0d4                XSecure_RsaPublicEncrypt
                0x00000000fffcb510                xil_printf
                0x00000000fffcb910                XGet_Zynq_UltraMp_Platform_info
                0x00000000fffcb924                Xil_WaitForEvent
                0x00000000fffcb998                XSecure_AesKeySelNLoad
                0x00000000fffcb9f8                usleep
                0x00000000fffcb9fc                Xil_DCacheFlush
                0x00000000fffcbb0c                Xil_DCacheDisable
                0x00000000fffcbc30                Xil_DCacheEnable
                0x00000000fffcbd50                Xil_ExceptionRegisterHandler
                0x00000000fffcbd70                Xil_ExceptionInit
                0x00000000fffcbd74                XQspiPsu_SelectFlash
                0x00000000fffcbe18                XQspiPsu_SetClkPrescaler
                0x00000000fffcbf4c                XQspiPsu_SetOptions
                0x00000000fffcc03c                XQspiPsu_LookupConfig
                0x00000000fffcc054                XQspiPsu_PolledTransfer
                0x00000000fffcc560                XQspiPsu_CfgInitialize
                0x00000000fffcc75c                XIpiPsu_LookupConfig
                0x00000000fffcc778                XIpiPsu_CfgInitialize
                0x00000000fffcc804                XCsuDma_IntrClear
                0x00000000fffcc858                XCsuDma_LookupConfig
                0x00000000fffcc874                XCsuDma_GetConfig
                0x00000000fffcc928                XCsuDma_SetConfig
                0x00000000fffcca84                XCsuDma_Transfer
                0x00000000fffccd34                XSecure_Sha3Update
                0x00000000fffcce04                XSecure_Sha3Finish
                0x00000000fffccf68                XSecure_Sha3Digest
                0x00000000fffccfdc                XSecure_AesDecrypt
                0x00000000fffcd634                XSecure_AesDecryptUpdate
                0x00000000fffcd82c                XSecure_AesDecryptInit
                0x00000000fffcd9e8                XCsuDma_CfgInitialize
 .text          0x00000000fffcda60        0x0 C:/Users/txzing/Desktop/test_for_2cg/golden/vitis/sdk_workspace/system_wrapper/export/system_wrapper/sw/system_wrapper/fsbl_domain/bsplib/lib\libxil.a(asm_vectors.o)
 .text          0x00000000fffcda60        0x0 C:/Users/txzing/Desktop/test_for_2cg/golden/vitis/sdk_workspace/system_wrapper/export/system_wrapper/sw/system_wrapper/fsbl_domain/bsplib/lib\libxil.a(boot.o)
 .text          0x00000000fffcda60       0x98 C:/Users/txzing/Desktop/test_for_2cg/golden/vitis/sdk_workspace/system_wrapper/export/system_wrapper/sw/system_wrapper/fsbl_domain/bsplib/lib\libxil.a(xil-crt0.o)
                0x00000000fffcda80                _startup
 .text          0x00000000fffcdaf8       0x14 D:/Vivado/Vitis/2020.1/gnu/aarch64/nt/aarch64-none/bin//../aarch64-xilinx-elf/usr/lib64\libc.a(lib_a-atexit.o)
                0x00000000fffcdaf8                atexit
 .text          0x00000000fffcdb0c        0x0 D:/Vivado/Vitis/2020.1/gnu/aarch64/nt/aarch64-none/bin//../aarch64-xilinx-elf/usr/lib64\libc.a(lib_a-ctype_.o)
 .text          0x00000000fffcdb0c       0x34 D:/Vivado/Vitis/2020.1/gnu/aarch64/nt/aarch64-none/bin//../aarch64-xilinx-elf/usr/lib64\libc.a(lib_a-exit.o)
                0x00000000fffcdb0c                exit
 .text          0x00000000fffcdb40       0x44 D:/Vivado/Vitis/2020.1/gnu/aarch64/nt/aarch64-none/bin//../aarch64-xilinx-elf/usr/lib64\libc.a(lib_a-fini.o)
                0x00000000fffcdb40                __libc_fini_array
 .text          0x00000000fffcdb84        0x0 D:/Vivado/Vitis/2020.1/gnu/aarch64/nt/aarch64-none/bin//../aarch64-xilinx-elf/usr/lib64\libc.a(lib_a-impure.o)
 .text          0x00000000fffcdb84       0x8c D:/Vivado/Vitis/2020.1/gnu/aarch64/nt/aarch64-none/bin//../aarch64-xilinx-elf/usr/lib64\libc.a(lib_a-init.o)
                0x00000000fffcdb84                __libc_init_array
 .text          0x00000000fffcdc10       0x1c D:/Vivado/Vitis/2020.1/gnu/aarch64/nt/aarch64-none/bin//../aarch64-xilinx-elf/usr/lib64\libc.a(lib_a-memset-stub.o)
                0x00000000fffcdc10                memset
 .text          0x00000000fffcdc2c       0x80 D:/Vivado/Vitis/2020.1/gnu/aarch64/nt/aarch64-none/bin//../aarch64-xilinx-elf/usr/lib64\libc.a(lib_a-__atexit.o)
                0x00000000fffcdc2c                __register_exitproc
 .text          0x00000000fffcdcac       0xfc D:/Vivado/Vitis/2020.1/gnu/aarch64/nt/aarch64-none/bin//../aarch64-xilinx-elf/usr/lib64\libc.a(lib_a-__call_atexit.o)
                0x00000000fffcdcac                __call_exitprocs
 .text          0x00000000fffcdda8       0x2c D:/Vivado/Vitis/2020.1/gnu/aarch64/nt/aarch64-none/bin//../aarch64-xilinx-elf/usr/lib64\libc.a(lib_a-strchr-stub.o)
                0x00000000fffcdda8                strchr
 .text          0x00000000fffcddd4       0x1c D:/Vivado/Vitis/2020.1/gnu/aarch64/nt/aarch64-none/bin//../aarch64-xilinx-elf/usr/lib64\libc.a(lib_a-strlen-stub.o)
                0x00000000fffcddd4                strlen
 .text          0x00000000fffcddf0        0x4 C:/Users/txzing/Desktop/test_for_2cg/golden/vitis/sdk_workspace/system_wrapper/export/system_wrapper/sw/system_wrapper/fsbl_domain/bsplib/lib\libxil.a(_exit.o)
                0x00000000fffcddf0                _exit
 .text          0x00000000fffcddf4        0x0 D:/Vivado/Vitis/2020.1/gnu/aarch64/nt/aarch64-none/bin//../aarch64-xilinx-elf/usr/lib64/aarch64-xilinx-elf/9.2.0/crtend.o
 .text          0x00000000fffcddf4        0x0 D:/Vivado/Vitis/2020.1/gnu/aarch64/nt/aarch64-none/bin//../aarch64-xilinx-elf/usr/lib64/aarch64-xilinx-elf/9.2.0/crtn.o
 *(.text.*)
 *(.gnu.linkonce.t.*)
 *(.plt)
 *(.gnu_warning)
 *(.gcc_execpt_table)
 *(.glue_7)
 *(.glue_7t)
 *(.ARM.extab)
 *(.gnu.linkonce.armextab.*)

.iplt           0x00000000fffcddf4        0x0
 .iplt          0x00000000fffcddf4        0x0 D:/Vivado/Vitis/2020.1/gnu/aarch64/nt/aarch64-none/bin//../aarch64-xilinx-elf/usr/lib64/aarch64-xilinx-elf/9.2.0/crtbegin.o

.note.gnu.build-id
                0x00000000fffcddf4       0x24
 *(.note.gnu.build-id)
 .note.gnu.build-id
                0x00000000fffcddf4       0x24 D:/Vivado/Vitis/2020.1/gnu/aarch64/nt/aarch64-none/bin//../aarch64-xilinx-elf/usr/lib64/aarch64-xilinx-elf/9.2.0/crti.o

.init           0x00000000fffcde40       0x34
 *(.init)
 .init          0x00000000fffcde40       0x18 D:/Vivado/Vitis/2020.1/gnu/aarch64/nt/aarch64-none/bin//../aarch64-xilinx-elf/usr/lib64/aarch64-xilinx-elf/9.2.0/crti.o
                0x00000000fffcde40                _init
 .init          0x00000000fffcde58       0x1c D:/Vivado/Vitis/2020.1/gnu/aarch64/nt/aarch64-none/bin//../aarch64-xilinx-elf/usr/lib64/aarch64-xilinx-elf/9.2.0/crtn.o

.fini           0x00000000fffcde80       0x34
 *(.fini)
 .fini          0x00000000fffcde80       0x18 D:/Vivado/Vitis/2020.1/gnu/aarch64/nt/aarch64-none/bin//../aarch64-xilinx-elf/usr/lib64/aarch64-xilinx-elf/9.2.0/crti.o
                0x00000000fffcde80                _fini
 .fini          0x00000000fffcde98       0x1c D:/Vivado/Vitis/2020.1/gnu/aarch64/nt/aarch64-none/bin//../aarch64-xilinx-elf/usr/lib64/aarch64-xilinx-elf/9.2.0/crtn.o

.interp         0x00000000fffcdeb4        0x0
                0x00000000fffcdeb4                __interp_start = .
 *(.interp)
                0x00000000fffcdeb4                __interp_end = .

.note-ABI-tag   0x00000000fffcdeb4        0x0
                0x00000000fffcdeb4                __note-ABI-tag_start = .
 *(.note-ABI-tag)
                0x00000000fffcdeb4                __note-ABI-tag_end = .

.rodata         0x00000000fffcdec0      0x6d0
                0x00000000fffcdec0                __rodata_start = .
 *(.rodata)
 .rodata        0x00000000fffcdec0       0xb0 ./src/xfsbl_misc.o
 .rodata        0x00000000fffcdf70       0xd8 C:\Users\txzing\AppData\Local\Temp\fsbl.elf.h06gnj.ltrans0.ltrans.o
 .rodata        0x00000000fffce048      0x101 D:/Vivado/Vitis/2020.1/gnu/aarch64/nt/aarch64-none/bin//../aarch64-xilinx-elf/usr/lib64\libc.a(lib_a-ctype_.o)
                0x00000000fffce048                _ctype_
 *fill*         0x00000000fffce149        0x7 
 .rodata        0x00000000fffce150        0x8 D:/Vivado/Vitis/2020.1/gnu/aarch64/nt/aarch64-none/bin//../aarch64-xilinx-elf/usr/lib64\libc.a(lib_a-impure.o)
                0x00000000fffce150                _global_impure_ptr
 *(.rodata.*)
 .rodata.cst8   0x00000000fffce158       0x20 D:/Vivado/Vitis/2020.1/gnu/aarch64/nt/aarch64-none/bin//../aarch64-xilinx-elf/usr/lib64/aarch64-xilinx-elf/9.2.0/crtbegin.o
 .rodata.str1.8
                0x00000000fffce178       0xcc ./src/xfsbl_authentication.o
 *fill*         0x00000000fffce244        0x4 
 .rodata.str1.8
                0x00000000fffce248        0x5 ./src/xfsbl_initialization.o
 *fill*         0x00000000fffce24d        0x3 
 .rodata.str1.8
                0x00000000fffce250       0x84 ./src/xfsbl_main.o
 *fill*         0x00000000fffce2d4        0x4 
 .rodata.str1.8
                0x00000000fffce2d8       0xd3 ./src/xfsbl_misc.o
 *fill*         0x00000000fffce3ab        0x5 
 .rodata.str1.8
                0x00000000fffce3b0       0x44 ./src/xfsbl_misc_drivers.o
 *fill*         0x00000000fffce3f4        0x4 
 .rodata.str1.8
                0x00000000fffce3f8       0x88 ./src/xfsbl_plpartition_valid.o
                                         0x86 (size before relaxing)
 .rodata.str1.1
                0x00000000fffce480       0xd9 C:\Users\txzing\AppData\Local\Temp\fsbl.elf.h06gnj.ltrans0.ltrans.o
 *fill*         0x00000000fffce559        0x7 
 .rodata.cst8   0x00000000fffce560       0x10 D:/Vivado/Vitis/2020.1/gnu/aarch64/nt/aarch64-none/bin//../aarch64-xilinx-elf/usr/lib64\libc.a(lib_a-fini.o)
 .rodata.cst8   0x00000000fffce570       0x20 D:/Vivado/Vitis/2020.1/gnu/aarch64/nt/aarch64-none/bin//../aarch64-xilinx-elf/usr/lib64\libc.a(lib_a-init.o)
 *(.gnu.linkonce.r.*)
                0x00000000fffce590                __rodata_end = .

.rodata1        0x00000000fffce5c0        0x0
                0x00000000fffce5c0                __rodata1_start = .
 *(.rodata1)
 *(.rodata1.*)
                0x00000000fffce5c0                __rodata1_end = .

.sys_cfg_data   0x00000000fffce5c0      0x868
 *(.sys_cfg_data)
 .sys_cfg_data  0x00000000fffce5c0      0x868 C:\Users\txzing\AppData\Local\Temp\fsbl.elf.h06gnj.ltrans0.ltrans.o
                0x00000000fffce5c0                XPm_ConfigObject

.eh_frame       0x00000000fffcee28        0x4
 *(.eh_frame)
 .eh_frame      0x00000000fffcee28        0x0 D:/Vivado/Vitis/2020.1/gnu/aarch64/nt/aarch64-none/bin//../aarch64-xilinx-elf/usr/lib64/aarch64-xilinx-elf/9.2.0/crtbegin.o
 .eh_frame      0x00000000fffcee28        0x4 D:/Vivado/Vitis/2020.1/gnu/aarch64/nt/aarch64-none/bin//../aarch64-xilinx-elf/usr/lib64/aarch64-xilinx-elf/9.2.0/crtend.o

.eh_framehdr    0x00000000fffcee2c        0x0
                0x00000000fffcee2c                __eh_framehdr_start = .
 *(.eh_framehdr)
                0x00000000fffcee2c                __eh_framehdr_end = .

.gcc_except_table
 *(.gcc_except_table)

.mmu_tbl0       0x00000000fffcf000       0x10
                0x00000000fffcf000                __mmu_tbl0_start = .
 *(.mmu_tbl0)
 .mmu_tbl0      0x00000000fffcf000       0x10 ./src/xfsbl_translation_table.o
                0x00000000fffcf000                MMUTableL0
                0x00000000fffcf010                __mmu_tbl0_end = .

.mmu_tbl1       0x00000000fffd0000     0x2000
                0x00000000fffd0000                __mmu_tbl1_start = .
 *(.mmu_tbl1)
 .mmu_tbl1      0x00000000fffd0000     0x2000 ./src/xfsbl_translation_table.o
                0x00000000fffd0000                MMUTableL1
                0x00000000fffd2000                __mmu_tbl1_end = .

.mmu_tbl2       0x00000000fffd2000     0x4000
                0x00000000fffd2000                __mmu_tbl2_start = .
 *(.mmu_tbl2)
 .mmu_tbl2      0x00000000fffd2000     0x4000 ./src/xfsbl_translation_table.o
                0x00000000fffd2000                MMUTableL2
                0x00000000fffd6000                __mmu_tbl2_end = .

.rela.dyn       0x00000000fffd6000        0x0
 .rela.iplt     0x00000000fffd6000        0x0 D:/Vivado/Vitis/2020.1/gnu/aarch64/nt/aarch64-none/bin//../aarch64-xilinx-elf/usr/lib64/aarch64-xilinx-elf/9.2.0/crtbegin.o
 .rela.rodata.cst8
                0x00000000fffd6000        0x0 D:/Vivado/Vitis/2020.1/gnu/aarch64/nt/aarch64-none/bin//../aarch64-xilinx-elf/usr/lib64/aarch64-xilinx-elf/9.2.0/crtbegin.o
 .rela.text     0x00000000fffd6000        0x0 D:/Vivado/Vitis/2020.1/gnu/aarch64/nt/aarch64-none/bin//../aarch64-xilinx-elf/usr/lib64/aarch64-xilinx-elf/9.2.0/crtbegin.o
 .rela.boot     0x00000000fffd6000        0x0 D:/Vivado/Vitis/2020.1/gnu/aarch64/nt/aarch64-none/bin//../aarch64-xilinx-elf/usr/lib64/aarch64-xilinx-elf/9.2.0/crtbegin.o

.data           0x00000000fffd6000     0x11d0
                0x00000000fffd6000                __data_start = .
 *(.data)
 .data          0x00000000fffd6000        0x0 D:/Vivado/Vitis/2020.1/gnu/aarch64/nt/aarch64-none/bin//../aarch64-xilinx-elf/usr/lib64/aarch64-xilinx-elf/9.2.0/crti.o
 .data          0x00000000fffd6000        0x8 D:/Vivado/Vitis/2020.1/gnu/aarch64/nt/aarch64-none/bin//../aarch64-xilinx-elf/usr/lib64/aarch64-xilinx-elf/9.2.0/crtbegin.o
                0x00000000fffd6000                __dso_handle
 .data          0x00000000fffd6008        0x0 D:/Vivado/Vitis/2020.1/gnu/aarch64/nt/aarch64-none/bin//../aarch64-xilinx-elf/usr/lib64/crt0.o
 .data          0x00000000fffd6008        0x0 ./src/psu_init.o
 .data          0x00000000fffd6008        0x0 ./src/xfsbl_authentication.o
 .data          0x00000000fffd6008        0x0 ./src/xfsbl_board.o
 .data          0x00000000fffd6008        0x0 ./src/xfsbl_bs.o
 .data          0x00000000fffd6008        0x0 ./src/xfsbl_csu_dma.o
 .data          0x00000000fffd6008        0x0 ./src/xfsbl_ddr_init.o
 .data          0x00000000fffd6008        0x0 ./src/xfsbl_dfu_util.o
 .data          0x00000000fffd6008        0x0 ./src/xfsbl_exit.o
 .data          0x00000000fffd6008        0x0 ./src/xfsbl_handoff.o
 .data          0x00000000fffd6008        0x0 ./src/xfsbl_hooks.o
 .data          0x00000000fffd6008        0x0 ./src/xfsbl_image_header.o
 .data          0x00000000fffd6008        0x8 ./src/xfsbl_initialization.o
                0x00000000fffd6008                ImageHdr
 .data          0x00000000fffd6010      0x938 ./src/xfsbl_main.o
                0x00000000fffd6010                FsblInstance
 .data          0x00000000fffd6948        0x0 ./src/xfsbl_misc.o
 .data          0x00000000fffd6948        0x0 ./src/xfsbl_misc_drivers.o
 .data          0x00000000fffd6948        0x0 ./src/xfsbl_nand.o
 .data          0x00000000fffd6948        0x0 ./src/xfsbl_partition_load.o
 .data          0x00000000fffd6948        0x0 ./src/xfsbl_plpartition_valid.o
 .data          0x00000000fffd6948        0x0 ./src/xfsbl_qspi.o
 .data          0x00000000fffd6948        0x0 ./src/xfsbl_rsa_sha.o
 .data          0x00000000fffd6948        0x0 ./src/xfsbl_sd.o
 .data          0x00000000fffd6948        0x0 ./src/xfsbl_translation_table.o
 .data          0x00000000fffd6948        0x0 ./src/xfsbl_usb.o
 .data          0x00000000fffd6948      0x138 C:\Users\txzing\AppData\Local\Temp\fsbl.elf.h06gnj.ltrans0.ltrans.o
 .data          0x00000000fffd6a80        0x0 C:/Users/txzing/Desktop/test_for_2cg/golden/vitis/sdk_workspace/system_wrapper/export/system_wrapper/sw/system_wrapper/fsbl_domain/bsplib/lib\libxil.a(asm_vectors.o)
 .data          0x00000000fffd6a80        0x0 C:/Users/txzing/Desktop/test_for_2cg/golden/vitis/sdk_workspace/system_wrapper/export/system_wrapper/sw/system_wrapper/fsbl_domain/bsplib/lib\libxil.a(boot.o)
 .data          0x00000000fffd6a80        0x0 C:/Users/txzing/Desktop/test_for_2cg/golden/vitis/sdk_workspace/system_wrapper/export/system_wrapper/sw/system_wrapper/fsbl_domain/bsplib/lib\libxil.a(xil-crt0.o)
 .data          0x00000000fffd6a80        0x0 D:/Vivado/Vitis/2020.1/gnu/aarch64/nt/aarch64-none/bin//../aarch64-xilinx-elf/usr/lib64\libc.a(lib_a-atexit.o)
 .data          0x00000000fffd6a80        0x0 D:/Vivado/Vitis/2020.1/gnu/aarch64/nt/aarch64-none/bin//../aarch64-xilinx-elf/usr/lib64\libc.a(lib_a-ctype_.o)
 .data          0x00000000fffd6a80        0x0 D:/Vivado/Vitis/2020.1/gnu/aarch64/nt/aarch64-none/bin//../aarch64-xilinx-elf/usr/lib64\libc.a(lib_a-exit.o)
 .data          0x00000000fffd6a80        0x0 D:/Vivado/Vitis/2020.1/gnu/aarch64/nt/aarch64-none/bin//../aarch64-xilinx-elf/usr/lib64\libc.a(lib_a-fini.o)
 .data          0x00000000fffd6a80      0x750 D:/Vivado/Vitis/2020.1/gnu/aarch64/nt/aarch64-none/bin//../aarch64-xilinx-elf/usr/lib64\libc.a(lib_a-impure.o)
                0x00000000fffd6a80                _impure_ptr
 .data          0x00000000fffd71d0        0x0 D:/Vivado/Vitis/2020.1/gnu/aarch64/nt/aarch64-none/bin//../aarch64-xilinx-elf/usr/lib64\libc.a(lib_a-init.o)
 .data          0x00000000fffd71d0        0x0 D:/Vivado/Vitis/2020.1/gnu/aarch64/nt/aarch64-none/bin//../aarch64-xilinx-elf/usr/lib64\libc.a(lib_a-memset-stub.o)
 .data          0x00000000fffd71d0        0x0 D:/Vivado/Vitis/2020.1/gnu/aarch64/nt/aarch64-none/bin//../aarch64-xilinx-elf/usr/lib64\libc.a(lib_a-__atexit.o)
 .data          0x00000000fffd71d0        0x0 D:/Vivado/Vitis/2020.1/gnu/aarch64/nt/aarch64-none/bin//../aarch64-xilinx-elf/usr/lib64\libc.a(lib_a-__call_atexit.o)
 .data          0x00000000fffd71d0        0x0 D:/Vivado/Vitis/2020.1/gnu/aarch64/nt/aarch64-none/bin//../aarch64-xilinx-elf/usr/lib64\libc.a(lib_a-strchr-stub.o)
 .data          0x00000000fffd71d0        0x0 D:/Vivado/Vitis/2020.1/gnu/aarch64/nt/aarch64-none/bin//../aarch64-xilinx-elf/usr/lib64\libc.a(lib_a-strlen-stub.o)
 .data          0x00000000fffd71d0        0x0 C:/Users/txzing/Desktop/test_for_2cg/golden/vitis/sdk_workspace/system_wrapper/export/system_wrapper/sw/system_wrapper/fsbl_domain/bsplib/lib\libxil.a(_exit.o)
 .data          0x00000000fffd71d0        0x0 D:/Vivado/Vitis/2020.1/gnu/aarch64/nt/aarch64-none/bin//../aarch64-xilinx-elf/usr/lib64/aarch64-xilinx-elf/9.2.0/crtend.o
 .data          0x00000000fffd71d0        0x0 D:/Vivado/Vitis/2020.1/gnu/aarch64/nt/aarch64-none/bin//../aarch64-xilinx-elf/usr/lib64/aarch64-xilinx-elf/9.2.0/crtn.o
 *(.data.*)
 *(.gnu.linkonce.d.*)
 *(.jcr)
 *(.got)
 *(.got.plt)
                0x00000000fffd71d0                __data_end = .

.tm_clone_table
                0x00000000fffd71d0        0x0
 .tm_clone_table
                0x00000000fffd71d0        0x0 D:/Vivado/Vitis/2020.1/gnu/aarch64/nt/aarch64-none/bin//../aarch64-xilinx-elf/usr/lib64/aarch64-xilinx-elf/9.2.0/crtbegin.o
 .tm_clone_table
                0x00000000fffd71d0        0x0 D:/Vivado/Vitis/2020.1/gnu/aarch64/nt/aarch64-none/bin//../aarch64-xilinx-elf/usr/lib64/aarch64-xilinx-elf/9.2.0/crtend.o

.fini_array     0x00000000fffd71d0        0x8
 .fini_array    0x00000000fffd71d0        0x8 D:/Vivado/Vitis/2020.1/gnu/aarch64/nt/aarch64-none/bin//../aarch64-xilinx-elf/usr/lib64/aarch64-xilinx-elf/9.2.0/crtbegin.o

.init_array     0x00000000fffd71d8        0x8
 .init_array    0x00000000fffd71d8        0x8 D:/Vivado/Vitis/2020.1/gnu/aarch64/nt/aarch64-none/bin//../aarch64-xilinx-elf/usr/lib64/aarch64-xilinx-elf/9.2.0/crtbegin.o

.igot.plt       0x00000000fffd71e0        0x0
 .igot.plt      0x00000000fffd71e0        0x0 D:/Vivado/Vitis/2020.1/gnu/aarch64/nt/aarch64-none/bin//../aarch64-xilinx-elf/usr/lib64/aarch64-xilinx-elf/9.2.0/crtbegin.o

.data1          0x00000000fffd7200        0x0
                0x00000000fffd7200                __data1_start = .
 *(.data1)
 *(.data1.*)
                0x00000000fffd7200                __data1_end = .

.tdata          0x00000000fffd7200        0x0
                0x00000000fffd7200                __tdata_start = .
 *(.tdata)
 *(.tdata.*)
 *(.gnu.linkonce.td.*)
                0x00000000fffd7200                __tdata_end = .

.got
 *(.got)

.got1
 *(.got1)

.got2           0x00000000fffd71e0        0x0 load address 0x00000000fffd7200
 *(.got2)
 .got2          0x00000000fffd71e0        0x0 C:/Users/txzing/Desktop/test_for_2cg/golden/vitis/sdk_workspace/system_wrapper/export/system_wrapper/sw/system_wrapper/fsbl_domain/bsplib/lib\libxil.a(xil-crt0.o)

.fixup          0x00000000fffd71e0        0x0
                0x00000000fffd71e0                __fixup_start = .
 *(.fixup)
                0x00000000fffd71e0                __fixup_end = .

.ARM.exidx      0x00000000fffd71e0        0x0
                0x00000000fffd71e0                __exidx_start = .
 *(.ARM.exidx*)
 *(.gnu.linkonce.armexidix.*.*)
                0x00000000fffd71e0                __exidx_end = .

.preinit_array  0x00000000fffd7200        0x0
                0x00000000fffd7200                __preinit_array_start = .
 *(SORT_BY_NAME(.preinit_array.*))
 *(.preinit_array)
                0x00000000fffd7200                __preinit_array_end = .

.ARM.attributes
                0x00000000fffd71e0        0x0
                0x00000000fffd71e0                __ARM.attributes_start = .
 *(.ARM.attributes)
                0x00000000fffd71e0                __ARM.attributes_end = .

.sdata          0x00000000fffd7200        0x0
                0x00000000fffd7200                __sdata_start = .
 *(.sdata)
 *(.sdata.*)
 *(.gnu.linkonce.s.*)
                0x00000000fffd7200                __sdata_end = .

.sdata2         0x00000000fffd7200        0x0
                0x00000000fffd7200                __sdata2_start = .
 *(.sdata2)
 *(.sdata2.*)
 *(.gnu.linkonce.s2.*)
                0x00000000fffd7200                __sdata2_end = .

.sbss           0x00000000fffd71e0       0x20 load address 0x00000000fffd7200
                0x00000000fffd7200                . = ALIGN (0x40)
 *fill*         0x00000000fffd71e0       0x20 
                0x00000000fffd7200                __sbss_start = .
 *(.sbss)
 *(.sbss.*)
 *(.gnu.linkonce.sb.*)
                0x00000000fffd7200                . = ALIGN (0x40)
                0x00000000fffd7200                __sbss_end = .

.sbss2          0x00000000fffd7200        0x0
                0x00000000fffd7200                __sbss2_start = .
 *(.sbss2)
 *(.sbss2.*)
 *(.gnu.linkonce.sb2.*)
                0x00000000fffd7200                __sbss2_end = .

.tbss           0x00000000fffd7200        0x0
                0x00000000fffd7200                __tbss_start = .
 *(.tbss)
 *(.tbss.*)
 *(.gnu.linkonce.tb.*)
                0x00000000fffd7200                __tbss_end = .

.bss            0x00000000fffd7200     0x16c0 load address 0x00000000fffd7220
                0x00000000fffd7200                . = ALIGN (0x40)
                0x00000000fffd7200                __bss_start__ = .
 *(.bss)
 .bss           0x00000000fffd7200        0x0 D:/Vivado/Vitis/2020.1/gnu/aarch64/nt/aarch64-none/bin//../aarch64-xilinx-elf/usr/lib64/aarch64-xilinx-elf/9.2.0/crti.o
 .bss           0x00000000fffd7200       0x38 D:/Vivado/Vitis/2020.1/gnu/aarch64/nt/aarch64-none/bin//../aarch64-xilinx-elf/usr/lib64/aarch64-xilinx-elf/9.2.0/crtbegin.o
 .bss           0x00000000fffd7238        0x0 D:/Vivado/Vitis/2020.1/gnu/aarch64/nt/aarch64-none/bin//../aarch64-xilinx-elf/usr/lib64/crt0.o
 .bss           0x00000000fffd7238        0x0 ./src/psu_init.o
 *fill*         0x00000000fffd7238        0x8 
 .bss           0x00000000fffd7240      0x480 ./src/xfsbl_authentication.o
                0x00000000fffd7280                EfusePpkKey
 .bss           0x00000000fffd76c0        0x0 ./src/xfsbl_board.o
 .bss           0x00000000fffd76c0        0x0 ./src/xfsbl_bs.o
 .bss           0x00000000fffd76c0       0x10 ./src/xfsbl_csu_dma.o
                0x00000000fffd76c0                CsuDma
 .bss           0x00000000fffd76d0        0x0 ./src/xfsbl_ddr_init.o
 .bss           0x00000000fffd76d0        0x0 ./src/xfsbl_dfu_util.o
 .bss           0x00000000fffd76d0        0x0 ./src/xfsbl_exit.o
 .bss           0x00000000fffd76d0        0x4 ./src/xfsbl_handoff.o
 .bss           0x00000000fffd76d4        0x0 ./src/xfsbl_hooks.o
 .bss           0x00000000fffd76d4        0x0 ./src/xfsbl_image_header.o
 .bss           0x00000000fffd76d4        0x0 ./src/xfsbl_initialization.o
 .bss           0x00000000fffd76d4        0x0 ./src/xfsbl_main.o
 .bss           0x00000000fffd76d4        0x0 ./src/xfsbl_misc.o
 .bss           0x00000000fffd76d4        0x0 ./src/xfsbl_misc_drivers.o
 .bss           0x00000000fffd76d4        0x0 ./src/xfsbl_nand.o
 *fill*         0x00000000fffd76d4        0x4 
 .bss           0x00000000fffd76d8      0xf38 ./src/xfsbl_partition_load.o
                0x00000000fffd76d8                Iv
                0x00000000fffd7750                AuthBuffer
 .bss           0x00000000fffd8610        0x0 ./src/xfsbl_plpartition_valid.o
 *fill*         0x00000000fffd8610       0x10 
 .bss           0x00000000fffd8620      0x1f0 ./src/xfsbl_qspi.o
 .bss           0x00000000fffd8810       0x90 ./src/xfsbl_rsa_sha.o
 .bss           0x00000000fffd88a0        0x0 ./src/xfsbl_sd.o
 .bss           0x00000000fffd88a0        0x0 ./src/xfsbl_translation_table.o
 .bss           0x00000000fffd88a0        0x0 ./src/xfsbl_usb.o
 .bss           0x00000000fffd88a0        0x0 C:\Users\txzing\AppData\Local\Temp\fsbl.elf.h06gnj.ltrans0.ltrans.o
 .bss           0x00000000fffd88a0        0x0 C:/Users/txzing/Desktop/test_for_2cg/golden/vitis/sdk_workspace/system_wrapper/export/system_wrapper/sw/system_wrapper/fsbl_domain/bsplib/lib\libxil.a(asm_vectors.o)
 .bss           0x00000000fffd88a0        0x0 C:/Users/txzing/Desktop/test_for_2cg/golden/vitis/sdk_workspace/system_wrapper/export/system_wrapper/sw/system_wrapper/fsbl_domain/bsplib/lib\libxil.a(boot.o)
 .bss           0x00000000fffd88a0        0x0 C:/Users/txzing/Desktop/test_for_2cg/golden/vitis/sdk_workspace/system_wrapper/export/system_wrapper/sw/system_wrapper/fsbl_domain/bsplib/lib\libxil.a(xil-crt0.o)
 .bss           0x00000000fffd88a0        0x0 D:/Vivado/Vitis/2020.1/gnu/aarch64/nt/aarch64-none/bin//../aarch64-xilinx-elf/usr/lib64\libc.a(lib_a-atexit.o)
 .bss           0x00000000fffd88a0        0x0 D:/Vivado/Vitis/2020.1/gnu/aarch64/nt/aarch64-none/bin//../aarch64-xilinx-elf/usr/lib64\libc.a(lib_a-ctype_.o)
 .bss           0x00000000fffd88a0        0x0 D:/Vivado/Vitis/2020.1/gnu/aarch64/nt/aarch64-none/bin//../aarch64-xilinx-elf/usr/lib64\libc.a(lib_a-exit.o)
 .bss           0x00000000fffd88a0        0x0 D:/Vivado/Vitis/2020.1/gnu/aarch64/nt/aarch64-none/bin//../aarch64-xilinx-elf/usr/lib64\libc.a(lib_a-fini.o)
 .bss           0x00000000fffd88a0        0x0 D:/Vivado/Vitis/2020.1/gnu/aarch64/nt/aarch64-none/bin//../aarch64-xilinx-elf/usr/lib64\libc.a(lib_a-impure.o)
 .bss           0x00000000fffd88a0        0x0 D:/Vivado/Vitis/2020.1/gnu/aarch64/nt/aarch64-none/bin//../aarch64-xilinx-elf/usr/lib64\libc.a(lib_a-init.o)
 .bss           0x00000000fffd88a0        0x0 D:/Vivado/Vitis/2020.1/gnu/aarch64/nt/aarch64-none/bin//../aarch64-xilinx-elf/usr/lib64\libc.a(lib_a-memset-stub.o)
 .bss           0x00000000fffd88a0        0x0 D:/Vivado/Vitis/2020.1/gnu/aarch64/nt/aarch64-none/bin//../aarch64-xilinx-elf/usr/lib64\libc.a(lib_a-__atexit.o)
 .bss           0x00000000fffd88a0        0x0 D:/Vivado/Vitis/2020.1/gnu/aarch64/nt/aarch64-none/bin//../aarch64-xilinx-elf/usr/lib64\libc.a(lib_a-__call_atexit.o)
 .bss           0x00000000fffd88a0        0x0 D:/Vivado/Vitis/2020.1/gnu/aarch64/nt/aarch64-none/bin//../aarch64-xilinx-elf/usr/lib64\libc.a(lib_a-strchr-stub.o)
 .bss           0x00000000fffd88a0        0x0 D:/Vivado/Vitis/2020.1/gnu/aarch64/nt/aarch64-none/bin//../aarch64-xilinx-elf/usr/lib64\libc.a(lib_a-strlen-stub.o)
 .bss           0x00000000fffd88a0        0x0 C:/Users/txzing/Desktop/test_for_2cg/golden/vitis/sdk_workspace/system_wrapper/export/system_wrapper/sw/system_wrapper/fsbl_domain/bsplib/lib\libxil.a(_exit.o)
 .bss           0x00000000fffd88a0        0x0 D:/Vivado/Vitis/2020.1/gnu/aarch64/nt/aarch64-none/bin//../aarch64-xilinx-elf/usr/lib64/aarch64-xilinx-elf/9.2.0/crtend.o
 .bss           0x00000000fffd88a0        0x0 D:/Vivado/Vitis/2020.1/gnu/aarch64/nt/aarch64-none/bin//../aarch64-xilinx-elf/usr/lib64/aarch64-xilinx-elf/9.2.0/crtn.o
 *(.bss.*)
 *(.gnu.linkonce.b.*)
 *(COMMON)
 COMMON         0x00000000fffd88a0        0x4 ./src/xfsbl_initialization.o
                0x00000000fffd88a0                SdCdnRegVal
                0x00000000fffd88c0                . = ALIGN (0x40)
 *fill*         0x00000000fffd88a4       0x1c 
                0x00000000fffd88c0                __bss_end__ = .
                0x00000000fffd7200                _SDA_BASE_ = (__sdata_start + ((__sbss_end - __sdata_start) / 0x2))
                0x00000000fffd7200                _SDA2_BASE_ = (__sdata2_start + ((__sbss2_end - __sdata2_start) / 0x2))

.heap           0x00000000fffd88c0      0x400 load address 0x00000000fffd88e0
                0x00000000fffd88c0                . = ALIGN (0x40)
                0x00000000fffd88c0                _heap = .
                0x00000000fffd88c0                HeapBase = .
                0x00000000fffd88c0                _heap_start = .
                0x00000000fffd8cc0                . = (. + _HEAP_SIZE)
 *fill*         0x00000000fffd88c0      0x400 
                0x00000000fffd8cc0                _heap_end = .
                0x00000000fffd8cc0                HeapLimit = .

.stack          0x00000000fffd8cc0     0x2000 load address 0x00000000fffd8ce0
                0x00000000fffd8cc0                . = ALIGN (0x40)
                0x00000000fffd8cc0                _el3_stack_end = .
                0x00000000fffdacc0                . = (. + _STACK_SIZE)
 *fill*         0x00000000fffd8cc0     0x2000 
                0x00000000fffdacc0                __el3_stack = .
                0x00000000fffdacc0                __el2_stack = .
                0x00000000fffdacc0                __el1_stack = .
                0x00000000fffdacc0                __el0_stack = .

.dup_data       0x00000000fffdacc0     0x11d0 load address 0x00000000fffdace0
                0x00000000fffdacc0                __dup_data_start = .
                0x00000000fffdbe90                . = (. + (__data_end - __data_start))
 *fill*         0x00000000fffdacc0     0x11d0 
                0x00000000fffdbe90                __dup_data_end = .

.handoff_params
                0x00000000fffe9e00       0x88
                0x00000000fffe9e00                . = ALIGN (0x200)
 *(.handoff_params)
 .handoff_params
                0x00000000fffe9e00       0x88 ./src/xfsbl_image_header.o

.bitstream_buffer
                0x00000000ffff0040     0xfc00
                0x00000000ffff0040                . = ALIGN (0x20)
 *(.bitstream_buffer)
 .bitstream_buffer
                0x00000000ffff0040     0xe000 ./src/xfsbl_bs.o
                0x00000000ffff0040                ReadBuffer
 .bitstream_buffer
                0x00000000ffffe040     0x1c00 ./src/xfsbl_partition_load.o
                0x00000000ffffe040                HashsOfChunks
                0x00000000fffffc40                _end = .
LOAD ./src/psu_init.o
LOAD ./src/xfsbl_authentication.o
LOAD ./src/xfsbl_board.o
LOAD ./src/xfsbl_bs.o
LOAD ./src/xfsbl_csu_dma.o
LOAD ./src/xfsbl_ddr_init.o
LOAD ./src/xfsbl_dfu_util.o
LOAD ./src/xfsbl_exit.o
LOAD ./src/xfsbl_handoff.o
LOAD ./src/xfsbl_hooks.o
LOAD ./src/xfsbl_image_header.o
LOAD ./src/xfsbl_initialization.o
LOAD ./src/xfsbl_main.o
LOAD ./src/xfsbl_misc.o
LOAD ./src/xfsbl_misc_drivers.o
LOAD ./src/xfsbl_nand.o
LOAD ./src/xfsbl_partition_load.o
LOAD ./src/xfsbl_plpartition_valid.o
LOAD ./src/xfsbl_qspi.o
LOAD ./src/xfsbl_rsa_sha.o
LOAD ./src/xfsbl_sd.o
LOAD ./src/xfsbl_translation_table.o
LOAD ./src/xfsbl_usb.o
LOAD C:\Users\txzing\AppData\Local\Temp\fsbl.elf.h06gnj.ltrans0.ltrans.o
LOAD C:\Users\txzing\AppData\Local\Temp\cc908okN.debug.temp.o
LOAD C:\Users\txzing\AppData\Local\Temp\ccGkwZZ7.debug.temp.o
LOAD C:\Users\txzing\AppData\Local\Temp\cc59TE2s.debug.temp.o
LOAD C:\Users\txzing\AppData\Local\Temp\ccaZKS0N.debug.temp.o
LOAD C:\Users\txzing\AppData\Local\Temp\ccPOSlY7.debug.temp.o
LOAD C:\Users\txzing\AppData\Local\Temp\ccgVwx9r.debug.temp.o
LOAD C:\Users\txzing\AppData\Local\Temp\cct6mKfM.debug.temp.o
LOAD C:\Users\txzing\AppData\Local\Temp\ccyHyGz6.debug.temp.o
LOAD C:\Users\txzing\AppData\Local\Temp\ccH2wo3q.debug.temp.o
LOAD C:\Users\txzing\AppData\Local\Temp\cc8MFBsL.debug.temp.o
LOAD C:\Users\txzing\AppData\Local\Temp\ccHJ2TP4.debug.temp.o
LOAD C:\Users\txzing\AppData\Local\Temp\cc2WVUqo.debug.temp.o
LOAD C:\Users\txzing\AppData\Local\Temp\ccjyuwXH.debug.temp.o
LOAD C:\Users\txzing\AppData\Local\Temp\ccK4XrI1.debug.temp.o
LOAD C:\Users\txzing\AppData\Local\Temp\ccPxDVol.debug.temp.o
LOAD C:\Users\txzing\AppData\Local\Temp\ccOpPAiF.debug.temp.o
LOAD C:\Users\txzing\AppData\Local\Temp\ccJFGQ7Y.debug.temp.o
LOAD C:\Users\txzing\AppData\Local\Temp\ccsNM24h.debug.temp.o
LOAD C:\Users\txzing\AppData\Local\Temp\ccbVSe2A.debug.temp.o
LOAD C:\Users\txzing\AppData\Local\Temp\ccKdLvbU.debug.temp.o
LOAD C:\Users\txzing\AppData\Local\Temp\cch7Axud.debug.temp.o
LOAD C:\Users\txzing\AppData\Local\Temp\cceCH5Iw.debug.temp.o
LOAD C:\Users\txzing\AppData\Local\Temp\ccjpJnCT.debug.temp.o
LOAD C:\Users\txzing\AppData\Local\Temp\ccqRtqJg.debug.temp.o
LOAD C:\Users\txzing\AppData\Local\Temp\cchFDeOD.debug.temp.o
LOAD C:\Users\txzing\AppData\Local\Temp\ccIZYS20.debug.temp.o
LOAD C:\Users\txzing\AppData\Local\Temp\cc3EI7co.debug.temp.o
LOAD C:\Users\txzing\AppData\Local\Temp\ccoksmnL.debug.temp.o
LOAD C:\Users\txzing\AppData\Local\Temp\ccp3MKK8.debug.temp.o
LOAD C:\Users\txzing\AppData\Local\Temp\cck7vJ3v.debug.temp.o
LOAD C:\Users\txzing\AppData\Local\Temp\ccpQDDsS.debug.temp.o
LOAD C:\Users\txzing\AppData\Local\Temp\ccaze6Me.debug.temp.o
LOAD C:\Users\txzing\AppData\Local\Temp\ccXWxjlB.debug.temp.o
LOAD C:\Users\txzing\AppData\Local\Temp\ccYjZgMX.debug.temp.o
LOAD C:\Users\txzing\AppData\Local\Temp\cc91IRqk.debug.temp.o
LOAD C:\Users\txzing\AppData\Local\Temp\cciRWlfH.debug.temp.o
LOAD C:\Users\txzing\AppData\Local\Temp\cc5CmoZ3.debug.temp.o
LOAD C:\Users\txzing\AppData\Local\Temp\ccqOswMp.debug.temp.o
LOAD C:\Users\txzing\AppData\Local\Temp\ccx4KFuL.debug.temp.o
LOAD C:\Users\txzing\AppData\Local\Temp\ccqBzxq7.debug.temp.o
LOAD C:\Users\txzing\AppData\Local\Temp\ccPGbigt.debug.temp.o
LOAD C:\Users\txzing\AppData\Local\Temp\cciuNNjP.debug.temp.o
START GROUP
LOAD C:/Users/txzing/Desktop/test_for_2cg/golden/vitis/sdk_workspace/system_wrapper/export/system_wrapper/sw/system_wrapper/fsbl_domain/bsplib/lib\libxil.a
LOAD D:/Vivado/Vitis/2020.1/gnu/aarch64/nt/aarch64-none/bin//../aarch64-xilinx-elf/usr/lib64/aarch64-xilinx-elf/9.2.0\libgcc.a
LOAD D:/Vivado/Vitis/2020.1/gnu/aarch64/nt/aarch64-none/bin//../aarch64-xilinx-elf/usr/lib64\libc.a
END GROUP
START GROUP
LOAD C:/Users/txzing/Desktop/test_for_2cg/golden/vitis/sdk_workspace/system_wrapper/export/system_wrapper/sw/system_wrapper/fsbl_domain/bsplib/lib\libxilffs.a
LOAD C:/Users/txzing/Desktop/test_for_2cg/golden/vitis/sdk_workspace/system_wrapper/export/system_wrapper/sw/system_wrapper/fsbl_domain/bsplib/lib\libxil.a
LOAD D:/Vivado/Vitis/2020.1/gnu/aarch64/nt/aarch64-none/bin//../aarch64-xilinx-elf/usr/lib64/aarch64-xilinx-elf/9.2.0\libgcc.a
LOAD D:/Vivado/Vitis/2020.1/gnu/aarch64/nt/aarch64-none/bin//../aarch64-xilinx-elf/usr/lib64\libc.a
END GROUP
START GROUP
LOAD C:/Users/txzing/Desktop/test_for_2cg/golden/vitis/sdk_workspace/system_wrapper/export/system_wrapper/sw/system_wrapper/fsbl_domain/bsplib/lib\libxilsecure.a
LOAD C:/Users/txzing/Desktop/test_for_2cg/golden/vitis/sdk_workspace/system_wrapper/export/system_wrapper/sw/system_wrapper/fsbl_domain/bsplib/lib\libxil.a
LOAD D:/Vivado/Vitis/2020.1/gnu/aarch64/nt/aarch64-none/bin//../aarch64-xilinx-elf/usr/lib64/aarch64-xilinx-elf/9.2.0\libgcc.a
LOAD D:/Vivado/Vitis/2020.1/gnu/aarch64/nt/aarch64-none/bin//../aarch64-xilinx-elf/usr/lib64\libc.a
END GROUP
START GROUP
LOAD C:/Users/txzing/Desktop/test_for_2cg/golden/vitis/sdk_workspace/system_wrapper/export/system_wrapper/sw/system_wrapper/fsbl_domain/bsplib/lib\libxilpm.a
LOAD C:/Users/txzing/Desktop/test_for_2cg/golden/vitis/sdk_workspace/system_wrapper/export/system_wrapper/sw/system_wrapper/fsbl_domain/bsplib/lib\libxil.a
LOAD D:/Vivado/Vitis/2020.1/gnu/aarch64/nt/aarch64-none/bin//../aarch64-xilinx-elf/usr/lib64/aarch64-xilinx-elf/9.2.0\libgcc.a
LOAD D:/Vivado/Vitis/2020.1/gnu/aarch64/nt/aarch64-none/bin//../aarch64-xilinx-elf/usr/lib64\libc.a
END GROUP
LOAD D:/Vivado/Vitis/2020.1/gnu/aarch64/nt/aarch64-none/bin//../aarch64-xilinx-elf/usr/lib64/aarch64-xilinx-elf/9.2.0\libgcc.a
LOAD D:/Vivado/Vitis/2020.1/gnu/aarch64/nt/aarch64-none/bin//../aarch64-xilinx-elf/usr/lib64\libc.a
LOAD D:/Vivado/Vitis/2020.1/gnu/aarch64/nt/aarch64-none/bin//../aarch64-xilinx-elf/usr/lib64/aarch64-xilinx-elf/9.2.0\libgcc.a
LOAD D:/Vivado/Vitis/2020.1/gnu/aarch64/nt/aarch64-none/bin//../aarch64-xilinx-elf/usr/lib64/aarch64-xilinx-elf/9.2.0/crtend.o
LOAD D:/Vivado/Vitis/2020.1/gnu/aarch64/nt/aarch64-none/bin//../aarch64-xilinx-elf/usr/lib64/aarch64-xilinx-elf/9.2.0/crtn.o
OUTPUT(fsbl.elf elf64-littleaarch64)

.comment        0x0000000000000000       0x11
 .comment       0x0000000000000000       0x11 D:/Vivado/Vitis/2020.1/gnu/aarch64/nt/aarch64-none/bin//../aarch64-xilinx-elf/usr/lib64/aarch64-xilinx-elf/9.2.0/crtbegin.o
                                         0x12 (size before relaxing)
 .comment       0x0000000000000011       0x12 ./src/psu_init.o
 .comment       0x0000000000000011       0x12 ./src/xfsbl_authentication.o
 .comment       0x0000000000000011       0x12 ./src/xfsbl_board.o
 .comment       0x0000000000000011       0x12 ./src/xfsbl_bs.o
 .comment       0x0000000000000011       0x12 ./src/xfsbl_csu_dma.o
 .comment       0x0000000000000011       0x12 ./src/xfsbl_ddr_init.o
 .comment       0x0000000000000011       0x12 ./src/xfsbl_dfu_util.o
 .comment       0x0000000000000011       0x12 ./src/xfsbl_handoff.o
 .comment       0x0000000000000011       0x12 ./src/xfsbl_hooks.o
 .comment       0x0000000000000011       0x12 ./src/xfsbl_image_header.o
 .comment       0x0000000000000011       0x12 ./src/xfsbl_initialization.o
 .comment       0x0000000000000011       0x12 ./src/xfsbl_main.o
 .comment       0x0000000000000011       0x12 ./src/xfsbl_misc.o
 .comment       0x0000000000000011       0x12 ./src/xfsbl_misc_drivers.o
 .comment       0x0000000000000011       0x12 ./src/xfsbl_nand.o
 .comment       0x0000000000000011       0x12 ./src/xfsbl_partition_load.o
 .comment       0x0000000000000011       0x12 ./src/xfsbl_plpartition_valid.o
 .comment       0x0000000000000011       0x12 ./src/xfsbl_qspi.o
 .comment       0x0000000000000011       0x12 ./src/xfsbl_rsa_sha.o
 .comment       0x0000000000000011       0x12 ./src/xfsbl_sd.o
 .comment       0x0000000000000011       0x12 ./src/xfsbl_usb.o
 .comment       0x0000000000000011       0x12 C:\Users\txzing\AppData\Local\Temp\fsbl.elf.h06gnj.ltrans0.ltrans.o
 .comment       0x0000000000000011       0x12 C:\Users\txzing\AppData\Local\Temp\cc908okN.debug.temp.o
 .comment       0x0000000000000011       0x12 C:\Users\txzing\AppData\Local\Temp\ccGkwZZ7.debug.temp.o
 .comment       0x0000000000000011       0x12 C:\Users\txzing\AppData\Local\Temp\cc59TE2s.debug.temp.o
 .comment       0x0000000000000011       0x12 C:\Users\txzing\AppData\Local\Temp\ccaZKS0N.debug.temp.o
 .comment       0x0000000000000011       0x12 C:\Users\txzing\AppData\Local\Temp\ccPOSlY7.debug.temp.o
 .comment       0x0000000000000011       0x12 C:\Users\txzing\AppData\Local\Temp\ccgVwx9r.debug.temp.o
 .comment       0x0000000000000011       0x12 C:\Users\txzing\AppData\Local\Temp\cct6mKfM.debug.temp.o
 .comment       0x0000000000000011       0x12 C:\Users\txzing\AppData\Local\Temp\ccyHyGz6.debug.temp.o
 .comment       0x0000000000000011       0x12 C:\Users\txzing\AppData\Local\Temp\ccH2wo3q.debug.temp.o
 .comment       0x0000000000000011       0x12 C:\Users\txzing\AppData\Local\Temp\cc8MFBsL.debug.temp.o
 .comment       0x0000000000000011       0x12 C:\Users\txzing\AppData\Local\Temp\ccHJ2TP4.debug.temp.o
 .comment       0x0000000000000011       0x12 C:\Users\txzing\AppData\Local\Temp\cc2WVUqo.debug.temp.o
 .comment       0x0000000000000011       0x12 C:\Users\txzing\AppData\Local\Temp\ccjyuwXH.debug.temp.o
 .comment       0x0000000000000011       0x12 C:\Users\txzing\AppData\Local\Temp\ccK4XrI1.debug.temp.o
 .comment       0x0000000000000011       0x12 C:\Users\txzing\AppData\Local\Temp\ccPxDVol.debug.temp.o
 .comment       0x0000000000000011       0x12 C:\Users\txzing\AppData\Local\Temp\ccOpPAiF.debug.temp.o
 .comment       0x0000000000000011       0x12 C:\Users\txzing\AppData\Local\Temp\ccJFGQ7Y.debug.temp.o
 .comment       0x0000000000000011       0x12 C:\Users\txzing\AppData\Local\Temp\ccsNM24h.debug.temp.o
 .comment       0x0000000000000011       0x12 C:\Users\txzing\AppData\Local\Temp\ccbVSe2A.debug.temp.o
 .comment       0x0000000000000011       0x12 C:\Users\txzing\AppData\Local\Temp\ccKdLvbU.debug.temp.o
 .comment       0x0000000000000011       0x12 C:\Users\txzing\AppData\Local\Temp\cch7Axud.debug.temp.o
 .comment       0x0000000000000011       0x12 C:\Users\txzing\AppData\Local\Temp\cceCH5Iw.debug.temp.o
 .comment       0x0000000000000011       0x12 C:\Users\txzing\AppData\Local\Temp\ccjpJnCT.debug.temp.o
 .comment       0x0000000000000011       0x12 C:\Users\txzing\AppData\Local\Temp\ccqRtqJg.debug.temp.o
 .comment       0x0000000000000011       0x12 C:\Users\txzing\AppData\Local\Temp\cchFDeOD.debug.temp.o
 .comment       0x0000000000000011       0x12 C:\Users\txzing\AppData\Local\Temp\ccIZYS20.debug.temp.o
 .comment       0x0000000000000011       0x12 C:\Users\txzing\AppData\Local\Temp\cc3EI7co.debug.temp.o
 .comment       0x0000000000000011       0x12 C:\Users\txzing\AppData\Local\Temp\ccoksmnL.debug.temp.o
 .comment       0x0000000000000011       0x12 C:\Users\txzing\AppData\Local\Temp\ccp3MKK8.debug.temp.o
 .comment       0x0000000000000011       0x12 C:\Users\txzing\AppData\Local\Temp\cck7vJ3v.debug.temp.o
 .comment       0x0000000000000011       0x12 C:\Users\txzing\AppData\Local\Temp\ccpQDDsS.debug.temp.o
 .comment       0x0000000000000011       0x12 C:\Users\txzing\AppData\Local\Temp\ccaze6Me.debug.temp.o
 .comment       0x0000000000000011       0x12 C:\Users\txzing\AppData\Local\Temp\ccXWxjlB.debug.temp.o
 .comment       0x0000000000000011       0x12 C:\Users\txzing\AppData\Local\Temp\ccYjZgMX.debug.temp.o
 .comment       0x0000000000000011       0x12 C:\Users\txzing\AppData\Local\Temp\cc91IRqk.debug.temp.o
 .comment       0x0000000000000011       0x12 C:\Users\txzing\AppData\Local\Temp\cciRWlfH.debug.temp.o
 .comment       0x0000000000000011       0x12 C:\Users\txzing\AppData\Local\Temp\cc5CmoZ3.debug.temp.o
 .comment       0x0000000000000011       0x12 C:\Users\txzing\AppData\Local\Temp\ccqOswMp.debug.temp.o
 .comment       0x0000000000000011       0x12 C:\Users\txzing\AppData\Local\Temp\ccx4KFuL.debug.temp.o
 .comment       0x0000000000000011       0x12 C:\Users\txzing\AppData\Local\Temp\ccqBzxq7.debug.temp.o
 .comment       0x0000000000000011       0x12 C:\Users\txzing\AppData\Local\Temp\ccPGbigt.debug.temp.o
 .comment       0x0000000000000011       0x12 C:\Users\txzing\AppData\Local\Temp\cciuNNjP.debug.temp.o
 .comment       0x0000000000000011       0x12 C:/Users/txzing/Desktop/test_for_2cg/golden/vitis/sdk_workspace/system_wrapper/export/system_wrapper/sw/system_wrapper/fsbl_domain/bsplib/lib\libxil.a(_exit.o)
 .comment       0x0000000000000011       0x12 D:/Vivado/Vitis/2020.1/gnu/aarch64/nt/aarch64-none/bin//../aarch64-xilinx-elf/usr/lib64/aarch64-xilinx-elf/9.2.0/crtend.o

.debug_line     0x0000000000000000    0x147ae
 .debug_line    0x0000000000000000       0x94 D:/Vivado/Vitis/2020.1/gnu/aarch64/nt/aarch64-none/bin//../aarch64-xilinx-elf/usr/lib64/crt0.o
 .debug_line    0x0000000000000094     0x11f7 ./src/psu_init.o
 .debug_line    0x000000000000128b      0xc40 ./src/xfsbl_authentication.o
 .debug_line    0x0000000000001ecb      0x4e4 ./src/xfsbl_board.o
 .debug_line    0x00000000000023af      0x9bc ./src/xfsbl_bs.o
 .debug_line    0x0000000000002d6b      0x544 ./src/xfsbl_csu_dma.o
 .debug_line    0x00000000000032af      0x4b4 ./src/xfsbl_ddr_init.o
 .debug_line    0x0000000000003763      0x4b4 ./src/xfsbl_dfu_util.o
 .debug_line    0x0000000000003c17       0x5e ./src/xfsbl_exit.o
 .debug_line    0x0000000000003c75     0x1495 ./src/xfsbl_handoff.o
 .debug_line    0x000000000000510a      0x553 ./src/xfsbl_hooks.o
 .debug_line    0x000000000000565d      0xb49 ./src/xfsbl_image_header.o
 .debug_line    0x00000000000061a6     0x1a34 ./src/xfsbl_initialization.o
 .debug_line    0x0000000000007bda      0xb72 ./src/xfsbl_main.o
 .debug_line    0x000000000000874c      0xe1b ./src/xfsbl_misc.o
 .debug_line    0x0000000000009567      0x5e2 ./src/xfsbl_misc_drivers.o
 .debug_line    0x0000000000009b49      0x4b0 ./src/xfsbl_nand.o
 .debug_line    0x0000000000009ff9     0x15d7 ./src/xfsbl_partition_load.o
 .debug_line    0x000000000000b5d0     0x10df ./src/xfsbl_plpartition_valid.o
 .debug_line    0x000000000000c6af     0x1519 ./src/xfsbl_qspi.o
 .debug_line    0x000000000000dbc8      0x6a3 ./src/xfsbl_rsa_sha.o
 .debug_line    0x000000000000e26b      0x50f ./src/xfsbl_sd.o
 .debug_line    0x000000000000e77a      0x4af ./src/xfsbl_usb.o
 .debug_line    0x000000000000ec29      0x257 C:\Users\txzing\AppData\Local\Temp\cc908okN.debug.temp.o
 .debug_line    0x000000000000ee80      0x251 C:\Users\txzing\AppData\Local\Temp\ccGkwZZ7.debug.temp.o
 .debug_line    0x000000000000f0d1      0x25c C:\Users\txzing\AppData\Local\Temp\cc59TE2s.debug.temp.o
 .debug_line    0x000000000000f32d      0x264 C:\Users\txzing\AppData\Local\Temp\ccaZKS0N.debug.temp.o
 .debug_line    0x000000000000f591      0x251 C:\Users\txzing\AppData\Local\Temp\ccPOSlY7.debug.temp.o
 .debug_line    0x000000000000f7e2      0x24d C:\Users\txzing\AppData\Local\Temp\ccgVwx9r.debug.temp.o
 .debug_line    0x000000000000fa2f      0x259 C:\Users\txzing\AppData\Local\Temp\cct6mKfM.debug.temp.o
 .debug_line    0x000000000000fc88      0x25c C:\Users\txzing\AppData\Local\Temp\ccyHyGz6.debug.temp.o
 .debug_line    0x000000000000fee4      0x253 C:\Users\txzing\AppData\Local\Temp\ccH2wo3q.debug.temp.o
 .debug_line    0x0000000000010137      0x261 C:\Users\txzing\AppData\Local\Temp\cc8MFBsL.debug.temp.o
 .debug_line    0x0000000000010398      0x24f C:\Users\txzing\AppData\Local\Temp\ccHJ2TP4.debug.temp.o
 .debug_line    0x00000000000105e7      0x261 C:\Users\txzing\AppData\Local\Temp\cc2WVUqo.debug.temp.o
 .debug_line    0x0000000000010848      0x134 C:\Users\txzing\AppData\Local\Temp\ccjyuwXH.debug.temp.o
 .debug_line    0x000000000001097c      0x11e C:\Users\txzing\AppData\Local\Temp\ccK4XrI1.debug.temp.o
 .debug_line    0x0000000000010a9a      0x22f C:\Users\txzing\AppData\Local\Temp\ccPxDVol.debug.temp.o
 .debug_line    0x0000000000010cc9      0x235 C:\Users\txzing\AppData\Local\Temp\ccOpPAiF.debug.temp.o
 .debug_line    0x0000000000010efe      0x23a C:\Users\txzing\AppData\Local\Temp\ccJFGQ7Y.debug.temp.o
 .debug_line    0x0000000000011138      0x240 C:\Users\txzing\AppData\Local\Temp\ccsNM24h.debug.temp.o
 .debug_line    0x0000000000011378      0x10b C:\Users\txzing\AppData\Local\Temp\ccbVSe2A.debug.temp.o
 .debug_line    0x0000000000011483      0x25a C:\Users\txzing\AppData\Local\Temp\ccKdLvbU.debug.temp.o
 .debug_line    0x00000000000116dd      0x22c C:\Users\txzing\AppData\Local\Temp\cch7Axud.debug.temp.o
 .debug_line    0x0000000000011909      0x24d C:\Users\txzing\AppData\Local\Temp\cceCH5Iw.debug.temp.o
 .debug_line    0x0000000000011b56      0x24d C:\Users\txzing\AppData\Local\Temp\ccjpJnCT.debug.temp.o
 .debug_line    0x0000000000011da3      0x24f C:\Users\txzing\AppData\Local\Temp\ccqRtqJg.debug.temp.o
 .debug_line    0x0000000000011ff2      0x238 C:\Users\txzing\AppData\Local\Temp\cchFDeOD.debug.temp.o
 .debug_line    0x000000000001222a      0x23e C:\Users\txzing\AppData\Local\Temp\ccIZYS20.debug.temp.o
 .debug_line    0x0000000000012468      0x246 C:\Users\txzing\AppData\Local\Temp\cc3EI7co.debug.temp.o
 .debug_line    0x00000000000126ae      0x12e C:\Users\txzing\AppData\Local\Temp\ccoksmnL.debug.temp.o
 .debug_line    0x00000000000127dc      0x11e C:\Users\txzing\AppData\Local\Temp\ccp3MKK8.debug.temp.o
 .debug_line    0x00000000000128fa      0x258 C:\Users\txzing\AppData\Local\Temp\cck7vJ3v.debug.temp.o
 .debug_line    0x0000000000012b52      0x2a4 C:\Users\txzing\AppData\Local\Temp\ccpQDDsS.debug.temp.o
 .debug_line    0x0000000000012df6      0x25f C:\Users\txzing\AppData\Local\Temp\ccaze6Me.debug.temp.o
 .debug_line    0x0000000000013055      0x290 C:\Users\txzing\AppData\Local\Temp\ccXWxjlB.debug.temp.o
 .debug_line    0x00000000000132e5      0x27c C:\Users\txzing\AppData\Local\Temp\ccYjZgMX.debug.temp.o
 .debug_line    0x0000000000013561      0x263 C:\Users\txzing\AppData\Local\Temp\cc91IRqk.debug.temp.o
 .debug_line    0x00000000000137c4      0x11e C:\Users\txzing\AppData\Local\Temp\cciRWlfH.debug.temp.o
 .debug_line    0x00000000000138e2      0x12c C:\Users\txzing\AppData\Local\Temp\cc5CmoZ3.debug.temp.o
 .debug_line    0x0000000000013a0e      0x293 C:\Users\txzing\AppData\Local\Temp\ccqOswMp.debug.temp.o
 .debug_line    0x0000000000013ca1      0x275 C:\Users\txzing\AppData\Local\Temp\ccx4KFuL.debug.temp.o
 .debug_line    0x0000000000013f16      0x275 C:\Users\txzing\AppData\Local\Temp\ccqBzxq7.debug.temp.o
 .debug_line    0x000000000001418b      0x295 C:\Users\txzing\AppData\Local\Temp\ccPGbigt.debug.temp.o
 .debug_line    0x0000000000014420      0x11e C:\Users\txzing\AppData\Local\Temp\cciuNNjP.debug.temp.o
 .debug_line    0x000000000001453e       0x85 C:/Users/txzing/Desktop/test_for_2cg/golden/vitis/sdk_workspace/system_wrapper/export/system_wrapper/sw/system_wrapper/fsbl_domain/bsplib/lib\libxil.a(asm_vectors.o)
 .debug_line    0x00000000000145c3       0xc8 C:/Users/txzing/Desktop/test_for_2cg/golden/vitis/sdk_workspace/system_wrapper/export/system_wrapper/sw/system_wrapper/fsbl_domain/bsplib/lib\libxil.a(boot.o)
 .debug_line    0x000000000001468b       0x5b C:/Users/txzing/Desktop/test_for_2cg/golden/vitis/sdk_workspace/system_wrapper/export/system_wrapper/sw/system_wrapper/fsbl_domain/bsplib/lib\libxil.a(xil-crt0.o)
 .debug_line    0x00000000000146e6       0xc8 C:/Users/txzing/Desktop/test_for_2cg/golden/vitis/sdk_workspace/system_wrapper/export/system_wrapper/sw/system_wrapper/fsbl_domain/bsplib/lib\libxil.a(_exit.o)

.debug_info     0x0000000000000000    0x40209
 .debug_info    0x0000000000000000       0x2e D:/Vivado/Vitis/2020.1/gnu/aarch64/nt/aarch64-none/bin//../aarch64-xilinx-elf/usr/lib64/crt0.o
 .debug_info    0x000000000000002e     0x52a2 ./src/psu_init.o
 .debug_info    0x00000000000052d0     0x2001 ./src/xfsbl_authentication.o
 .debug_info    0x00000000000072d1      0x9d5 ./src/xfsbl_board.o
 .debug_info    0x0000000000007ca6     0x1337 ./src/xfsbl_bs.o
 .debug_info    0x0000000000008fdd      0xb23 ./src/xfsbl_csu_dma.o
 .debug_info    0x0000000000009b00      0x986 ./src/xfsbl_ddr_init.o
 .debug_info    0x000000000000a486      0x986 ./src/xfsbl_dfu_util.o
 .debug_info    0x000000000000ae0c       0x2e ./src/xfsbl_exit.o
 .debug_info    0x000000000000ae3a     0x2d20 ./src/xfsbl_handoff.o
 .debug_info    0x000000000000db5a      0xb69 ./src/xfsbl_hooks.o
 .debug_info    0x000000000000e6c3     0x15b4 ./src/xfsbl_image_header.o
 .debug_info    0x000000000000fc77     0x33f3 ./src/xfsbl_initialization.o
 .debug_info    0x000000000001306a     0x188d ./src/xfsbl_main.o
 .debug_info    0x00000000000148f7     0x1c73 ./src/xfsbl_misc.o
 .debug_info    0x000000000001656a      0xfb2 ./src/xfsbl_misc_drivers.o
 .debug_info    0x000000000001751c      0x986 ./src/xfsbl_nand.o
 .debug_info    0x0000000000017ea2     0x2cf0 ./src/xfsbl_partition_load.o
 .debug_info    0x000000000001ab92     0x2ea4 ./src/xfsbl_plpartition_valid.o
 .debug_info    0x000000000001da36     0x19f1 ./src/xfsbl_qspi.o
 .debug_info    0x000000000001f427      0xe77 ./src/xfsbl_rsa_sha.o
 .debug_info    0x000000000002029e      0x986 ./src/xfsbl_sd.o
 .debug_info    0x0000000000020c24      0x986 ./src/xfsbl_usb.o
 .debug_info    0x00000000000215aa      0xf57 C:\Users\txzing\AppData\Local\Temp\cc908okN.debug.temp.o
                0x00000000000215aa                xcsudma.c.523237c6
 .debug_info    0x0000000000022501      0xa5e C:\Users\txzing\AppData\Local\Temp\ccGkwZZ7.debug.temp.o
                0x0000000000022501                xcsudma_sinit.c.2f112e7d
 .debug_info    0x0000000000022f5f      0xbee C:\Users\txzing\AppData\Local\Temp\cc59TE2s.debug.temp.o
                0x0000000000022f5f                xcsudma_intr.c.5f71c290
 .debug_info    0x0000000000023b4d      0xd3a C:\Users\txzing\AppData\Local\Temp\ccaZKS0N.debug.temp.o
                0x0000000000023b4d                xipipsu.c.2e4b8ad0
 .debug_info    0x0000000000024887      0xa85 C:\Users\txzing\AppData\Local\Temp\ccPOSlY7.debug.temp.o
                0x0000000000024887                xipipsu_sinit.c.c3ad1ba2
 .debug_info    0x000000000002530c      0xa4f C:\Users\txzing\AppData\Local\Temp\ccgVwx9r.debug.temp.o
                0x000000000002530c                xipipsu_g.c.b101615f
 .debug_info    0x0000000000025d5b     0x10b1 C:\Users\txzing\AppData\Local\Temp\cct6mKfM.debug.temp.o
                0x0000000000025d5b                xqspipsu.c.1ffd7b6e
 .debug_info    0x0000000000026e0c     0x1066 C:\Users\txzing\AppData\Local\Temp\ccyHyGz6.debug.temp.o
                0x0000000000026e0c                xqspipsu_hw.c.70d8855a
 .debug_info    0x0000000000027e72      0xa84 C:\Users\txzing\AppData\Local\Temp\ccH2wo3q.debug.temp.o
                0x0000000000027e72                xqspipsu_sinit.c.3c2ca3ca
 .debug_info    0x00000000000288f6      0xdec C:\Users\txzing\AppData\Local\Temp\cc8MFBsL.debug.temp.o
                0x00000000000288f6                xqspipsu_control.c.c271aae1
 .debug_info    0x00000000000296e2      0xa49 C:\Users\txzing\AppData\Local\Temp\ccHJ2TP4.debug.temp.o
                0x00000000000296e2                xqspipsu_g.c.8212853d
 .debug_info    0x000000000002a12b      0xf16 C:\Users\txzing\AppData\Local\Temp\cc2WVUqo.debug.temp.o
                0x000000000002a12b                xqspipsu_options.c.5981b7b2
 .debug_info    0x000000000002b041      0x216 C:\Users\txzing\AppData\Local\Temp\ccjyuwXH.debug.temp.o
                0x000000000002b041                xil_exception.c.6b56b882
 .debug_info    0x000000000002b257      0x175 C:\Users\txzing\AppData\Local\Temp\ccK4XrI1.debug.temp.o
                0x000000000002b257                xil_assert.c.4184775c
 .debug_info    0x000000000002b3cc      0xf5c C:\Users\txzing\AppData\Local\Temp\ccPxDVol.debug.temp.o
                0x000000000002b3cc                xil_cache.c.a78bec21
 .debug_info    0x000000000002c328      0x9b0 C:\Users\txzing\AppData\Local\Temp\ccOpPAiF.debug.temp.o
                0x000000000002c328                xil_sleepcommon.c.8da16578
 .debug_info    0x000000000002ccd8      0xd62 C:\Users\txzing\AppData\Local\Temp\ccJFGQ7Y.debug.temp.o
                0x000000000002ccd8                xil_util.c.7594cae8
 .debug_info    0x000000000002da3a      0xa05 C:\Users\txzing\AppData\Local\Temp\ccsNM24h.debug.temp.o
                0x000000000002da3a                xplatform_info.c.96df4af2
 .debug_info    0x000000000002e43f      0x112 C:\Users\txzing\AppData\Local\Temp\ccbVSe2A.debug.temp.o
                0x000000000002e43f                xil_mem.c.e7929100
 .debug_info    0x000000000002e551      0xd15 C:\Users\txzing\AppData\Local\Temp\ccKdLvbU.debug.temp.o
                0x000000000002e551                xil_printf.c.7b886ff0
 .debug_info    0x000000000002f266      0x9f4 C:\Users\txzing\AppData\Local\Temp\cch7Axud.debug.temp.o
                0x000000000002f266                xil_io.c.bb1a5536
 .debug_info    0x000000000002fc5a      0xa85 C:\Users\txzing\AppData\Local\Temp\cceCH5Iw.debug.temp.o
                0x000000000002fc5a                xuartps_hw.c.1a0b66e2
 .debug_info    0x00000000000306df      0xa27 C:\Users\txzing\AppData\Local\Temp\ccjpJnCT.debug.temp.o
                0x00000000000306df                xcsudma_g.c.b77b245b
 .debug_info    0x0000000000031106      0xb51 C:\Users\txzing\AppData\Local\Temp\ccqRtqJg.debug.temp.o
                0x0000000000031106                xipipsu_buf.c.e56c5469
 .debug_info    0x0000000000031c57      0xa43 C:\Users\txzing\AppData\Local\Temp\cchFDeOD.debug.temp.o
                0x0000000000031c57                sleep.c.2199bf90
 .debug_info    0x000000000003269a      0x995 C:\Users\txzing\AppData\Local\Temp\ccIZYS20.debug.temp.o
                0x000000000003269a                outbyte.c.ccd4e59c
 .debug_info    0x000000000003302f      0xa79 C:\Users\txzing\AppData\Local\Temp\cc3EI7co.debug.temp.o
                0x000000000003302f                xtime_l.c.6cb6dc16
 .debug_info    0x0000000000033aa8      0x151 C:\Users\txzing\AppData\Local\Temp\ccoksmnL.debug.temp.o
                0x0000000000033aa8                vectors.c.9d393a78
 .debug_info    0x0000000000033bf9      0x175 C:\Users\txzing\AppData\Local\Temp\ccp3MKK8.debug.temp.o
 .debug_info    0x0000000000033d6e      0xbc5 C:\Users\txzing\AppData\Local\Temp\cck7vJ3v.debug.temp.o
                0x0000000000033d6e                xsecure_rsa.c.0fdbc075
 .debug_info    0x0000000000034933     0x1464 C:\Users\txzing\AppData\Local\Temp\ccpQDDsS.debug.temp.o
                0x0000000000034933                xsecure_aes.c.3e507707
 .debug_info    0x0000000000035d97      0xcc7 C:\Users\txzing\AppData\Local\Temp\ccaze6Me.debug.temp.o
                0x0000000000035d97                xsecure_sss.c.0f090c1c
 .debug_info    0x0000000000036a5e     0x1005 C:\Users\txzing\AppData\Local\Temp\ccXWxjlB.debug.temp.o
                0x0000000000036a5e                xsecure_sha.c.99cae3e7
 .debug_info    0x0000000000037a63      0xe36 C:\Users\txzing\AppData\Local\Temp\ccYjZgMX.debug.temp.o
                0x0000000000037a63                xsecure_rsa_core.c.ef44c484
 .debug_info    0x0000000000038899      0xa5d C:\Users\txzing\AppData\Local\Temp\cc91IRqk.debug.temp.o
                0x0000000000038899                xsecure_utils.c.957c9481
 .debug_info    0x00000000000392f6      0x175 C:\Users\txzing\AppData\Local\Temp\cciRWlfH.debug.temp.o
 .debug_info    0x000000000003946b      0x5cf C:\Users\txzing\AppData\Local\Temp\cc5CmoZ3.debug.temp.o
                0x000000000003946b                pm_cfg_obj.c.96bf176f
 .debug_info    0x0000000000039a3a     0x2be7 C:\Users\txzing\AppData\Local\Temp\ccqOswMp.debug.temp.o
                0x0000000000039a3a                pm_api_sys.c.c91c8fcf
 .debug_info    0x000000000003c621     0x1a53 C:\Users\txzing\AppData\Local\Temp\ccx4KFuL.debug.temp.o
                0x000000000003c621                pm_clock.c.f45ea711
 .debug_info    0x000000000003e074      0xf55 C:\Users\txzing\AppData\Local\Temp\ccqBzxq7.debug.temp.o
                0x000000000003e074                pm_client.c.ac93a8f6
 .debug_info    0x000000000003efc9      0xf37 C:\Users\txzing\AppData\Local\Temp\ccPGbigt.debug.temp.o
                0x000000000003efc9                pm_callbacks.c.2349035e
 .debug_info    0x000000000003ff00      0x175 C:\Users\txzing\AppData\Local\Temp\cciuNNjP.debug.temp.o
 .debug_info    0x0000000000040075       0x2e C:/Users/txzing/Desktop/test_for_2cg/golden/vitis/sdk_workspace/system_wrapper/export/system_wrapper/sw/system_wrapper/fsbl_domain/bsplib/lib\libxil.a(asm_vectors.o)
 .debug_info    0x00000000000400a3       0x2e C:/Users/txzing/Desktop/test_for_2cg/golden/vitis/sdk_workspace/system_wrapper/export/system_wrapper/sw/system_wrapper/fsbl_domain/bsplib/lib\libxil.a(boot.o)
 .debug_info    0x00000000000400d1       0x2e C:/Users/txzing/Desktop/test_for_2cg/golden/vitis/sdk_workspace/system_wrapper/export/system_wrapper/sw/system_wrapper/fsbl_domain/bsplib/lib\libxil.a(xil-crt0.o)
 .debug_info    0x00000000000400ff      0x10a C:/Users/txzing/Desktop/test_for_2cg/golden/vitis/sdk_workspace/system_wrapper/export/system_wrapper/sw/system_wrapper/fsbl_domain/bsplib/lib\libxil.a(_exit.o)

.debug_abbrev   0x0000000000000000     0x9d71
 .debug_abbrev  0x0000000000000000       0x14 D:/Vivado/Vitis/2020.1/gnu/aarch64/nt/aarch64-none/bin//../aarch64-xilinx-elf/usr/lib64/crt0.o
 .debug_abbrev  0x0000000000000014      0x44b ./src/psu_init.o
 .debug_abbrev  0x000000000000045f      0x45b ./src/xfsbl_authentication.o
 .debug_abbrev  0x00000000000008ba      0x217 ./src/xfsbl_board.o
 .debug_abbrev  0x0000000000000ad1      0x3ea ./src/xfsbl_bs.o
 .debug_abbrev  0x0000000000000ebb      0x277 ./src/xfsbl_csu_dma.o
 .debug_abbrev  0x0000000000001132      0x1d7 ./src/xfsbl_ddr_init.o
 .debug_abbrev  0x0000000000001309      0x1d7 ./src/xfsbl_dfu_util.o
 .debug_abbrev  0x00000000000014e0       0x14 ./src/xfsbl_exit.o
 .debug_abbrev  0x00000000000014f4      0x411 ./src/xfsbl_handoff.o
 .debug_abbrev  0x0000000000001905      0x2b8 ./src/xfsbl_hooks.o
 .debug_abbrev  0x0000000000001bbd      0x3e8 ./src/xfsbl_image_header.o
 .debug_abbrev  0x0000000000001fa5      0x4eb ./src/xfsbl_initialization.o
 .debug_abbrev  0x0000000000002490      0x39f ./src/xfsbl_main.o
 .debug_abbrev  0x000000000000282f      0x48f ./src/xfsbl_misc.o
 .debug_abbrev  0x0000000000002cbe      0x313 ./src/xfsbl_misc_drivers.o
 .debug_abbrev  0x0000000000002fd1      0x1d7 ./src/xfsbl_nand.o
 .debug_abbrev  0x00000000000031a8      0x49c ./src/xfsbl_partition_load.o
 .debug_abbrev  0x0000000000003644      0x4a1 ./src/xfsbl_plpartition_valid.o
 .debug_abbrev  0x0000000000003ae5      0x351 ./src/xfsbl_qspi.o
 .debug_abbrev  0x0000000000003e36      0x2b5 ./src/xfsbl_rsa_sha.o
 .debug_abbrev  0x00000000000040eb      0x1d7 ./src/xfsbl_sd.o
 .debug_abbrev  0x00000000000042c2      0x1d7 ./src/xfsbl_usb.o
 .debug_abbrev  0x0000000000004499      0x2b2 C:\Users\txzing\AppData\Local\Temp\cc908okN.debug.temp.o
 .debug_abbrev  0x000000000000474b      0x20e C:\Users\txzing\AppData\Local\Temp\ccGkwZZ7.debug.temp.o
 .debug_abbrev  0x0000000000004959      0x25f C:\Users\txzing\AppData\Local\Temp\cc59TE2s.debug.temp.o
 .debug_abbrev  0x0000000000004bb8      0x274 C:\Users\txzing\AppData\Local\Temp\ccaZKS0N.debug.temp.o
 .debug_abbrev  0x0000000000004e2c      0x207 C:\Users\txzing\AppData\Local\Temp\ccPOSlY7.debug.temp.o
 .debug_abbrev  0x0000000000005033      0x1e5 C:\Users\txzing\AppData\Local\Temp\ccgVwx9r.debug.temp.o
 .debug_abbrev  0x0000000000005218      0x2db C:\Users\txzing\AppData\Local\Temp\cct6mKfM.debug.temp.o
 .debug_abbrev  0x00000000000054f3      0x2c2 C:\Users\txzing\AppData\Local\Temp\ccyHyGz6.debug.temp.o
 .debug_abbrev  0x00000000000057b5      0x207 C:\Users\txzing\AppData\Local\Temp\ccH2wo3q.debug.temp.o
 .debug_abbrev  0x00000000000059bc      0x2a4 C:\Users\txzing\AppData\Local\Temp\cc8MFBsL.debug.temp.o
 .debug_abbrev  0x0000000000005c60      0x1e5 C:\Users\txzing\AppData\Local\Temp\ccHJ2TP4.debug.temp.o
 .debug_abbrev  0x0000000000005e45      0x28c C:\Users\txzing\AppData\Local\Temp\cc2WVUqo.debug.temp.o
 .debug_abbrev  0x00000000000060d1      0x12b C:\Users\txzing\AppData\Local\Temp\ccjyuwXH.debug.temp.o
 .debug_abbrev  0x00000000000061fc       0xcd C:\Users\txzing\AppData\Local\Temp\ccK4XrI1.debug.temp.o
 .debug_abbrev  0x00000000000062c9      0x262 C:\Users\txzing\AppData\Local\Temp\ccPxDVol.debug.temp.o
 .debug_abbrev  0x000000000000652b      0x207 C:\Users\txzing\AppData\Local\Temp\ccOpPAiF.debug.temp.o
 .debug_abbrev  0x0000000000006732      0x292 C:\Users\txzing\AppData\Local\Temp\ccJFGQ7Y.debug.temp.o
 .debug_abbrev  0x00000000000069c4      0x229 C:\Users\txzing\AppData\Local\Temp\ccsNM24h.debug.temp.o
 .debug_abbrev  0x0000000000006bed       0x91 C:\Users\txzing\AppData\Local\Temp\ccbVSe2A.debug.temp.o
 .debug_abbrev  0x0000000000006c7e      0x289 C:\Users\txzing\AppData\Local\Temp\ccKdLvbU.debug.temp.o
 .debug_abbrev  0x0000000000006f07      0x21a C:\Users\txzing\AppData\Local\Temp\cch7Axud.debug.temp.o
 .debug_abbrev  0x0000000000007121      0x243 C:\Users\txzing\AppData\Local\Temp\cceCH5Iw.debug.temp.o
 .debug_abbrev  0x0000000000007364      0x1e5 C:\Users\txzing\AppData\Local\Temp\ccjpJnCT.debug.temp.o
 .debug_abbrev  0x0000000000007549      0x207 C:\Users\txzing\AppData\Local\Temp\ccqRtqJg.debug.temp.o
 .debug_abbrev  0x0000000000007750      0x231 C:\Users\txzing\AppData\Local\Temp\cchFDeOD.debug.temp.o
 .debug_abbrev  0x0000000000007981      0x1f4 C:\Users\txzing\AppData\Local\Temp\ccIZYS20.debug.temp.o
 .debug_abbrev  0x0000000000007b75      0x244 C:\Users\txzing\AppData\Local\Temp\cc3EI7co.debug.temp.o
 .debug_abbrev  0x0000000000007db9       0xb6 C:\Users\txzing\AppData\Local\Temp\ccoksmnL.debug.temp.o
 .debug_abbrev  0x0000000000007e6f       0xcd C:\Users\txzing\AppData\Local\Temp\ccp3MKK8.debug.temp.o
 .debug_abbrev  0x0000000000007f3c      0x2a8 C:\Users\txzing\AppData\Local\Temp\cck7vJ3v.debug.temp.o
 .debug_abbrev  0x00000000000081e4      0x31a C:\Users\txzing\AppData\Local\Temp\ccpQDDsS.debug.temp.o
 .debug_abbrev  0x00000000000084fe      0x288 C:\Users\txzing\AppData\Local\Temp\ccaze6Me.debug.temp.o
 .debug_abbrev  0x0000000000008786      0x2fd C:\Users\txzing\AppData\Local\Temp\ccXWxjlB.debug.temp.o
 .debug_abbrev  0x0000000000008a83      0x2dd C:\Users\txzing\AppData\Local\Temp\ccYjZgMX.debug.temp.o
 .debug_abbrev  0x0000000000008d60      0x21d C:\Users\txzing\AppData\Local\Temp\cc91IRqk.debug.temp.o
 .debug_abbrev  0x0000000000008f7d       0xcd C:\Users\txzing\AppData\Local\Temp\cciRWlfH.debug.temp.o
 .debug_abbrev  0x000000000000904a       0xaa C:\Users\txzing\AppData\Local\Temp\cc5CmoZ3.debug.temp.o
 .debug_abbrev  0x00000000000090f4      0x33f C:\Users\txzing\AppData\Local\Temp\ccqOswMp.debug.temp.o
 .debug_abbrev  0x0000000000009433      0x28a C:\Users\txzing\AppData\Local\Temp\ccx4KFuL.debug.temp.o
 .debug_abbrev  0x00000000000096bd      0x2b1 C:\Users\txzing\AppData\Local\Temp\ccqBzxq7.debug.temp.o
 .debug_abbrev  0x000000000000996e      0x274 C:\Users\txzing\AppData\Local\Temp\ccPGbigt.debug.temp.o
 .debug_abbrev  0x0000000000009be2       0xcd C:\Users\txzing\AppData\Local\Temp\cciuNNjP.debug.temp.o
 .debug_abbrev  0x0000000000009caf       0x14 C:/Users/txzing/Desktop/test_for_2cg/golden/vitis/sdk_workspace/system_wrapper/export/system_wrapper/sw/system_wrapper/fsbl_domain/bsplib/lib\libxil.a(asm_vectors.o)
 .debug_abbrev  0x0000000000009cc3       0x14 C:/Users/txzing/Desktop/test_for_2cg/golden/vitis/sdk_workspace/system_wrapper/export/system_wrapper/sw/system_wrapper/fsbl_domain/bsplib/lib\libxil.a(boot.o)
 .debug_abbrev  0x0000000000009cd7       0x14 C:/Users/txzing/Desktop/test_for_2cg/golden/vitis/sdk_workspace/system_wrapper/export/system_wrapper/sw/system_wrapper/fsbl_domain/bsplib/lib\libxil.a(xil-crt0.o)
 .debug_abbrev  0x0000000000009ceb       0x86 C:/Users/txzing/Desktop/test_for_2cg/golden/vitis/sdk_workspace/system_wrapper/export/system_wrapper/sw/system_wrapper/fsbl_domain/bsplib/lib\libxil.a(_exit.o)

.debug_aranges  0x0000000000000000      0x4c0
 .debug_aranges
                0x0000000000000000       0x30 D:/Vivado/Vitis/2020.1/gnu/aarch64/nt/aarch64-none/bin//../aarch64-xilinx-elf/usr/lib64/crt0.o
 .debug_aranges
                0x0000000000000030       0x30 ./src/psu_init.o
 .debug_aranges
                0x0000000000000060       0x30 ./src/xfsbl_authentication.o
 .debug_aranges
                0x0000000000000090       0x30 ./src/xfsbl_board.o
 .debug_aranges
                0x00000000000000c0       0x30 ./src/xfsbl_bs.o
 .debug_aranges
                0x00000000000000f0       0x30 ./src/xfsbl_csu_dma.o
 .debug_aranges
                0x0000000000000120       0x20 ./src/xfsbl_ddr_init.o
 .debug_aranges
                0x0000000000000140       0x20 ./src/xfsbl_dfu_util.o
 .debug_aranges
                0x0000000000000160       0x30 ./src/xfsbl_exit.o
 .debug_aranges
                0x0000000000000190       0x30 ./src/xfsbl_handoff.o
 .debug_aranges
                0x00000000000001c0       0x30 ./src/xfsbl_hooks.o
 .debug_aranges
                0x00000000000001f0       0x30 ./src/xfsbl_image_header.o
 .debug_aranges
                0x0000000000000220       0x30 ./src/xfsbl_initialization.o
 .debug_aranges
                0x0000000000000250       0x30 ./src/xfsbl_main.o
 .debug_aranges
                0x0000000000000280       0x30 ./src/xfsbl_misc.o
 .debug_aranges
                0x00000000000002b0       0x30 ./src/xfsbl_misc_drivers.o
 .debug_aranges
                0x00000000000002e0       0x20 ./src/xfsbl_nand.o
 .debug_aranges
                0x0000000000000300       0x30 ./src/xfsbl_partition_load.o
 .debug_aranges
                0x0000000000000330       0x30 ./src/xfsbl_plpartition_valid.o
 .debug_aranges
                0x0000000000000360       0x30 ./src/xfsbl_qspi.o
 .debug_aranges
                0x0000000000000390       0x30 ./src/xfsbl_rsa_sha.o
 .debug_aranges
                0x00000000000003c0       0x20 ./src/xfsbl_sd.o
 .debug_aranges
                0x00000000000003e0       0x20 ./src/xfsbl_usb.o
 .debug_aranges
                0x0000000000000400       0x30 C:/Users/txzing/Desktop/test_for_2cg/golden/vitis/sdk_workspace/system_wrapper/export/system_wrapper/sw/system_wrapper/fsbl_domain/bsplib/lib\libxil.a(asm_vectors.o)
 .debug_aranges
                0x0000000000000430       0x30 C:/Users/txzing/Desktop/test_for_2cg/golden/vitis/sdk_workspace/system_wrapper/export/system_wrapper/sw/system_wrapper/fsbl_domain/bsplib/lib\libxil.a(boot.o)
 .debug_aranges
                0x0000000000000460       0x30 C:/Users/txzing/Desktop/test_for_2cg/golden/vitis/sdk_workspace/system_wrapper/export/system_wrapper/sw/system_wrapper/fsbl_domain/bsplib/lib\libxil.a(xil-crt0.o)
 .debug_aranges
                0x0000000000000490       0x30 C:/Users/txzing/Desktop/test_for_2cg/golden/vitis/sdk_workspace/system_wrapper/export/system_wrapper/sw/system_wrapper/fsbl_domain/bsplib/lib\libxil.a(_exit.o)

.debug_str      0x0000000000000000    0xd98a3
 .debug_str     0x0000000000000000       0x83 D:/Vivado/Vitis/2020.1/gnu/aarch64/nt/aarch64-none/bin//../aarch64-xilinx-elf/usr/lib64/crt0.o
 .debug_str     0x0000000000000083    0xc048a ./src/psu_init.o
                                      0xc0722 (size before relaxing)
 .debug_str     0x00000000000c050d     0xa135 ./src/xfsbl_authentication.o
                                      0x23976 (size before relaxing)
 .debug_str     0x00000000000ca642       0x34 ./src/xfsbl_board.o
                                      0x1ed37 (size before relaxing)
 .debug_str     0x00000000000ca676      0x13c ./src/xfsbl_bs.o
                                      0x217b0 (size before relaxing)
 .debug_str     0x00000000000ca7b2       0x4f ./src/xfsbl_csu_dma.o
                                      0x1ff7e (size before relaxing)
 .debug_str     0x00000000000ca801       0x18 ./src/xfsbl_ddr_init.o
                                      0x1ed14 (size before relaxing)
 .debug_str     0x00000000000ca819       0x18 ./src/xfsbl_dfu_util.o
                                      0x1ed14 (size before relaxing)
 .debug_str     0x00000000000ca831       0x14 ./src/xfsbl_exit.o
                                         0x6d (size before relaxing)
 .debug_str     0x00000000000ca845      0x4e8 ./src/xfsbl_handoff.o
                                      0xc87bd (size before relaxing)
 .debug_str     0x00000000000cad2d       0x75 ./src/xfsbl_hooks.o
                                      0xc565d (size before relaxing)
 .debug_str     0x00000000000cada2      0x291 ./src/xfsbl_image_header.o
                                      0x20088 (size before relaxing)
 .debug_str     0x00000000000cb033      0xd52 ./src/xfsbl_initialization.o
                                      0x244e6 (size before relaxing)
 .debug_str     0x00000000000cbd85     0x1a77 ./src/xfsbl_main.o
                                      0x22259 (size before relaxing)
 .debug_str     0x00000000000cd7fc      0x280 ./src/xfsbl_misc.o
                                      0x20774 (size before relaxing)
 .debug_str     0x00000000000cda7c     0x1006 ./src/xfsbl_misc_drivers.o
                                      0x1fde0 (size before relaxing)
 .debug_str     0x00000000000cea82       0x14 ./src/xfsbl_nand.o
                                      0x1ed10 (size before relaxing)
 .debug_str     0x00000000000cea96      0x56c ./src/xfsbl_partition_load.o
                                      0xca6e6 (size before relaxing)
 .debug_str     0x00000000000cf002      0x4cd ./src/xfsbl_plpartition_valid.o
                                      0x23e87 (size before relaxing)
 .debug_str     0x00000000000cf4cf     0x5783 ./src/xfsbl_qspi.o
                                      0x24ea1 (size before relaxing)
 .debug_str     0x00000000000d4c52       0x43 ./src/xfsbl_rsa_sha.o
                                      0x2334e (size before relaxing)
 .debug_str     0x00000000000d4c95       0x12 ./src/xfsbl_sd.o
                                      0x20330 (size before relaxing)
 .debug_str     0x00000000000d4ca7       0x13 ./src/xfsbl_usb.o
                                      0x1ed0f (size before relaxing)
 .debug_str     0x00000000000d4cba      0x262 C:\Users\txzing\AppData\Local\Temp\cc908okN.debug.temp.o
                                        0x921 (size before relaxing)
 .debug_str     0x00000000000d4f1c       0x24 C:\Users\txzing\AppData\Local\Temp\ccGkwZZ7.debug.temp.o
                                        0x64b (size before relaxing)
 .debug_str     0x00000000000d4f40       0x60 C:\Users\txzing\AppData\Local\Temp\cc59TE2s.debug.temp.o
                                        0x72a (size before relaxing)
 .debug_str     0x00000000000d4fa0      0x186 C:\Users\txzing\AppData\Local\Temp\ccaZKS0N.debug.temp.o
                                        0x7da (size before relaxing)
 .debug_str     0x00000000000d5126       0x10 C:\Users\txzing\AppData\Local\Temp\ccPOSlY7.debug.temp.o
                                        0x662 (size before relaxing)
 .debug_str     0x00000000000d5136        0xc C:\Users\txzing\AppData\Local\Temp\ccgVwx9r.debug.temp.o
                                        0x63c (size before relaxing)
 .debug_str     0x00000000000d5142      0x29a C:\Users\txzing\AppData\Local\Temp\cct6mKfM.debug.temp.o
                                        0xa57 (size before relaxing)
 .debug_str     0x00000000000d53dc      0x1a8 C:\Users\txzing\AppData\Local\Temp\ccyHyGz6.debug.temp.o
                                        0xa0b (size before relaxing)
 .debug_str     0x00000000000d5584       0x26 C:\Users\txzing\AppData\Local\Temp\ccH2wo3q.debug.temp.o
                                        0x67e (size before relaxing)
 .debug_str     0x00000000000d55aa       0x7d C:\Users\txzing\AppData\Local\Temp\cc8MFBsL.debug.temp.o
                                        0x8cd (size before relaxing)
 .debug_str     0x00000000000d5627        0xd C:\Users\txzing\AppData\Local\Temp\ccHJ2TP4.debug.temp.o
                                        0x657 (size before relaxing)
 .debug_str     0x00000000000d5634       0xb7 C:\Users\txzing\AppData\Local\Temp\cc2WVUqo.debug.temp.o
                                        0x926 (size before relaxing)
 .debug_str     0x00000000000d56eb       0xcc C:\Users\txzing\AppData\Local\Temp\ccjyuwXH.debug.temp.o
                                        0x2e2 (size before relaxing)
 .debug_str     0x00000000000d57b7       0x7b C:\Users\txzing\AppData\Local\Temp\ccK4XrI1.debug.temp.o
                                        0x247 (size before relaxing)
 .debug_str     0x00000000000d5832      0x149 C:\Users\txzing\AppData\Local\Temp\ccPxDVol.debug.temp.o
                                        0x793 (size before relaxing)
 .debug_str     0x00000000000d597b       0x1b C:\Users\txzing\AppData\Local\Temp\ccOpPAiF.debug.temp.o
                                        0x5e7 (size before relaxing)
 .debug_str     0x00000000000d5996      0x145 C:\Users\txzing\AppData\Local\Temp\ccJFGQ7Y.debug.temp.o
                                        0x78d (size before relaxing)
 .debug_str     0x00000000000d5adb       0x23 C:\Users\txzing\AppData\Local\Temp\ccsNM24h.debug.temp.o
                                        0x639 (size before relaxing)
 .debug_str     0x00000000000d5afe        0xa C:\Users\txzing\AppData\Local\Temp\ccbVSe2A.debug.temp.o
                                        0x1b0 (size before relaxing)
 .debug_str     0x00000000000d5b08      0x12c C:\Users\txzing\AppData\Local\Temp\ccKdLvbU.debug.temp.o
                                        0x739 (size before relaxing)
 .debug_str     0x00000000000d5c34       0x17 C:\Users\txzing\AppData\Local\Temp\cch7Axud.debug.temp.o
                                        0x609 (size before relaxing)
 .debug_str     0x00000000000d5c4b       0xd1 C:\Users\txzing\AppData\Local\Temp\cceCH5Iw.debug.temp.o
                                        0x668 (size before relaxing)
 .debug_str     0x00000000000d5d1c        0xc C:\Users\txzing\AppData\Local\Temp\ccjpJnCT.debug.temp.o
                                        0x625 (size before relaxing)
 .debug_str     0x00000000000d5d28       0x5c C:\Users\txzing\AppData\Local\Temp\ccqRtqJg.debug.temp.o
                                        0x6e7 (size before relaxing)
 .debug_str     0x00000000000d5d84       0x30 C:\Users\txzing\AppData\Local\Temp\cchFDeOD.debug.temp.o
                                        0x621 (size before relaxing)
 .debug_str     0x00000000000d5db4       0x12 C:\Users\txzing\AppData\Local\Temp\ccIZYS20.debug.temp.o
                                        0x5c9 (size before relaxing)
 .debug_str     0x00000000000d5dc6       0x44 C:\Users\txzing\AppData\Local\Temp\cc3EI7co.debug.temp.o
                                        0x660 (size before relaxing)
 .debug_str     0x00000000000d5e0a       0x49 C:\Users\txzing\AppData\Local\Temp\ccoksmnL.debug.temp.o
                                        0x24b (size before relaxing)
 .debug_str     0x00000000000d5e53      0x247 C:\Users\txzing\AppData\Local\Temp\ccp3MKK8.debug.temp.o
 .debug_str     0x00000000000d5e53      0x102 C:\Users\txzing\AppData\Local\Temp\cck7vJ3v.debug.temp.o
                                        0x731 (size before relaxing)
 .debug_str     0x00000000000d5f55      0x1e9 C:\Users\txzing\AppData\Local\Temp\ccpQDDsS.debug.temp.o
                                        0xc0c (size before relaxing)
 .debug_str     0x00000000000d613e       0xed C:\Users\txzing\AppData\Local\Temp\ccaze6Me.debug.temp.o
                                        0x7e3 (size before relaxing)
 .debug_str     0x00000000000d622b      0x108 C:\Users\txzing\AppData\Local\Temp\ccXWxjlB.debug.temp.o
                                        0x9b0 (size before relaxing)
 .debug_str     0x00000000000d6333      0x157 C:\Users\txzing\AppData\Local\Temp\ccYjZgMX.debug.temp.o
                                        0x889 (size before relaxing)
 .debug_str     0x00000000000d648a       0x36 C:\Users\txzing\AppData\Local\Temp\cc91IRqk.debug.temp.o
                                        0x665 (size before relaxing)
 .debug_str     0x00000000000d64c0      0x247 C:\Users\txzing\AppData\Local\Temp\cciRWlfH.debug.temp.o
 .debug_str     0x00000000000d64c0      0xa30 C:\Users\txzing\AppData\Local\Temp\cc5CmoZ3.debug.temp.o
                                        0xe5a (size before relaxing)
 .debug_str     0x00000000000d6ef0     0x20ba C:\Users\txzing\AppData\Local\Temp\ccqOswMp.debug.temp.o
                                       0x3592 (size before relaxing)
 .debug_str     0x00000000000d8faa      0x648 C:\Users\txzing\AppData\Local\Temp\ccx4KFuL.debug.temp.o
                                       0x1ff0 (size before relaxing)
 .debug_str     0x00000000000d95f2      0x10d C:\Users\txzing\AppData\Local\Temp\ccqBzxq7.debug.temp.o
                                        0xb48 (size before relaxing)
 .debug_str     0x00000000000d96ff       0x6c C:\Users\txzing\AppData\Local\Temp\ccPGbigt.debug.temp.o
                                        0xb62 (size before relaxing)
 .debug_str     0x00000000000d976b      0x247 C:\Users\txzing\AppData\Local\Temp\cciuNNjP.debug.temp.o
 .debug_str     0x00000000000d976b       0xa8 C:/Users/txzing/Desktop/test_for_2cg/golden/vitis/sdk_workspace/system_wrapper/export/system_wrapper/sw/system_wrapper/fsbl_domain/bsplib/lib\libxil.a(asm_vectors.o)
                                         0xb6 (size before relaxing)
 .debug_str     0x00000000000d9813        0x7 C:/Users/txzing/Desktop/test_for_2cg/golden/vitis/sdk_workspace/system_wrapper/export/system_wrapper/sw/system_wrapper/fsbl_domain/bsplib/lib\libxil.a(boot.o)
                                         0xaf (size before relaxing)
 .debug_str     0x00000000000d981a        0xb C:/Users/txzing/Desktop/test_for_2cg/golden/vitis/sdk_workspace/system_wrapper/export/system_wrapper/sw/system_wrapper/fsbl_domain/bsplib/lib\libxil.a(xil-crt0.o)
                                         0xb3 (size before relaxing)
 .debug_str     0x00000000000d9825       0x7e C:/Users/txzing/Desktop/test_for_2cg/golden/vitis/sdk_workspace/system_wrapper/export/system_wrapper/sw/system_wrapper/fsbl_domain/bsplib/lib\libxil.a(_exit.o)
                                        0x1a4 (size before relaxing)

.debug_loc      0x0000000000000000    0x1542b
 .debug_loc     0x0000000000000000     0x10d8 ./src/psu_init.o
 .debug_loc     0x00000000000010d8     0x1817 ./src/xfsbl_authentication.o
 .debug_loc     0x00000000000028ef      0x9fc ./src/xfsbl_bs.o
 .debug_loc     0x00000000000032eb       0x89 ./src/xfsbl_csu_dma.o
 .debug_loc     0x0000000000003374     0x3827 ./src/xfsbl_handoff.o
 .debug_loc     0x0000000000006b9b       0xde ./src/xfsbl_hooks.o